dsp_macro__xdcDup__88: array__GB11, 
dsp_macro__xdcDup__157: array__GB11, array__GB7, 
dsp_macro__xdcDup__173: array__GB0, 
dsp_macro__xdcDup__8: array__GB5, 
extram__1: top__GC0, 
partition__19: array__GB3, 
dsp_macro__xdcDup__191: array__GB4, 
partition__35: array__GB11, array__GB8, array__GB6, array__GB4, array__GB3, array__GB0, 
case__218: array__GB9, 
int8_pe__xdcDup__173: array__GB8, 
case__104: array__GB8, array__GB6, array__GB4, 
partition__26: array__GB11, array__GB8, array__GB6, array__GB4, array__GB3, array__GB0, 
partition__15: array__GB3, 
int8_pe__xdcDup__68: array__GB4, 
dsp_macro__xdcDup__22: array__GB5, 
case__266: array__GB11, 
dsp_macro__xdcDup__150: array__GB6, 
case__158: array__GB8, array__GB4, 
partition__13: array__GB3, 
dsp_macro__xdcDup__106: array__GB4, 
int8_pe__xdcDup__36: array__GB11, 
int8_pe__xdcDup__65: array__GB0, 
dsp_macro__xdcDup__93: array__GB4, 
dsp_macro__xdcDup__48: array__GB2, 
dsp_macro__xdcDup__109: array__GB6, 
case__423: array__GB10, 
int8_pe__xdcDup__101: array__GB6, 
case__373: array__GB13, 
array__GB12: array__GB12, 
int8_pe__xdcDup__168: array__GB6, 
partition__50: array__GB11, array__GB8, array__GB6, array__GB4, array__GB0, 
case__308: array__GB12, 
dsp_macro__xdcDup__181: array__GB8, 
reg__7: array__GB7, array__GB1, 
int8_pe__xdcDup__148: array__GB11, 
dsp_macro__xdcDup__69: array__GB9, 
int8_pe__xdcDup__30: array__GB11, 
dsp_macro__xdcDup__126: array__GB8, 
partition__58: array__GB11, array__GB8, array__GB6, array__GB4, array__GB0, 
int8_pe__xdcDup__181: array__GB4, 
partition__93: array__GB11, array__GB8, array__GB4, 
partition__45: array__GB11, array__GB8, array__GB6, array__GB4, array__GB0, 
partition__27: array__GB11, array__GB8, array__GB6, array__GB4, array__GB3, array__GB0, 
dsp_macro__xdcDup__41: array__GB9, 
case__190: array__GB6, 
int8_pe__xdcDup__59: array__GB6, 
datapath__34: array__GB3, 
int8_pe__xdcDup__69: array__GB4, 
dsp_macro__xdcDup__57: array__GB5, 
case__288: array__GB9, 
partition__85: array__GB11, array__GB8, array__GB6, array__GB4, array__GB0, 
case__113: array__GB8, array__GB6, array__GB4, array__GB2, 
dsp_macro__xdcDup__27: array__GB9, 
dsp_macro__xdcDup__120: array__GB4, 
dsp_macro__xdcDup__143: array__GB11, 
int8_pe__xdcDup__102: array__GB8, 
partition__89: array__GB11, array__GB8, array__GB6, array__GB4, array__GB0, 
dsp_macro__xdcDup__163: array__GB4, 
dsp_macro__xdcDup__12: array__GB8, 
partition__74: array__GB11, array__GB8, array__GB6, array__GB4, array__GB0, 
dsp_macro__xdcDup__156: array__GB11, 
dsp_macro__xdcDup__81: array__GB6, 
int8_pe__xdcDup__111: array__GB4, 
partition__31: array__GB11, array__GB8, array__GB6, array__GB4, array__GB3, array__GB0, 
dsp_macro__xdcDup__42: array__GB10, 
partition__53: array__GB11, array__GB8, array__GB6, array__GB4, array__GB0, 
partition__69: array__GB11, array__GB8, array__GB6, array__GB4, array__GB0, 
partition__87: array__GB11, array__GB8, array__GB6, array__GB4, array__GB0, 
dsp_macro__xdcDup__99: array__GB2, 
dsp_macro__xdcDup__56: array__GB10, 
datapath__66: array__GB4, 
partition__78: array__GB11, array__GB8, array__GB6, array__GB4, array__GB0, 
dsp_macro__xdcDup__14: array__GB10, 
case__78: array__GB9, 
case__135: array__GB11, array__GB0, 
int8_pe__xdcDup__189: array__GB11, 
dsp_macro__xdcDup__28: array__GB10, 
int8_pe__xdcDup__16: array__GB11, 
dsp_macro__xdcDup__55: array__GB9, 
int8_pe__xdcDup__47: array__GB8, 
partition__83: array__GB11, array__GB8, array__GB6, array__GB4, array__GB0, 
dsp_macro__xdcDup__72: array__GB12, 
dsp_macro__xdcDup__82: array__GB9, 
partition__86: array__GB11, array__GB8, array__GB6, array__GB4, array__GB0, 
dsp_macro__xdcDup__92: array__GB4, 
int8_pe__xdcDup__70: array__GB6, 
int8_pe__xdcDup__34: array__GB8, 
case__172: array__GB6, 
dsp_macro__xdcDup__101: array__GB11, 
int8_pe__xdcDup__48: array__GB8, 
dsp_macro__xdcDup__134: array__GB4, 
partition__12: array__GB3, 
dsp_macro__xdcDup__1: array__GB3, 
case__363: array__GB10, 
case__77: array__GB8, array__GB6, array__GB4, 
case__243: array__GB1, 
partition__77: array__GB11, array__GB8, array__GB6, array__GB4, array__GB0, 
dsp_macro__xdcDup__17: array__GB13, 
dsp_macro__xdcDup__70: array__GB10, 
case__189: array__GB11, array__GB0, 
case__108: array__GB11, array__GB0, 
int8_pe__xdcDup__125: array__GB4, 
partition__23: array__GB3, 
dsp_macro__xdcDup__35: array__GB3, 
dsp_macro__xdcDup__91: array__GB3, 
int8_pe__xdcDup__157: array__GB6, 
dsp_macro__xdcDup__90: array__GB0, 
dsp_macro__xdcDup__111: array__GB8, 
dsp_macro__xdcDup__25: array__GB6, 
dsp_macro__xdcDup__63: array__GB3, 
case__36: array__GB11, array__GB8, array__GB6, array__GB4, array__GB0, 
partition__20: array__GB3, 
dsp_macro__xdcDup__62: array__GB2, 
partition__60: array__GB11, array__GB8, array__GB6, array__GB4, array__GB0, 
dff__parameterized3: array__GB4, 
top__GC0: top__GC0, 
dsp_macro__xdcDup__80: array__GB7, 
dsp_macro__xdcDup__175: array__GB0, 
dsp_macro__xdcDup__18: array__GB13, 
array__GB7: array__GB7, 
case__388: array__GB1, 
case__83: array__GB10, 
case__208: array__GB6, 
case__117: array__GB11, array__GB0, 
int8_pe__xdcDup__54: array__GB4, 
int8_pe__xdcDup__127: array__GB4, 
int8_pe__xdcDup__143: array__GB6, 
int8_pe__xdcDup__53: array__GB0, 
case__145: array__GB6, 
case__212: array__GB8, array__GB4, 
case__68: array__GB4, 
case__43: array__GB5, 
case__72: array__GB11, array__GB0, 
dsp_macro__xdcDup__130: array__GB11, 
case__233: array__GB13, 
int8_pe__xdcDup__175: array__GB11, 
int8_pe__xdcDup__191: array__GB0, 
case__221: array__GB8, array__GB4, 
dsp_macro__xdcDup__37: array__GB4, 
int8_pe__xdcDup__156: array__GB11, 
dsp_macro__xdcDup__149: array__GB4, 
int8_pe__xdcDup__56: array__GB6, 
dsp_macro__xdcDup__36: array__GB5, 
dsp_macro__xdcDup__40: array__GB8, 
dsp_macro__xdcDup__84: array__GB8, 
int8_pe__xdcDup__35: array__GB11, 
int8_pe__xdcDup__154: array__GB6, 
int8_pe__xdcDup__83: array__GB4, 
partition__24: array__GB6, array__GB3, array__GB0, 
case__38: array__GB1, 
int8_pe__xdcDup__163: array__GB0, 
dsp_macro__xdcDup__60: array__GB13, 
dsp_macro__xdcDup__141: array__GB2, 
case__176: array__GB8, array__GB4, 
partition__71: array__GB11, array__GB8, array__GB6, array__GB4, array__GB0, 
dsp_macro__xdcDup__9: array__GB4, 
int8_pe__xdcDup__152: array__GB4, 
case__198: array__GB11, array__GB0, 
dsp_macro__xdcDup__31: array__GB13, 
partition__90: array__GB11, array__GB8, array__GB4, array__GB0, 
dsp_macro__xdcDup__76: array__GB2, 
case__153: array__GB11, array__GB10, array__GB0, 
partition__52: array__GB11, array__GB8, array__GB6, array__GB4, array__GB0, 
dsp_macro__xdcDup__44: array__GB12, 
dsp_macro__xdcDup__155: array__GB3, 
dsp_macro__xdcDup__139: array__GB8, 
int8_pe__xdcDup__149: array__GB0, 
datapath__32: array__GB3, 
case__168: array__GB13, 
case__173: array__GB13, 
dsp_macro__xdcDup__184: array__GB13, 
int8_pe__xdcDup__19: array__GB8, 
int8_pe__xdcDup__116: array__GB8, 
datapath__88: array__GB6, 
int8_pe__xdcDup__31: array__GB6, 
case__9: array__GB11, array__GB8, array__GB6, array__GB4, array__GB0, 
dsp_macro__xdcDup__78: array__GB4, 
dsp_macro__xdcDup__128: array__GB11, 
dsp_macro__xdcDup__142: array__GB11, 
dsp_macro__xdcDup__96: array__GB10, 
int8_pe__xdcDup__180: array__GB4, 
partition__79: array__GB11, array__GB8, array__GB6, array__GB4, array__GB0, 
int8_pe__xdcDup__193: array__GB0, 
int8_pe__xdcDup__4: array__GB8, 
partition__21: array__GB3, 
partition__47: array__GB11, array__GB8, array__GB6, array__GB4, array__GB0, 
int8_pe__xdcDup__161: array__GB11, 
int8_pe__xdcDup__174: array__GB8, 
dsp_macro__xdcDup__98: array__GB8, 
int8_pe__xdcDup__85: array__GB4, 
partition__65: array__GB11, array__GB8, array__GB6, array__GB4, array__GB0, 
partition__66: array__GB11, array__GB8, array__GB6, array__GB4, array__GB0, 
case__167: array__GB8, array__GB4, 
dsp_macro__xdcDup__68: array__GB8, 
case__163: array__GB12, array__GB6, 
case__54: array__GB11, array__GB8, array__GB6, array__GB4, array__GB0, 
partition__18: array__GB3, 
dsp_macro__xdcDup__190: array__GB4, 
dsp_macro__xdcDup__129: array__GB11, 
case__428: array__GB10, 
dsp_macro__xdcDup__49: array__GB3, 
datapath__6: array__GB7, array__GB1, 
dsp_macro__xdcDup__59: array__GB12, 
dsp_macro__xdcDup__24: array__GB7, 
partition__49: array__GB11, array__GB8, array__GB6, array__GB4, array__GB0, 
dsp_macro__xdcDup__104: array__GB0, 
int8_pe__xdcDup__64: array__GB11, 
dsp_macro__xdcDup__166: array__GB8, 
partition__97: array__GB8, array__GB4, 
dsp_macro__xdcDup__53: array__GB6, 
int8_pe__xdcDup__169: array__GB0, 
int8_pe__xdcDup__23: array__GB0, 
partition__16: array__GB3, 
int8_pe__xdcDup__50: array__GB11, 
dsp_macro__xdcDup__186: array__GB11, 
datapath__64: array__GB4, 
dsp_macro__xdcDup__193: array__GB6, 
dsp_macro__xdcDup__107: array__GB4, 
case__149: array__GB8, array__GB4, 
partition__73: array__GB11, array__GB8, array__GB6, array__GB4, array__GB0, 
partition__62: array__GB11, array__GB8, array__GB6, array__GB4, array__GB0, 
case__126: array__GB11, array__GB0, 
reg__4: array__GB13, array__GB12, array__GB10, array__GB9, array__GB7, array__GB5, array__GB2, array__GB1, 
dsp_macro__xdcDup__131: array__GB0, 
dsp_macro__xdcDup__30: array__GB12, 
case__293: array__GB10, 
dsp_macro__xdcDup__153: array__GB8, 
dsp_macro__xdcDup__195: array__GB8, 
dsp_macro__xdcDup__185: array__GB11, 
partition__36: array__GB11, array__GB8, array__GB6, array__GB4, array__GB3, array__GB0, 
reg__1: top__GC0, 
case__323: array__GB2, 
case__123: array__GB5, 
dsp_macro__xdcDup__183: array__GB9, 
array__GB13: array__GB13, 
int8_pe__xdcDup__44: array__GB11, 
int8_pe__xdcDup__24: array__GB0, 
partition__75: array__GB11, array__GB8, array__GB6, array__GB4, array__GB0, 
dsp_macro__xdcDup__187: array__GB0, 
dsp_macro__xdcDup__108: array__GB6, 
case__223: array__GB10, 
dsp_macro__xdcDup__136: array__GB6, 
partition__28: array__GB11, array__GB8, array__GB6, array__GB4, array__GB3, array__GB0, 
dsp_macro__xdcDup__123: array__GB6, 
dsp_macro__xdcDup__124: array__GB10, 
partition__42: array__GB11, array__GB8, array__GB6, array__GB4, array__GB0, 
dsp_macro__xdcDup__19: array__GB1, 
dsp_macro__xdcDup__132: array__GB0, 
int8_pe__xdcDup__22: array__GB11, 
array__GB2: array__GB2, 
dsp_macro__xdcDup__145: array__GB0, 
dsp_macro__xdcDup__87: array__GB11, 
dsp_macro__xdcDup__52: array__GB7, 
int8_pe__xdcDup__39: array__GB0, 
int8_pe__xdcDup__138: array__GB4, 
dsp_macro__xdcDup__194: array__GB8, 
int8_pe__xdcDup__166: array__GB4, 
partition__34: array__GB11, array__GB8, array__GB6, array__GB4, array__GB3, array__GB0, 
dsp_macro__xdcDup__127: array__GB2, 
dsp_macro__xdcDup__121: array__GB4, 
case__378: array__GB13, 
dsp_macro__xdcDup__125: array__GB8, 
partition__17: array__GB3, 
int8_pe__xdcDup__61: array__GB8, 
case__563: array__GB12, 
dsp_macro__xdcDup__50: array__GB5, 
case__23: array__GB12, 
dsp_macro__xdcDup__161: array__GB0, 
case__86: array__GB8, array__GB6, array__GB4, 
case__333: array__GB5, 
int8_pe__xdcDup__33: array__GB8, 
dsp_macro__xdcDup__110: array__GB10, 
case__358: array__GB9, 
case__193: array__GB5, 
int8_pe__xdcDup__185: array__GB6, 
dsp_macro__xdcDup__6: array__GB2, 
partition__64: array__GB11, array__GB8, array__GB6, array__GB4, array__GB0, 
case__27: array__GB11, array__GB8, array__GB6, array__GB4, array__GB0, 
partition__37: array__GB11, array__GB8, array__GB6, array__GB4, array__GB3, array__GB0, 
partition__25: array__GB11, array__GB6, array__GB3, array__GB0, 
int8_pe__xdcDup__132: array__GB8, 
int8_pe__xdcDup__66: array__GB0, 
partition__43: array__GB11, array__GB8, array__GB6, array__GB4, array__GB0, 
dsp_macro__xdcDup__65: array__GB4, 
dsp_macro__xdcDup__102: array__GB11, 
int8_pe__xdcDup__194: array__GB4, 
partition__44: array__GB11, array__GB8, array__GB6, array__GB4, array__GB0, 
dsp_macro__xdcDup__168: array__GB8, 
int8_pe__xdcDup__38: array__GB0, 
case__393: array__GB2, 
int8_pe__xdcDup__27: array__GB4, 
dsp_macro__xdcDup__34: array__GB2, 
int8_pe__xdcDup__171: array__GB6, 
dsp_macro__xdcDup__170: array__GB11, 
partition__59: array__GB11, array__GB8, array__GB6, array__GB4, array__GB0, 
int8_pe__xdcDup__40: array__GB4, 
dsp_macro__xdcDup__116: array__GB11, 
partition__95: array__GB11, array__GB8, array__GB4, 
int8_pe__xdcDup__55: array__GB4, 
partition__80: array__GB11, array__GB8, array__GB6, array__GB4, array__GB0, 
dsp_macro__xdcDup__113: array__GB0, 
dsp_macro__xdcDup__3: array__GB13, 
int8_pe__xdcDup__73: array__GB6, 
dsp_macro__xdcDup__54: array__GB8, 
dsp_macro__xdcDup__7: array__GB3, 
dsp_macro__xdcDup__114: array__GB11, 
logic__13: top__GC0, 
case__1029: top__GC0, 
dsp_macro__xdcDup__58: array__GB12, 
extram: top__GC0, array__GB0, 
case__154: array__GB6, 
dsp_macro__xdcDup__151: array__GB6, 
int8_pe__xdcDup__146: array__GB8, 
dsp_macro__xdcDup__138: array__GB10, 
partition__51: array__GB11, array__GB8, array__GB6, array__GB4, array__GB0, 
case__90: array__GB11, array__GB0, 
dsp_macro__xdcDup__169: array__GB3, 
dsp_macro__xdcDup__45: array__GB13, 
dsp_macro__xdcDup__144: array__GB11, 
int8_pe__xdcDup__162: array__GB11, 
partition__29: array__GB11, array__GB8, array__GB6, array__GB4, array__GB3, array__GB0, 
int8_pe__xdcDup__153: array__GB4, 
dsp_macro__xdcDup__119: array__GB0, 
reg__6: array__GB7, array__GB2, array__GB1, 
int8_pe__xdcDup__188: array__GB8, 
reg__5: array__GB13, array__GB12, array__GB10, array__GB9, array__GB7, array__GB5, array__GB2, array__GB1, 
dsp_macro__xdcDup__118: array__GB0, 
partition__55: array__GB11, array__GB8, array__GB6, array__GB4, array__GB0, 
dsp_macro__xdcDup__23: array__GB4, 
dsp_macro__xdcDup__189: array__GB0, 
dsp_macro__xdcDup__29: array__GB4, 
int8_pe__xdcDup__51: array__GB0, 
int8_pe__xdcDup__62: array__GB8, 
dsp_macro__xdcDup__180: array__GB8, 
dsp_macro__xdcDup__137: array__GB6, 
case__122: array__GB8, array__GB6, array__GB4, 
partition__61: array__GB11, array__GB8, array__GB6, array__GB4, array__GB0, 
dsp_macro__xdcDup__20: array__GB2, 
dsp_macro__xdcDup__164: array__GB6, 
int8_pe__xdcDup__160: array__GB8, 
dsp_macro__xdcDup__73: array__GB12, 
int8_pe__xdcDup__145: array__GB8, 
int8_pe__xdcDup__3: array__GB6, 
case__253: array__GB5, 
partition__96: array__GB8, array__GB4, 
case__272: array__GB9, 
int8_pe__xdcDup__195: array__GB4, 
case__199: array__GB6, 
int8_pe__xdcDup__97: array__GB4, 
int8_pe__xdcDup__134: array__GB11, 
datapath__98: array__GB8, 
dsp_macro__xdcDup__15: array__GB5, 
dsp_macro__xdcDup__83: array__GB9, 
int8_pe__xdcDup__45: array__GB6, 
case__648: array__GB2, 
dsp_macro__xdcDup__95: array__GB6, 
dsp_macro__xdcDup__177: array__GB4, 
case__162: array__GB11, array__GB0, 
int8_pe__xdcDup__177: array__GB0, 
dsp_macro__xdcDup__74: array__GB11, 
dsp_macro__xdcDup__154: array__GB8, 
partition__57: array__GB11, array__GB8, array__GB6, array__GB4, array__GB0, 
partition__91: array__GB11, array__GB8, array__GB4, array__GB0, 
case__103: array__GB13, 
dsp_macro__xdcDup__4: array__GB13, 
int8_pe__xdcDup__184: array__GB11, 
dsp_macro__xdcDup__47: array__GB1, 
partition__48: array__GB11, array__GB8, array__GB6, array__GB4, array__GB0, 
int8_pe__xdcDup__129: array__GB6, 
dsp_macro__xdcDup__66: array__GB7, 
case__53: array__GB5, 
dsp_macro__xdcDup__75: array__GB1, 
dsp_macro__xdcDup__39: array__GB6, 
array__GB10: array__GB10, 
dsp_macro__xdcDup__159: array__GB0, 
dsp_macro__xdcDup__188: array__GB0, 
datapath__96: array__GB8, 
dsp_macro: array__GB8, 
int8_pe__xdcDup__115: array__GB6, 
int8_pe__xdcDup__74: array__GB8, 
case__181: array__GB6, 
array__GB5: array__GB5, 
dsp_macro__xdcDup__71: array__GB4, 
dsp_macro__xdcDup__67: array__GB6, 
dsp_macro__xdcDup__135: array__GB4, 
int8_pe__xdcDup__52: array__GB0, 
dsp_macro__xdcDup__103: array__GB0, 
int8_pe__xdcDup__49: array__GB11, 
int8_pe__xdcDup__20: array__GB8, 
int8_pe__xdcDup__13: array__GB4, 
int8_pe__xdcDup__150: array__GB0, 
int8_pe__xdcDup__67: array__GB0, 
dsp_macro__xdcDup__46: array__GB13, 
dsp_macro__xdcDup__100: array__GB11, 
int8_pe__xdcDup__60: array__GB8, 
partition__67: array__GB11, array__GB8, array__GB6, array__GB4, array__GB0, 
logic__5: top__GC0, 
dsp_macro__xdcDup__152: array__GB10, 
case__95: array__GB8, array__GB6, array__GB4, 
case__180: array__GB11, array__GB0, 
datapath__90: array__GB6, 
dsp_macro__xdcDup__178: array__GB6, 
dsp_macro__xdcDup__179: array__GB6, 
dsp_macro__xdcDup__43: array__GB5, 
datapath__36: array__GB3, 
int8_pe__xdcDup__170: array__GB11, 
dsp_macro__xdcDup__112: array__GB8, 
case__19: array__GB13, array__GB12, array__GB10, array__GB9, array__GB7, array__GB5, array__GB2, array__GB1, 
case__238: array__GB13, 
int8_pe__xdcDup__46: array__GB8, 
dsp_macro__xdcDup__117: array__GB0, 
partition__14: array__GB3, 
dsp_macro__xdcDup__89: array__GB0, 
case__18: array__GB11, array__GB8, array__GB6, array__GB4, array__GB0, 
int8_pe__xdcDup__17: array__GB6, 
int8_pe__xdcDup__41: array__GB4, 
partition__68: array__GB11, array__GB8, array__GB6, array__GB4, array__GB0, 
int8_pe__xdcDup__176: array__GB11, 
partition: array__GB11, array__GB8, array__GB7, array__GB6, array__GB4, array__GB3, array__GB0, 
case__203: array__GB8, array__GB4, 
dsp_macro__xdcDup__2: array__GB12, 
partition__46: array__GB11, array__GB8, array__GB6, array__GB4, array__GB0, 
int8_pe__xdcDup__88: array__GB8, 
dsp_macro__xdcDup__11: array__GB6, 
dsp_macro__xdcDup__147: array__GB0, 
dsp_macro_wrapper__xdcDup__25: array__GB3, 
int8_pe__xdcDup__167: array__GB4, 
partition__41: array__GB11, array__GB8, array__GB6, array__GB4, array__GB0, 
dsp_macro__xdcDup__158: array__GB11, 
dsp_macro__xdcDup__105: array__GB3, 
case__633: array__GB10, 
dsp_macro__xdcDup__77: array__GB3, 
dsp_macro__xdcDup__10: array__GB7, 
case__171: array__GB11, array__GB0, 
dsp_macro__xdcDup__140: array__GB8, 
int8_pe__xdcDup__141: array__GB6, 
dsp_macro__xdcDup__160: array__GB0, 
partition__38: array__GB11, array__GB8, array__GB6, array__GB4, array__GB3, array__GB0, 
dsp_macro__xdcDup__38: array__GB7, 
int8_pe__xdcDup__142: array__GB11, 
dsp_macro__xdcDup__182: array__GB8, 
int8_pe__xdcDup__25: array__GB0, 
partition__33: array__GB11, array__GB8, array__GB6, array__GB4, array__GB3, array__GB0, 
dsp_macro__xdcDup__146: array__GB0, 
reg__2: top__GC0, array__GB13, array__GB12, array__GB10, array__GB9, array__GB5, array__GB2, array__GB1, 
dsp_macro__xdcDup__13: array__GB9, 
dsp_macro__xdcDup__165: array__GB6, 
int8_pe__xdcDup__21: array__GB11, 
dff_enbl__parameterized0: array__GB2, 
dsp_macro__xdcDup__86: array__GB11, 
partition__88: array__GB11, array__GB8, array__GB6, array__GB4, array__GB0, 
dsp_macro__xdcDup__64: array__GB5, 
partition__82: array__GB11, array__GB8, array__GB6, array__GB4, array__GB0, 
dsp_macro__xdcDup__97: array__GB8, 
dsp_macro__xdcDup__16: array__GB12, 
partition__22: array__GB3, 
int8_pe__xdcDup__192: array__GB0, 
partition__72: array__GB11, array__GB8, array__GB6, array__GB4, array__GB0, 
case__99: array__GB11, array__GB0, 
case: array__GB11, array__GB8, array__GB6, array__GB4, array__GB0, 
partition__70: array__GB11, array__GB8, array__GB6, array__GB4, array__GB0, 
dsp_macro__xdcDup__148: array__GB4, 
dff_enbl: array__GB9, array__GB6, 
int8_pe__xdcDup__182: array__GB6, 
mul__xdcDup__24: array__GB8, 
case__933: array__GB13, 
int8_pe__xdcDup__26: array__GB4, 
int8_pe__xdcDup__87: array__GB6, 
case__144: array__GB11, array__GB0, 
dsp_macro__xdcDup__79: array__GB4, 
partition__30: array__GB11, array__GB8, array__GB6, array__GB4, array__GB3, array__GB0, 
int8_pe: array__GB6, 
case__508: array__GB5, 
case__928: array__GB9, 
dsp_macro__xdcDup__85: array__GB6, 
dsp_macro__xdcDup__5: array__GB1, 
dsp_macro__xdcDup__51: array__GB4, 
case__194: array__GB8, array__GB4, 
dsp_macro__xdcDup__26: array__GB8, 
dsp_macro__xdcDup__94: array__GB6, 
int8_pe__xdcDup__139: array__GB4, 
int8_pe__xdcDup__190: array__GB11, 
case__140: array__GB8, array__GB4, 
case__207: array__GB11, 
array__GB9: array__GB9, 
dsp_macro__xdcDup__162: array__GB4, 
dsp_macro__xdcDup__174: array__GB0, 
dsp_macro__xdcDup__133: array__GB0, 
partition__84: array__GB11, array__GB8, array__GB6, array__GB4, array__GB0, 
partition__81: array__GB11, array__GB8, array__GB6, array__GB4, array__GB0, 
case__703: array__GB10, 
int8_pe__xdcDup__187: array__GB8, 
case__718: array__GB2, 
partition__56: array__GB11, array__GB8, array__GB6, array__GB4, array__GB0, 
dsp_macro__xdcDup__167: array__GB8, 
partition__92: array__GB11, array__GB8, array__GB4, 
int8_pe__xdcDup__32: array__GB8, 
int8_pe__xdcDup__159: array__GB8, 
int8_pe__xdcDup__63: array__GB11, 
dsp_macro__xdcDup__171: array__GB11, 
dsp_macro__xdcDup__33: array__GB1, 
int8_pe__xdcDup__164: array__GB0, 
partition__76: array__GB11, array__GB8, array__GB6, array__GB4, array__GB0, 
case__185: array__GB8, array__GB4, 
partition__94: array__GB11, array__GB8, array__GB4, 
case__228: array__GB7, 
datapath__38: array__GB3, 
partition__54: array__GB11, array__GB8, array__GB6, array__GB4, array__GB0, 
case__45: array__GB11, array__GB8, array__GB6, array__GB4, array__GB0, 
case__81: array__GB11, array__GB0, 
dsp_macro__xdcDup__61: array__GB1, 
dsp_macro__xdcDup__122: array__GB6, 
dsp_macro__xdcDup__176: array__GB4, 
int8_pe__xdcDup__147: array__GB11, 
reg__8: top__GC0, array__GB13, array__GB12, array__GB10, array__GB9, array__GB7, array__GB5, array__GB2, array__GB1, 
int8_pe__xdcDup__37: array__GB0, 
case__93: array__GB12, 
dsp_macro__xdcDup__172: array__GB11, 
partition__40: array__GB11, array__GB8, array__GB6, array__GB4, array__GB3, array__GB0, 
int8_pe__xdcDup__179: array__GB0, 
partition__63: array__GB11, array__GB8, array__GB6, array__GB4, array__GB0, 
partition__39: array__GB11, array__GB8, array__GB6, array__GB4, array__GB3, array__GB0, 
dsp_macro__xdcDup__32: array__GB13, 
int8_pe__xdcDup__42: array__GB6, 
int8_pe__xdcDup__178: array__GB0, 
case__131: array__GB8, array__GB6, array__GB4, 
array__GB1: array__GB1, 
case__303: array__GB12, 
case__129: array__GB12, 
int8_pe__xdcDup__28: array__GB6, 
dsp_macro__xdcDup__21: array__GB3, 
dsp_macro__xdcDup__115: array__GB11, 
dsp_macro__xdcDup__192: array__GB6, 
partition__32: array__GB11, array__GB8, array__GB6, array__GB4, array__GB3, array__GB0, 
case__63: array__GB11, array__GB8, array__GB6, array__GB0, 
