dsp_macro__xdcDup__177: dsp_macro__xdcDup__177
extram__63: extram
dsp_macro__xdcDup__111: dsp_macro__xdcDup__111
partition__99: case__43
partition__293: partition__94
extram__74: extram__1
int8_pe__xdcDup__185: int8_pe__xdcDup__185
array__GB10: array__GB10
partition__30: partition__30
int8_pe__xdcDup__3: int8_pe__xdcDup__3
partition__457: partition__95
extram__68: extram
partition__49: partition__49
dsp_macro__xdcDup__150: dsp_macro__xdcDup__150
partition__185: case__363
partition__102: reg__2
partition__240: reg__2
partition__576: partition__41
case__2540: case__131
int8_pe__xdcDup__55: int8_pe__xdcDup__55
partition__540: partition__77
partition__571: partition__46
partition__336: partition__51
partition__261: partition__86
partition__443: partition__34
partition__289: partition__58
dsp_macro__xdcDup__92: dsp_macro__xdcDup__92
partition__539: partition__78
partition__570: partition__47
partition__492: partition__60
partition__408: partition__53
partition__467: partition__85
partition__371: partition__90
case__2537: case__27
partition__432: partition__29
partition__45: partition__45
partition__190: reg__2
partition__117: case__19
partition__69: reg__4
dsp_macro__xdcDup__18: dsp_macro__xdcDup__18
partition__418: partition__43
partition__285: partition__62
int8_pe__xdcDup__159: int8_pe__xdcDup__159
partition__92: case__648
extram__55: extram
partition__59: reg__5
partition__355: partition__32
int8_pe__xdcDup__116: int8_pe__xdcDup__116
partition__269: partition__78
partition__217: reg__2
partition__37: partition__37
partition__230: case__168
int8_pe__xdcDup__70: int8_pe__xdcDup__70
case__2548: case__54
extram__25: extram
partition__500: partition__52
case__145: case__145
partition__271: partition__76
extram__27: extram
int8_pe__xdcDup__66: int8_pe__xdcDup__66
partition__530: partition__87
partition__79: reg__2
dsp_macro__xdcDup__6: dsp_macro__xdcDup__6
case__2501: case__45
partition__580: partition__37
partition__120: case__19
case__2525: case__140
int8_pe__xdcDup__37: int8_pe__xdcDup__37
dsp_macro__xdcDup__182: dsp_macro__xdcDup__182
partition__274: partition__73
partition__591: partition__26
case__2488: case__162
partition__47: partition__47
int8_pe__xdcDup__102: int8_pe__xdcDup__102
int8_pe__xdcDup__111: int8_pe__xdcDup__111
extram: extram
partition__563: partition__54
partition__391: partition__70
int8_pe__xdcDup__192: int8_pe__xdcDup__192
partition__466: partition__86
extram__56: extram
partition__128: case__19
int8_pe__xdcDup__150: int8_pe__xdcDup__150
int8_pe__xdcDup__73: int8_pe__xdcDup__73
datapath__64: datapath__64
partition__142: reg__2
partition__406: partition__55
partition__390: partition__71
partition__401: partition__60
dsp_macro__xdcDup__7: dsp_macro__xdcDup__7
partition__364: partition__97
int8_pe__xdcDup__181: int8_pe__xdcDup__181
int8_pe__xdcDup__194: int8_pe__xdcDup__194
partition__542: partition__75
partition__584: partition__33
case__2553: case__9
partition__363: partition
int8_pe__xdcDup__22: int8_pe__xdcDup__22
case__104: case__104
partition__89: case__113
partition__449: partition__28
partition__545: partition__72
partition__29: partition__29
int8_pe__xdcDup__180: int8_pe__xdcDup__180
partition__349: partition__38
partition__447: partition__30
dsp_macro__xdcDup__59: dsp_macro__xdcDup__59
partition__515: partition__37
partition__342: partition__45
partition__535: partition__82
partition__437: partition__40
partition__423: partition__38
datapath__66: datapath__66
case__2476: case__198
partition__544: partition__73
partition__458: partition__94
int8_pe__xdcDup__188: int8_pe__xdcDup__188
partition__52: partition__52
partition__444: partition__33
partition__38: partition__38
extram__13: extram
dsp_macro__xdcDup__171: dsp_macro__xdcDup__171
case__36: case__36
int8_pe__xdcDup__184: int8_pe__xdcDup__184
partition__146: reg__2
partition__98: reg__2
partition__573: partition__44
partition__19: partition__19
int8_pe__xdcDup__176: int8_pe__xdcDup__176
partition__225: case__19
int8_pe__xdcDup__20: int8_pe__xdcDup__20
partition__546: partition__71
extram__64: extram
partition__424: partition__37
case__2499: case__63
case__2511: case__45
partition__74: reg__8
partition__482: partition__70
partition__564: partition__53
dsp_macro__xdcDup__45: dsp_macro__xdcDup__45
partition__479: partition__73
extram__5: extram
case__2507: case__158
dsp_macro__xdcDup__52: dsp_macro__xdcDup__52
partition__435: partition__26
dsp_macro__xdcDup__33: dsp_macro__xdcDup__33
partition__499: partition__53
partition__50: partition__50
case__2547: case__63
dsp_macro__xdcDup__98: dsp_macro__xdcDup__98
dsp_macro__xdcDup__72: dsp_macro__xdcDup__72
case__149: case__149
partition__493: partition__59
dsp_macro__xdcDup__32: dsp_macro__xdcDup__32
case__194: case__194
datapath__802: reg__2
dsp_macro__xdcDup__172: dsp_macro__xdcDup__172
dsp_macro__xdcDup__4: dsp_macro__xdcDup__4
partition__335: partition__52
partition__433: partition__28
partition__475: partition__77
partition__244: reg__1
partition__231: case__19
dsp_macro__xdcDup__125: dsp_macro__xdcDup__125
int8_pe__xdcDup__139: int8_pe__xdcDup__139
dsp_macro__xdcDup__123: dsp_macro__xdcDup__123
dsp_macro__xdcDup__108: dsp_macro__xdcDup__108
partition__445: partition__32
dsp_macro__xdcDup__173: dsp_macro__xdcDup__173
dsp_macro__xdcDup__83: dsp_macro__xdcDup__83
int8_pe__xdcDup__115: int8_pe__xdcDup__115
int8_pe__xdcDup__149: int8_pe__xdcDup__149
partition__189: case__19
partition__91: reg__2
dsp_macro__xdcDup__50: dsp_macro__xdcDup__50
case__2544: case__95
dsp_macro__xdcDup__75: dsp_macro__xdcDup__75
dsp_macro__xdcDup__191: dsp_macro__xdcDup__191
partition__410: partition__51
top__GC0: top__GC0
dsp_macro__xdcDup__102: dsp_macro__xdcDup__102
partition__221: case__378
int8_pe__xdcDup__4: int8_pe__xdcDup__4
case__2510: case__54
case__2515: case__9
partition__333: partition__54
partition__337: partition__50
case__199: case__199
dsp_macro__xdcDup__155: dsp_macro__xdcDup__155
dsp_macro__xdcDup__130: dsp_macro__xdcDup__130
datapath__912: reg__4
partition__93: case__19
partition__292: partition__95
case__2482: case__18
partition__562: partition__55
partition__491: partition__61
dsp_macro__xdcDup__110: dsp_macro__xdcDup__110
partition__375: partition__86
extram__8: extram
int8_pe__xdcDup__61: int8_pe__xdcDup__61
dsp_macro__xdcDup__166: dsp_macro__xdcDup__166
partition__28: partition__28
extram__29: extram
datapath__894: reg__8
partition__148: case__19
partition: case__243
partition__551: partition__66
partition__111: case__19
case__135: case__135
int8_pe__xdcDup__67: int8_pe__xdcDup__67
dsp_macro__xdcDup__116: dsp_macro__xdcDup__116
array__GB4: dff__parameterized3
dsp_macro__xdcDup__2: dsp_macro__xdcDup__2
partition__175: reg__2
int8_pe__xdcDup__28: int8_pe__xdcDup__28
partition__519: partition__33
int8_pe__xdcDup__173: int8_pe__xdcDup__173
partition__232: reg__2
int8_pe__xdcDup__48: int8_pe__xdcDup__48
partition__114: case__19
partition__316: partition__71
partition__409: partition__52
partition__469: partition__83
partition__308: partition__79
extram__53: extram
partition__178: reg__2
int8_pe__xdcDup__157: int8_pe__xdcDup__157
extram__10: extram
partition__202: case__308
partition__414: partition__47
case__2497: case__81
partition__174: case__19
partition__184: reg__2
partition__548: partition__69
dsp_macro__xdcDup__77: dsp_macro__xdcDup__77
datapath__858: reg__5
partition__267: partition__80
dsp_macro__xdcDup__136: dsp_macro__xdcDup__136
partition__183: case__19
partition__460: partition__92
partition__508: partition__44
partition__287: partition__60
partition__258: partition__89
partition__253: logic__5
dsp_macro__xdcDup__28: dsp_macro__xdcDup__28
partition__476: partition__76
partition__259: partition__88
partition__167: case__19
dsp_macro__xdcDup__153: dsp_macro__xdcDup__153
partition__365: partition__96
partition__558: partition__59
partition__300: partition__87
partition__179: case__223
case__95: case__95
partition__273: partition__74
partition__442: partition__35
dsp_macro__xdcDup__15: dsp_macro__xdcDup__15
partition__317: partition__70
dsp_macro__xdcDup__145: dsp_macro__xdcDup__145
extram__28: extram
extram__34: extram
partition__209: case__19
dsp_macro__xdcDup__129: dsp_macro__xdcDup__129
dsp_macro__xdcDup__68: dsp_macro__xdcDup__68
case__2513: case__27
partition__586: partition__31
case__2521: case__185
dsp_macro__xdcDup__170: dsp_macro__xdcDup__170
partition__286: partition__61
partition__341: partition__46
extram__18: extram
partition__32: partition__32
partition__131: reg__6
int8_pe__xdcDup__68: int8_pe__xdcDup__68
partition__346: partition__41
partition__266: partition__81
extram__50: extram
int8_pe__xdcDup__23: int8_pe__xdcDup__23
extram__3: extram
partition__226: reg__2
partition__169: reg__2
partition__94: case__19
int8_pe__xdcDup__69: int8_pe__xdcDup__69
partition__249: reg__2
int8_pe__xdcDup__88: int8_pe__xdcDup__88
int8_pe__xdcDup__163: int8_pe__xdcDup__163
case__2542: case__113
partition__250: reg__1
partition__427: partition__34
partition__516: partition__36
dsp_macro__xdcDup__79: dsp_macro__xdcDup__79
extram__71: extram__1
partition__384: partition__77
case__171: case__171
dsp_macro__xdcDup__131: dsp_macro__xdcDup__131
int8_pe__xdcDup__191: int8_pe__xdcDup__191
case__2535: case__45
partition__141: case__19
dsp_macro__xdcDup__169: dsp_macro__xdcDup__169
partition__68: reg__4
partition__338: partition__49
partition__14: partition__14
dsp_macro__xdcDup__164: dsp_macro__xdcDup__164
partition__481: partition__71
int8_pe__xdcDup__60: int8_pe__xdcDup__60
partition__311: partition__76
partition__318: partition__69
partition__270: partition__77
partition__88: reg__2
datapath__882: case__19
partition__39: partition__39
partition__455: partition__97
extram__42: extram
dsp_macro__xdcDup__103: dsp_macro__xdcDup__103
partition__549: partition__68
partition__555: partition__62
partition__208: case__93
partition__554: partition__63
dsp_macro__xdcDup__154: dsp_macro__xdcDup__154
partition__312: partition__75
partition__528: partition__89
partition__78: case__19
partition__332: partition__55
partition__376: partition__85
case__113: case__113
case__2520: case__194
int8_pe__xdcDup__161: int8_pe__xdcDup__161
dsp_macro__xdcDup__112: dsp_macro__xdcDup__112
dsp_macro__xdcDup__127: dsp_macro__xdcDup__127
partition__521: partition__31
dsp_macro__xdcDup__31: dsp_macro__xdcDup__31
dsp_macro__xdcDup__184: dsp_macro__xdcDup__184
dsp_macro__xdcDup__151: dsp_macro__xdcDup__151
datapath__790: reg__4
dsp_macro__xdcDup__137: dsp_macro__xdcDup__137
int8_pe__xdcDup__63: int8_pe__xdcDup__63
dsp_macro__xdcDup__40: dsp_macro__xdcDup__40
partition__23: partition__23
partition__245: reg__2
extram__73: extram__1
partition__314: partition__73
case__2541: case__122
partition__496: partition__56
dsp_macro__xdcDup__144: dsp_macro__xdcDup__144
dsp_macro__xdcDup__159: dsp_macro__xdcDup__159
partition__122: case__228
case__2518: case__212
partition__538: partition__79
extram__59: extram
dsp_macro__xdcDup__132: dsp_macro__xdcDup__132
partition__451: partition__26
partition__295: partition__92
datapath__910: reg__5
extram__32: extram
partition__25: partition__25
case__2539: case
partition__473: partition__79
partition__264: partition__83
partition__218: case__373
partition__502: partition__50
case__2480: case__117
extram__44: extram
partition__334: partition__53
int8_pe__xdcDup__59: int8_pe__xdcDup__59
int8_pe__xdcDup__50: int8_pe__xdcDup__50
extram__43: extram
partition__61: case__19
dsp_macro__xdcDup__13: dsp_macro__xdcDup__13
datapath__1044: reg__4
case__2530: case__95
dsp_macro__xdcDup__11: dsp_macro__xdcDup__11
int8_pe__xdcDup__170: int8_pe__xdcDup__170
partition__416: partition__45
partition__57: case__19
partition__421: partition__40
case__2517: case__221
int8_pe__xdcDup__142: int8_pe__xdcDup__142
partition__309: partition__78
dsp_macro__xdcDup__195: dsp_macro__xdcDup__195
int8_pe__xdcDup__38: int8_pe__xdcDup__38
partition__238: case__19
partition__356: partition__31
partition__465: partition__87
int8_pe__xdcDup__129: int8_pe__xdcDup__129
case__154: case__154
case__2526: case__131
partition__354: partition__33
partition__386: partition__75
dsp_macro__xdcDup__51: dsp_macro__xdcDup__51
partition__195: reg__2
partition__463: partition__89
dsp_macro__xdcDup__183: dsp_macro__xdcDup__183
dsp_macro__xdcDup__186: dsp_macro__xdcDup__186
partition__51: partition__51
extram__61: extram
extram__17: extram
case__90: case__90
partition__96: case__393
dsp_macro__xdcDup__16: dsp_macro__xdcDup__16
dsp_macro__xdcDup__187: dsp_macro__xdcDup__187
extram__30: extram
partition__210: reg__2
partition__524: partition__28
dsp_macro__xdcDup__160: dsp_macro__xdcDup__160
partition__90: case__19
case__2506: case
partition__172: reg__2
int8_pe__xdcDup__39: int8_pe__xdcDup__39
partition__582: partition__35
dsp_macro__xdcDup__30: dsp_macro__xdcDup__30
int8_pe__xdcDup__160: int8_pe__xdcDup__160
int8_pe__xdcDup__36: int8_pe__xdcDup__36
dsp_macro__xdcDup__97: dsp_macro__xdcDup__97
dsp_macro__xdcDup__1: dsp_macro__xdcDup__1
extram__31: extram
extram__80: extram__1
partition__319: partition__68
partition__77: reg__6
case__2529: case__104
partition__588: partition__29
partition__223: reg__2
int8_pe__xdcDup__132: int8_pe__xdcDup__132
partition__472: partition__80
int8_pe__xdcDup__101: int8_pe__xdcDup__101
dsp_macro__xdcDup__165: dsp_macro__xdcDup__165
partition__161: reg__2
partition__251: reg__2
dsp_macro__xdcDup__122: dsp_macro__xdcDup__122
partition__168: case__19
partition__80: dff_enbl__parameterized0
case__2495: case__99
dsp_macro__xdcDup__82: dsp_macro__xdcDup__82
partition__123: case__19
case__2498: case__72
case__2550: case__36
int8_pe__xdcDup__45: int8_pe__xdcDup__45
partition__567: partition__50
partition__553: partition__64
partition__527: partition
partition__331: partition__56
dsp_macro__xdcDup__140: dsp_macro__xdcDup__140
dsp_macro__xdcDup__194: dsp_macro__xdcDup__194
partition__541: partition__76
case__2552: case__18
case__2512: case__36
partition__428: partition__33
case__2528: case__113
partition__536: partition__81
int8_pe__xdcDup__74: int8_pe__xdcDup__74
partition__281: partition__66
partition__130: reg__6
dsp_macro__xdcDup__80: dsp_macro__xdcDup__80
partition__387: partition__74
dsp_macro__xdcDup__135: dsp_macro__xdcDup__135
dsp_macro__xdcDup__74: dsp_macro__xdcDup__74
case__2494: case__108
partition__291: partition
partition__173: case__83
partition__494: partition__58
int8_pe__xdcDup__34: int8_pe__xdcDup__34
int8_pe__xdcDup__174: int8_pe__xdcDup__174
case__2481: case__72
case__2514: case__18
dsp_macro__xdcDup__85: dsp_macro__xdcDup__85
partition__222: case__19
case__2545: case__86
dsp_macro__xdcDup__146: dsp_macro__xdcDup__146
partition__468: partition__84
dsp_macro__xdcDup__94: dsp_macro__xdcDup__94
partition__577: partition__40
partition__119: case__193
int8_pe__xdcDup__146: int8_pe__xdcDup__146
case__2538: case__9
partition__134: reg__4
partition__429: partition__32
partition__297: partition__90
partition__345: partition__42
int8_pe__xdcDup__162: int8_pe__xdcDup__162
partition__17: partition__17
partition__396: partition__65
array__GB0: extram
partition__511: partition__41
partition__279: partition__68
partition__255: reg__1
partition__224: case__933
partition__86: case__718
dsp_macro: dsp_macro
dsp_macro__xdcDup__106: dsp_macro__xdcDup__106
partition__392: partition__69
int8_pe__xdcDup__27: int8_pe__xdcDup__27
partition__135: partition
partition__474: partition__78
extram__46: extram
case__2519: case__203
dsp_macro__xdcDup__76: dsp_macro__xdcDup__76
int8_pe__xdcDup__164: int8_pe__xdcDup__164
int8_pe__xdcDup__190: int8_pe__xdcDup__190
partition__506: partition__46
partition__543: partition__74
dsp_macro__xdcDup__120: dsp_macro__xdcDup__120
dsp_macro__xdcDup__109: dsp_macro__xdcDup__109
dsp_macro__xdcDup__189: dsp_macro__xdcDup__189
partition__383: partition__78
dsp_macro__xdcDup__84: dsp_macro__xdcDup__84
int8_pe__xdcDup__168: int8_pe__xdcDup__168
case__2536: case__36
partition__280: partition__67
dsp_macro__xdcDup__180: dsp_macro__xdcDup__180
partition__529: partition__88
array__GB3: dsp_macro_wrapper__xdcDup__25
case__167: case__167
partition__104: case__19
dsp_macro__xdcDup__55: dsp_macro__xdcDup__55
int8_pe__xdcDup__46: int8_pe__xdcDup__46
partition__58: datapath__6
partition__394: partition__67
extram__21: extram
int8_pe__xdcDup__182: int8_pe__xdcDup__182
partition__592: partition__25
case__208: case__208
dsp_macro__xdcDup__88: dsp_macro__xdcDup__88
partition__147: case__928
partition__76: reg__2
int8_pe__xdcDup__87: int8_pe__xdcDup__87
partition__101: case__19
int8_pe__xdcDup__187: int8_pe__xdcDup__187
partition__33: partition__33
int8_pe__xdcDup__125: int8_pe__xdcDup__125
dsp_macro__xdcDup__157: dsp_macro__xdcDup__157
partition__358: partition__29
partition__381: partition__80
case__2509: case__63
int8_pe__xdcDup__42: int8_pe__xdcDup__42
partition__301: partition__86
partition__164: case__19
partition__501: partition__51
partition__107: case__19
dsp_macro__xdcDup__156: dsp_macro__xdcDup__156
partition__407: partition__54
partition__199: case__23
partition__415: partition__46
dsp_macro__xdcDup__39: dsp_macro__xdcDup__39
partition__505: partition__47
dsp_macro__xdcDup__99: dsp_macro__xdcDup__99
extram__79: extram__1
case__181: case__181
dsp_macro__xdcDup__101: dsp_macro__xdcDup__101
partition__160: case__19
case__2508: case__140
dsp_macro__xdcDup__64: dsp_macro__xdcDup__64
partition__16: partition__16
partition__307: partition__80
dsp_macro__xdcDup__14: dsp_macro__xdcDup__14
partition__422: partition__39
int8_pe__xdcDup__178: int8_pe__xdcDup__178
partition__484: partition__68
int8_pe__xdcDup__33: int8_pe__xdcDup__33
case__2532: case__77
partition__152: reg__2
case__2527: case__122
extram__36: extram
extram__22: extram
partition__48: partition__48
extram__38: extram
partition__220: reg__2
partition__288: partition__59
partition__513: partition__39
partition__71: case__19
extram__82: extram__1
partition__151: case__19
extram__23: extram
dsp_macro__xdcDup__17: dsp_macro__xdcDup__17
partition__379: partition__82
datapath__942: reg__5
extram__9: extram
int8_pe__xdcDup__49: int8_pe__xdcDup__49
dsp_macro__xdcDup__133: dsp_macro__xdcDup__133
partition__574: partition__43
extram__49: extram
dsp_macro__xdcDup__62: dsp_macro__xdcDup__62
partition__322: partition__65
partition__411: partition__50
dsp_macro__xdcDup__178: dsp_macro__xdcDup__178
extram__11: extram
int8_pe__xdcDup__64: int8_pe__xdcDup__64
partition__204: reg__2
int8_pe__xdcDup__41: int8_pe__xdcDup__41
int8_pe__xdcDup__189: int8_pe__xdcDup__189
partition__350: partition__37
partition__144: case__19
partition__46: partition__46
dsp_macro__xdcDup__179: dsp_macro__xdcDup__179
partition__121: reg__2
dsp_macro__xdcDup__25: dsp_macro__xdcDup__25
partition__153: case__288
partition__497: partition__55
dsp_macro__xdcDup__91: dsp_macro__xdcDup__91
partition__100: reg__8
partition__348: partition__39
partition__328: partition__59
partition__565: partition__52
datapath__36: datapath__36
partition__302: partition__85
dsp_macro__xdcDup__90: dsp_macro__xdcDup__90
partition__587: partition__30
int8_pe__xdcDup__127: int8_pe__xdcDup__127
extram__35: extram
int8_pe__xdcDup__54: int8_pe__xdcDup__54
partition__60: case__38
case__2493: case__117
partition__150: case__78
datapath__96: datapath__96
partition__129: reg__6
extram__77: extram__1
partition__343: partition__44
int8_pe__xdcDup__53: int8_pe__xdcDup__53
partition__53: partition__53
partition__323: partition__64
int8_pe__xdcDup__177: int8_pe__xdcDup__177
partition__498: partition__54
int8_pe__xdcDup__143: int8_pe__xdcDup__143
dsp_macro__xdcDup__38: dsp_macro__xdcDup__38
partition__272: partition__75
dsp_macro__xdcDup__3: dsp_macro__xdcDup__3
partition__115: reg__2
dsp_macro__xdcDup__143: dsp_macro__xdcDup__143
dsp_macro__xdcDup__60: dsp_macro__xdcDup__60
array__GB5: array__GB5
partition__488: partition__64
partition__211: case__163
partition__370: partition__91
int8_pe__xdcDup__32: int8_pe__xdcDup__32
extram__41: extram
partition__241: reg__8
partition__64: reg__7
partition__368: partition__93
int8_pe__xdcDup__153: int8_pe__xdcDup__153
partition__36: partition__36
partition__72: reg__6
partition__154: case__19
dsp_macro__xdcDup__9: dsp_macro__xdcDup__9
partition__400: partition__61
partition__219: case__19
partition__420: partition__41
partition__360: partition__27
case__131: case__131
case__9: case__9
partition__531: partition__86
dsp_macro__xdcDup__104: dsp_macro__xdcDup__104
partition__234: case__19
partition__283: partition__64
partition__207: reg__2
partition__388: partition__73
partition__133: reg__4
partition__228: case__19
partition__182: case__293
datapath__98: datapath__98
partition__326: partition__61
dsp_macro__xdcDup__174: dsp_macro__xdcDup__174
partition__103: case__253
case__2485: case__189
dsp_macro__xdcDup__53: dsp_macro__xdcDup__53
array__GB12: array__GB12
partition__389: partition__72
partition__450: partition__27
case__77: case__77
extram__66: extram
partition__330: partition__57
case__2533: case__68
extram__57: extram
partition__196: case__563
case__2534: case__54
partition__56: partition__56
int8_pe__xdcDup__51: int8_pe__xdcDup__51
case__108: case__108
partition__191: case__129
extram__69: extram
partition__374: partition__87
partition__485: partition__67
partition__81: case__19
partition__304: partition__83
dsp_macro__xdcDup__69: dsp_macro__xdcDup__69
dsp_macro__xdcDup__126: dsp_macro__xdcDup__126
partition__448: partition__29
int8_pe__xdcDup__26: int8_pe__xdcDup__26
partition__20: partition__20
partition__18: partition__18
partition__188: case__633
dsp_macro__xdcDup__176: dsp_macro__xdcDup__176
dsp_macro__xdcDup__49: dsp_macro__xdcDup__49
partition__525: partition__27
partition__41: partition__41
partition__514: partition__38
int8_pe__xdcDup__195: int8_pe__xdcDup__195
partition__373: partition__88
partition__15: partition__15
dsp_macro__xdcDup__141: dsp_macro__xdcDup__141
partition__155: reg__2
partition__162: case__423
partition__140: reg__8
partition__296: partition__91
case__180: case__180
dsp_macro__xdcDup__107: dsp_macro__xdcDup__107
extram__83: extram__1
dsp_macro__xdcDup__24: dsp_macro__xdcDup__24
dsp_macro__xdcDup__149: dsp_macro__xdcDup__149
int8_pe__xdcDup__30: int8_pe__xdcDup__30
case__18: case__18
partition__320: partition__67
dsp_macro__xdcDup__96: dsp_macro__xdcDup__96
dsp_macro__xdcDup__124: dsp_macro__xdcDup__124
partition__124: reg__7
partition__83: case__323
partition__26: partition__26
extram__39: extram
partition__306: partition__81
int8_pe__xdcDup__52: int8_pe__xdcDup__52
case__2546: case__77
partition__559: partition__58
dsp_macro__xdcDup__134: dsp_macro__xdcDup__134
partition__464: partition__88
case__2516: case
partition__248: reg__1
case__2503: case__27
partition__453: partition__24
partition__579: partition__38
dsp_macro__xdcDup__19: dsp_macro__xdcDup__19
dsp_macro__xdcDup__139: dsp_macro__xdcDup__139
int8_pe__xdcDup__16: int8_pe__xdcDup__16
int8_pe: int8_pe
int8_pe__xdcDup__169: int8_pe__xdcDup__169
partition__578: partition__39
extram__12: extram
partition__378: partition__83
extram__58: extram
partition__237: case__19
extram__78: extram__1
partition__203: case__19
partition__329: partition__58
extram__37: extram
partition__54: partition__54
partition__452: partition__25
partition__344: partition__43
dsp_macro__xdcDup__192: dsp_macro__xdcDup__192
partition__87: case__19
partition__200: case__19
partition__65: reg__6
partition__294: partition__93
dsp_macro__xdcDup__70: dsp_macro__xdcDup__70
int8_pe__xdcDup__166: int8_pe__xdcDup__166
datapath__32: datapath__32
datapath__944: reg__4
dsp_macro__xdcDup__121: dsp_macro__xdcDup__121
partition__438: partition__39
partition__21: partition__21
dsp_macro__xdcDup__142: dsp_macro__xdcDup__142
case__2549: case__45
case__176: case__176
partition__55: partition__55
case__2492: case__126
array__GB11: case__266
dsp_macro__xdcDup__41: dsp_macro__xdcDup__41
case__203: case__203
dsp_macro__xdcDup__181: dsp_macro__xdcDup__181
partition__277: partition__70
dsp_macro__xdcDup__87: dsp_macro__xdcDup__87
partition__357: partition__30
dsp_macro__xdcDup__54: dsp_macro__xdcDup__54
dsp_macro__xdcDup__47: dsp_macro__xdcDup__47
dsp_macro__xdcDup__113: dsp_macro__xdcDup__113
partition__66: reg__6
datapath__1042: reg__5
partition__194: case__19
extram__6: extram
partition__149: reg__2
partition__246: reg__1
int8_pe__xdcDup__47: int8_pe__xdcDup__47
partition__489: partition__63
partition__254: reg__2
partition__518: partition__34
partition__556: partition__61
partition__158: reg__2
partition__522: partition__30
extram__16: extram
dsp_macro__xdcDup__114: dsp_macro__xdcDup__114
case__2483: case__207
partition__256: partition__91
partition__247: reg__2
int8_pe__xdcDup__25: int8_pe__xdcDup__25
case__163: case__163
partition__339: partition__48
array__GB9: array__GB9
extram__48: extram
partition__192: reg__8
partition__419: partition__42
partition__510: partition__42
partition__276: partition__71
extram__47: extram
dsp_macro__xdcDup__119: dsp_macro__xdcDup__119
dsp_macro__xdcDup__161: dsp_macro__xdcDup__161
dsp_macro__xdcDup__58: dsp_macro__xdcDup__58
partition__313: partition__74
case__221: case__221
partition__425: partition__36
partition__534: partition__83
dsp_macro__xdcDup__128: dsp_macro__xdcDup__128
dsp_macro__xdcDup__118: dsp_macro__xdcDup__118
partition__262: partition__85
case__153: case__153
partition__165: reg__2
partition__40: partition__40
partition__84: case__19
case__190: case__190
partition__362: partition__25
partition__417: partition__44
extram__14: extram
partition__290: partition__57
partition__213: reg__2
dsp_macro__xdcDup__43: dsp_macro__xdcDup__43
partition__70: reg__8
partition__561: partition__56
dsp_macro__xdcDup__23: dsp_macro__xdcDup__23
extram__40: extram
partition__125: reg__6
dsp_macro__xdcDup__42: dsp_macro__xdcDup__42
int8_pe__xdcDup__156: int8_pe__xdcDup__156
partition__560: partition__57
partition__456: partition__96
partition__321: partition__66
partition__42: partition__42
partition__305: partition__82
extram__4: extram
case__2486: case__180
dsp_macro__xdcDup__20: dsp_macro__xdcDup__20
datapath__1040: reg__4
dsp_macro__xdcDup__86: dsp_macro__xdcDup__86
partition__113: case__53
partition__193: case__19
partition__118: reg__2
partition__95: reg__2
datapath__840: reg__4
partition__504: partition__48
extram__75: extram__1
int8_pe__xdcDup__62: int8_pe__xdcDup__62
case__54: case__54
partition__594: partition
case__158: case__158
partition__347: partition__40
partition__116: case__333
int8_pe__xdcDup__171: int8_pe__xdcDup__171
partition__159: case__218
partition__413: partition__48
dsp_macro__xdcDup__168: dsp_macro__xdcDup__168
partition__593: partition__24
partition__359: partition__28
partition__242: case__1029
partition__257: partition__90
partition__517: partition__35
partition__483: partition__69
datapath__38: datapath__38
dsp_macro__xdcDup__175: dsp_macro__xdcDup__175
dsp_macro__xdcDup__5: dsp_macro__xdcDup__5
partition__137: reg__6
partition__180: case__19
int8_pe__xdcDup__21: int8_pe__xdcDup__21
case__27: case__27
partition__431: partition__30
partition__284: partition__63
dsp_macro__xdcDup__35: dsp_macro__xdcDup__35
extram__67: extram
partition__127: reg__6
partition__439: partition__38
partition__352: partition__35
array__GB1: array__GB1
dsp_macro__xdcDup__37: dsp_macro__xdcDup__37
partition__171: case__19
case: case
int8_pe__xdcDup__154: int8_pe__xdcDup__154
dsp_macro__xdcDup__46: dsp_macro__xdcDup__46
int8_pe__xdcDup__31: int8_pe__xdcDup__31
case__2554: case
partition__201: reg__2
partition__340: partition__47
partition__177: case__19
partition__278: partition__69
datapath__34: datapath__34
extram__52: extram
dsp_macro__xdcDup__100: dsp_macro__xdcDup__100
extram__2: extram
datapath__860: reg__4
partition__583: partition__34
partition__132: reg__5
dsp_macro__xdcDup__36: dsp_macro__xdcDup__36
partition__97: case__19
int8_pe__xdcDup__44: int8_pe__xdcDup__44
partition__403: partition__58
extram__72: extram__1
partition__163: reg__8
partition__512: partition__40
dsp_macro__xdcDup__138: dsp_macro__xdcDup__138
int8_pe__xdcDup__24: int8_pe__xdcDup__24
partition__589: partition__28
partition__486: partition__66
case__2543: case__104
partition__62: case__388
partition__490: partition__62
extram__76: extram__1
partition__581: partition__36
case__172: case__172
int8_pe__xdcDup__19: int8_pe__xdcDup__19
case__81: case__81
partition__367: partition__94
partition__181: reg__2
case__2477: case__189
partition__377: partition__84
dsp_macro__xdcDup__95: dsp_macro__xdcDup__95
partition__461: partition__91
partition__215: reg__8
partition__31: partition__31
partition__568: partition__49
partition__575: partition__42
partition__446: partition__31
partition__533: partition__84
partition__63: reg__7
int8_pe__xdcDup__85: int8_pe__xdcDup__85
dsp_macro__xdcDup__8: dsp_macro__xdcDup__8
partition__404: partition__57
dsp_macro__xdcDup__105: dsp_macro__xdcDup__105
partition__236: case__103
partition__282: partition__65
case__2502: case__36
partition__393: partition__68
partition__299: partition__88
partition__402: partition__59
extram__1: extram__1
case__2489: case__153
partition__398: partition__63
dsp_macro__xdcDup__65: dsp_macro__xdcDup__65
partition__206: case__19
dsp_macro__xdcDup__10: dsp_macro__xdcDup__10
dsp_macro__xdcDup__117: dsp_macro__xdcDup__117
partition__139: dff_enbl
int8_pe__xdcDup__134: int8_pe__xdcDup__134
int8_pe__xdcDup__147: int8_pe__xdcDup__147
partition__252: logic__13
partition__82: reg__2
partition__585: partition__32
partition__470: partition__82
dsp_macro__xdcDup__190: dsp_macro__xdcDup__190
partition__197: case__19
partition__212: case__19
partition__315: partition__72
partition__325: partition__62
dsp_macro__xdcDup__193: dsp_macro__xdcDup__193
datapath__88: datapath__88
datapath__978: reg__5
partition__369: partition__92
dsp_macro__xdcDup__89: dsp_macro__xdcDup__89
partition__372: partition__89
partition__12: partition__12
partition__27: partition__27
int8_pe__xdcDup__175: int8_pe__xdcDup__175
partition__380: partition__81
int8_pe__xdcDup__167: int8_pe__xdcDup__167
extram__26: extram
partition__351: partition__36
partition__157: case__19
case__45: case__45
partition__110: case__123
partition__239: case__19
partition__526: partition__26
partition__75: case__19
partition__353: partition__34
extram__45: extram
extram__33: extram
partition__216: case__19
partition__13: partition__13
partition__426: partition__35
partition__572: partition__45
case__2487: case__171
partition__44: partition__44
partition__85: reg__2
partition__303: partition__84
case__2551: case__27
array__GB7: array__GB7
partition__233: case__238
partition__459: partition__93
dsp_macro__xdcDup__81: dsp_macro__xdcDup__81
int8_pe__xdcDup__65: int8_pe__xdcDup__65
extram__7: extram
case__162: case__162
partition__126: datapath__6
case__2484: case__198
case__99: case__99
dsp_macro__xdcDup__185: dsp_macro__xdcDup__185
partition__405: partition__56
case__2531: case__86
partition__590: partition__27
partition__108: case__19
dsp_macro__xdcDup__158: dsp_macro__xdcDup__158
partition__395: partition__66
partition__275: partition__72
partition__434: partition__27
partition__462: partition__90
partition__487: partition__65
datapath__90: datapath__90
extram__20: extram
partition__397: partition__64
partition__547: partition__70
case__2524: case__149
int8_pe__xdcDup__56: int8_pe__xdcDup__56
partition__268: partition__79
partition__227: case__173
extram__70: extram
datapath__1038: reg__5
dsp_macro__xdcDup__152: dsp_macro__xdcDup__152
extram__15: extram
partition__480: partition__72
int8_pe__xdcDup__40: int8_pe__xdcDup__40
dsp_macro__xdcDup__73: dsp_macro__xdcDup__73
case__63: case__63
partition__532: partition__85
partition__324: partition__63
partition__477: partition__75
partition__495: partition__57
partition__298: partition__89
int8_pe__xdcDup__148: int8_pe__xdcDup__148
partition__310: partition__77
int8_pe__xdcDup__97: int8_pe__xdcDup__97
dsp_macro__xdcDup__26: dsp_macro__xdcDup__26
case__2478: case__144
partition__43: partition__43
partition__503: partition__49
partition__214: case__233
partition__327: partition__60
case__2500: case__54
case__2490: case__144
partition__361: partition__26
partition__186: case__19
partition__550: partition__67
case__2496: case__90
extram__19: extram
datapath__980: reg__4
partition__440: partition__37
dsp_macro__xdcDup__147: dsp_macro__xdcDup__147
partition__67: reg__5
dsp_macro__xdcDup__66: dsp_macro__xdcDup__66
partition__243: reg__1
partition__399: partition__62
dsp_macro__xdcDup__61: dsp_macro__xdcDup__61
int8_pe__xdcDup__141: int8_pe__xdcDup__141
dsp_macro__xdcDup__162: dsp_macro__xdcDup__162
case__2522: case__176
partition__430: partition__31
partition__229: reg__2
int8_pe__xdcDup__145: int8_pe__xdcDup__145
partition__105: reg__2
int8_pe__xdcDup__152: int8_pe__xdcDup__152
dsp_macro__xdcDup__48: dsp_macro__xdcDup__48
extram__60: extram
dsp_macro__xdcDup__115: dsp_macro__xdcDup__115
dsp_macro__xdcDup__21: dsp_macro__xdcDup__21
partition__523: partition__29
partition__156: case__358
int8_pe__xdcDup__138: int8_pe__xdcDup__138
partition__109: reg__2
partition__436: partition
partition__22: partition__22
partition__566: partition__51
partition__145: case__19
dsp_macro__xdcDup__167: dsp_macro__xdcDup__167
dsp_macro__xdcDup__71: dsp_macro__xdcDup__71
int8_pe__xdcDup__179: int8_pe__xdcDup__179
partition__454: partition
int8_pe__xdcDup__13: int8_pe__xdcDup__13
partition__263: partition__84
partition__507: partition__45
partition__24: partition__24
partition__537: partition__80
partition__73: reg__5
partition__143: case__272
partition__412: partition__49
dsp_macro__xdcDup__67: dsp_macro__xdcDup__67
extram__24: extram
dsp_macro__xdcDup__34: dsp_macro__xdcDup__34
partition__138: dsp_macro__xdcDup__157
partition__34: partition__34
extram__51: extram
dsp_macro__xdcDup__56: dsp_macro__xdcDup__56
dsp_macro__xdcDup__57: dsp_macro__xdcDup__57
array__GB13: array__GB13
partition__441: partition__36
partition__136: reg__4
dsp_macro__xdcDup__148: dsp_macro__xdcDup__148
partition__198: reg__2
case__212: case__212
case__122: case__122
partition__265: partition__82
dsp_macro__xdcDup__29: dsp_macro__xdcDup__29
dsp_macro__xdcDup__78: dsp_macro__xdcDup__78
case__2505: case__9
dsp_macro__xdcDup__22: dsp_macro__xdcDup__22
partition__35: partition__35
partition__509: partition__43
extram__81: extram__1
partition__382: partition__79
partition__569: partition__48
partition__557: partition__60
partition__187: reg__2
case__185: case__185
int8_pe__xdcDup__17: int8_pe__xdcDup__17
partition__170: case__153
partition__112: reg__2
datapath__838: reg__5
extram__54: extram
partition__205: case__303
dsp_macro__xdcDup__27: dsp_macro__xdcDup__27
int8_pe__xdcDup__193: int8_pe__xdcDup__193
extram__62: extram
case__2491: case__135
partition__106: case__508
partition__471: partition__81
case__2479: case__126
partition__235: reg__2
partition__478: partition__74
dsp_macro__xdcDup__44: dsp_macro__xdcDup__44
dsp_macro__xdcDup__93: dsp_macro__xdcDup__93
partition__385: partition__76
partition__260: partition__87
dsp_macro__xdcDup__188: dsp_macro__xdcDup__188
dsp_macro__xdcDup__12: dsp_macro__xdcDup__12
partition__552: partition__65
partition__166: case__428
partition__366: partition__95
case__86: case__86
extram__65: extram
partition__520: partition__32
case__2523: case__167
case__2504: case__18
int8_pe__xdcDup__35: int8_pe__xdcDup__35
array__GB2: array__GB2
int8_pe__xdcDup__83: int8_pe__xdcDup__83
dsp_macro__xdcDup__163: dsp_macro__xdcDup__163
partition__176: case__703
dsp_macro__xdcDup__63: dsp_macro__xdcDup__63
array__GB8: mul__xdcDup__24
array__GB6: dff_enbl
