case__474: top__GC0, 
case__419: array__GB0, 
case__133: array__GB0, 
dsp_macro__xdcDup__14: array__GB2, 
case__90: array__GB0, 
case__284: array__GB3, 
case__239: array__GB0, 
int8_quad_mac__xdcDup__49: array__GB0, 
logic__776: array__GB2, 
logic__332: array__GB0, 
case__215: array__GB2, 
int8_pe__xdcDup__12: array__GB1, 
case__295: array__GB0, 
case__350: array__GB3, 
int8_quad_mac__xdcDup__38: array__GB2, 
case__15: array__GB3, 
dsp_macro_wrapper__xdcDup__40: array__GB3, 
int8_pe__xdcDup__38: array__GB2, 
dsp_macro__xdcDup__17: array__GB0, 
dsp_macro_wrapper__xdcDup__12: array__GB1, 
dsp_macro__xdcDup__20: array__GB1, 
case__155: array__GB2, 
mul__xdcDup__24: array__GB3, 
case__402: array__GB3, 
case__227: array__GB3, 
dsp_macro__xdcDup__35: array__GB0, 
logic__524: array__GB0, 
logic__152: array__GB0, 
case__68: array__GB3, 
case__361: array__GB0, 
logic__752: array__GB2, 
dsp_macro_wrapper__xdcDup__43: array__GB0, 
dsp_macro_wrapper: array__GB3, 
int8_pe__xdcDup__7: array__GB3, 
case__400: array__GB3, 
case__196: array__GB0, 
logic__584: array__GB3, 
case__392: array__GB2, 
case__27: array__GB0, 
case__6: top__GC0, 
int8_pe__xdcDup__23: array__GB3, 
int8_quad_mac__xdcDup__35: array__GB0, 
dsp_macro_wrapper__xdcDup__2: array__GB0, 
case__160: array__GB2, 
dsp_macro__xdcDup__54: array__GB2, 
case__298: array__GB0, 
case__449: array__GB2, 
dsp_macro_wrapper__xdcDup__50: array__GB0, 
mul__xdcDup__13: array__GB2, 
case__412: array__GB2, 
extram__1: top__GC0, 
case__39: array__GB1, 
logic__272: array__GB2, 
int8_pe__xdcDup__24: array__GB3, 
case__297: array__GB0, 
case__148: array__GB1, 
case__329: array__GB2, 
case__14: top__GC0, 
dsp_macro__xdcDup__63: array__GB2, 
case__440: array__GB2, 
dsp_macro__xdcDup__50: array__GB0, 
case__490: top__GC0, 
case__64: array__GB3, 
mul__xdcDup__23: array__GB3, 
case__13: top__GC0, 
logic__164: array__GB1, 
case__488: top__GC0, 
reg__2: top__GC0, array__GB3, array__GB2, array__GB1, array__GB0, 
case__125: array__GB3, 
dsp_macro_wrapper__xdcDup__14: array__GB2, 
int8_pe__xdcDup__9: array__GB0, 
dsp_macro_wrapper__xdcDup__15: array__GB3, 
mul__xdcDup__2: array__GB0, 
int8_quad_mac__xdcDup__57: array__GB2, 
case__273: array__GB2, 
case__355: array__GB0, 
mul__xdcDup__41: array__GB0, 
case__397: array__GB2, 
int8_pe__xdcDup__39: array__GB3, 
case__342: array__GB3, 
case__159: array__GB2, 
case__256: array__GB0, 
case__483: top__GC0, 
case__451: array__GB2, 
case__186: array__GB0, 
datapath__4: top__GC0, 
case__456: array__GB3, 
dff_enbl: array__GB3, array__GB2, array__GB1, array__GB0, 
case__484: top__GC0, 
mul__xdcDup__62: array__GB2, 
logic__404: array__GB3, 
case__83: array__GB0, 
case__390: array__GB2, 
int8_pe__xdcDup__26: array__GB0, 
case__238: array__GB3, 
int8_pe__xdcDup__20: array__GB1, 
case__99: array__GB2, 
dsp_macro__xdcDup__52: array__GB1, 
dsp_macro__xdcDup__9: array__GB0, 
case__321: array__GB1, 
case__130: array__GB0, 
dsp_macro__xdcDup__8: array__GB3, 
case__309: array__GB0, 
int8_quad_mac__xdcDup__42: array__GB0, 
case__316: array__GB1, 
logic__368: array__GB2, 
int8_quad_mac__xdcDup__7: array__GB3, 
int8_quad_mac__xdcDup__26: array__GB0, 
case__493: top__GC0, 
muxpart: top__GC0, 
int8_pe__xdcDup__36: array__GB1, 
case__372: array__GB1, 
int8_quad_mac__xdcDup__11: array__GB0, 
case__117: array__GB3, 
dsp_macro_wrapper__xdcDup__16: array__GB3, 
logic__464: array__GB2, 
case__178: array__GB3, 
case__420: array__GB0, 
top__GC0: top__GC0, 
dsp_macro_wrapper__xdcDup__47: array__GB3, 
case__421: array__GB0, 
case__181: array__GB3, 
case__466: top__GC0, 
int8_quad_mac__xdcDup__39: array__GB3, 
case__71: array__GB0, 
int8_quad_mac__xdcDup__43: array__GB0, 
case__485: top__GC0, 
dsp_macro__xdcDup__37: array__GB2, 
logic__260: array__GB1, 
dsp_macro_wrapper__xdcDup__17: array__GB0, 
dsp_macro__xdcDup__43: array__GB0, 
int8_quad_mac__xdcDup__14: array__GB2, 
case__416: array__GB0, 
int8_pe__xdcDup__21: array__GB2, 
logic__284: array__GB2, 
int8_quad_mac__xdcDup__53: array__GB2, 
case__62: array__GB3, 
case__216: array__GB2, 
dsp_macro_wrapper__xdcDup__36: array__GB1, 
case__339: array__GB3, 
case__252: array__GB0, 
case__174: array__GB3, 
case__368: array__GB0, 
case__67: array__GB3, 
case__480: top__GC0, 
case__120: array__GB3, 
dsp_macro_wrapper__xdcDup__10: array__GB0, 
case__193: array__GB0, 
dsp_macro__xdcDup__13: array__GB2, 
int8_pe__xdcDup__13: array__GB2, 
case__97: array__GB1, 
case__264: array__GB1, 
dsp_macro__xdcDup__48: array__GB3, 
dsp_macro_wrapper__xdcDup__9: array__GB0, 
int8_pe__xdcDup__63: array__GB2, 
case__311: array__GB0, 
case__439: array__GB2, 
mul__xdcDup__32: array__GB3, 
case__281: array__GB3, 
logic__380: array__GB2, 
int8_quad_mac__xdcDup__58: array__GB0, 
case__104: array__GB2, 
case__129: array__GB0, 
dsp_macro__xdcDup__31: array__GB3, 
case__365: array__GB0, 
dsp_macro__xdcDup__25: array__GB0, 
int8_quad_mac__xdcDup__40: array__GB3, 
case__246: array__GB0, 
case__348: array__GB3, 
case__236: array__GB3, 
dsp_macro_wrapper__xdcDup__63: array__GB2, 
int8_pe__xdcDup__59: array__GB0, 
mul__xdcDup__44: array__GB1, 
case__140: array__GB0, 
dsp_macro__xdcDup__56: array__GB3, 
int8_pe__xdcDup__49: array__GB0, 
mul__xdcDup__8: array__GB3, 
dsp_macro_wrapper__xdcDup__13: array__GB2, 
case__243: array__GB0, 
int8_pe__xdcDup__61: array__GB2, 
mem__parameterized0: top__GC0, 
case__403: array__GB3, 
case__378: array__GB1, 
case__38: array__GB1, 
case__242: array__GB0, 
logic__44: array__GB0, 
case__109: array__GB2, 
case__274: array__GB2, 
mul__xdcDup__21: array__GB2, 
case__200: array__GB0, 
case__12: top__GC0, 
int8_quad_mac__xdcDup__4: array__GB1, 
case__461: array__GB3, 
case__333: array__GB2, 
case__307: array__GB0, 
dsp_macro_wrapper__xdcDup__61: array__GB2, 
case__288: array__GB3, 
case__445: array__GB2, 
case__91: array__GB0, 
case__431: array__GB0, 
case__57: array__GB3, 
case__108: array__GB2, 
dff_enbl__parameterized0: array__GB3, array__GB2, array__GB1, array__GB0, 
reg__3: top__GC0, 
case__382: array__GB2, 
case__40: array__GB1, 
case__357: array__GB0, 
case__374: array__GB1, 
int8_quad_mac__xdcDup__24: array__GB3, 
case__304: array__GB0, 
dsp_macro_wrapper__xdcDup__52: array__GB1, 
case__318: array__GB1, 
case__293: array__GB3, 
dsp_macro__xdcDup__45: array__GB2, 
case__362: array__GB0, 
dsp_macro_wrapper__xdcDup__59: array__GB0, 
case__460: array__GB3, 
mul__xdcDup__54: array__GB2, 
int8_pe__xdcDup__3: array__GB0, 
reg__1: top__GC0, 
dsp_macro_wrapper__xdcDup__25: array__GB0, 
case__325: array__GB2, 
case__481: top__GC0, 
logic__212: array__GB3, 
datapath__1: top__GC0, 
case__322: array__GB1, 
int8_quad_mac__xdcDup__61: array__GB2, 
case__475: top__GC0, 
logic__428: array__GB0, 
case__21: array__GB3, 
case__161: array__GB2, 
int8_quad_mac__xdcDup__44: array__GB1, 
dsp_macro_wrapper__xdcDup__54: array__GB2, 
int8_pe: array__GB3, 
int8_pe__xdcDup__62: array__GB2, 
case__277: array__GB2, 
int8_quad_mac__xdcDup__8: array__GB3, 
case__427: array__GB0, 
case__220: array__GB2, 
mul__xdcDup__53: array__GB2, 
case__389: array__GB2, 
case__286: array__GB3, 
case__409: array__GB2, 
logic__536: array__GB0, 
dsp_macro_wrapper__xdcDup__11: array__GB0, 
case__144: array__GB0, 
case__447: array__GB2, 
case__126: array__GB3, 
mul__xdcDup__17: array__GB0, 
case__249: array__GB0, 
dsp_macro_wrapper__xdcDup__41: array__GB0, 
dsp_macro__xdcDup__44: array__GB1, 
dsp_macro__xdcDup__39: array__GB3, 
case__266: array__GB1, 
int8_quad_mac__xdcDup__46: array__GB2, 
case__344: array__GB3, 
case__299: array__GB0, 
case__330: array__GB2, 
case__250: array__GB0, 
mul__xdcDup__39: array__GB3, 
case__211: array__GB2, 
case__308: array__GB0, 
dsp_macro_wrapper__xdcDup__42: array__GB0, 
mul__xdcDup__1: array__GB3, 
case__223: array__GB2, 
case__435: array__GB2, 
datapath__5: top__GC0, 
case__285: array__GB3, 
case__158: array__GB2, 
case__4: top__GC0, 
dsp_macro_wrapper__xdcDup__18: array__GB0, 
case__10: top__GC0, 
int8_quad_mac__xdcDup__12: array__GB1, 
case__354: array__GB0, 
case__26: array__GB0, 
case__327: array__GB2, 
mul__xdcDup__48: array__GB3, 
dff__parameterized3: array__GB3, array__GB2, array__GB1, array__GB0, 
case__204: array__GB1, 
reg__5: array__GB3, array__GB2, array__GB1, array__GB0, 
case__442: array__GB2, 
dsp_macro_wrapper__xdcDup__1: array__GB3, 
dsp_macro_wrapper__xdcDup__56: array__GB3, 
mul__xdcDup__14: array__GB2, 
case__157: array__GB2, 
case__139: array__GB0, 
int8_pe__xdcDup__41: array__GB0, 
case__8: top__GC0, 
case__66: array__GB3, 
case__271: array__GB2, 
case__465: top__GC0, 
case__363: array__GB0, 
add: array__GB3, array__GB2, array__GB1, array__GB0, 
case__222: array__GB2, 
int8_pe__xdcDup__45: array__GB2, 
dsp_macro__xdcDup__46: array__GB2, 
case__487: top__GC0, 
case__326: array__GB2, 
dsp_macro_wrapper__xdcDup__51: array__GB0, 
logic__17: top__GC0, 
case__441: array__GB2, 
logic__176: array__GB2, 
int8_quad_mac__xdcDup__34: array__GB0, 
case__70: array__GB3, 
case__377: array__GB1, 
case__305: array__GB0, 
mul__xdcDup__4: array__GB1, 
case__417: array__GB0, 
mul__xdcDup__61: array__GB2, 
case__323: array__GB2, 
case__36: array__GB1, 
case__251: array__GB0, 
dsp_macro__xdcDup__24: array__GB3, 
dsp_macro_wrapper__xdcDup__44: array__GB1, 
mul__xdcDup__59: array__GB0, 
case__434: array__GB0, 
case__320: array__GB1, 
array__GB3: array__GB3, 
int8_pe__xdcDup__53: array__GB2, 
int8_quad_mac__xdcDup__22: array__GB2, 
case__146: array__GB0, 
dsp_macro__xdcDup__38: array__GB2, 
reg__4: array__GB3, array__GB2, array__GB1, array__GB0, 
int8_pe__xdcDup__43: array__GB0, 
case__33: array__GB0, 
int8_pe__xdcDup__34: array__GB0, 
int8_quad_mac__xdcDup__21: array__GB2, 
case__92: array__GB1, 
int8_pe__xdcDup__35: array__GB0, 
case__395: array__GB2, 
case__470: top__GC0, 
case__228: array__GB3, 
int8_quad_mac__xdcDup__27: array__GB0, 
int8_pe__xdcDup__50: array__GB0, 
case__124: array__GB3, 
int8_pe__xdcDup__11: array__GB0, 
int8_pe__xdcDup__33: array__GB0, 
mul__xdcDup__60: array__GB0, 
datapath__6: array__GB3, array__GB2, array__GB1, array__GB0, 
mul__xdcDup__15: array__GB3, 
case__22: array__GB0, 
case__145: array__GB0, 
logic__500: array__GB3, 
int8_pe__xdcDup__46: array__GB2, 
case__123: array__GB3, 
mul__xdcDup__50: array__GB0, 
case__183: array__GB0, 
case__98: array__GB1, 
int8_pe__xdcDup__29: array__GB2, 
case__122: array__GB3, 
case__347: array__GB3, 
int8_quad_mac__xdcDup__37: array__GB2, 
case__171: array__GB3, 
case__166: array__GB2, 
case__50: array__GB2, 
case__343: array__GB3, 
case__43: array__GB2, 
logic__548: array__GB1, 
dff: top__GC0, 
int8_quad_mac__xdcDup__52: array__GB1, 
logic__236: array__GB0, 
int8_pe__xdcDup__18: array__GB0, 
case__218: array__GB2, 
dsp_macro__xdcDup__11: array__GB0, 
mul__xdcDup__47: array__GB3, 
case__45: array__GB2, 
case__217: array__GB2, 
dsp_macro_wrapper__xdcDup__20: array__GB1, 
mul__xdcDup__46: array__GB2, 
case__207: array__GB1, 
dff__parameterized2: top__GC0, 
mul__xdcDup__27: array__GB0, 
case__478: top__GC0, 
logic__1: top__GC0, 
case__272: array__GB2, 
int8_quad_mac__xdcDup__17: array__GB0, 
int8_quad_mac__xdcDup__47: array__GB3, 
case__63: array__GB3, 
int8_pe__xdcDup__48: array__GB3, 
case__143: array__GB0, 
case__353: array__GB0, 
logic__608: array__GB0, 
case__116: array__GB3, 
int8_quad_mac__xdcDup__56: array__GB3, 
case__49: array__GB2, 
case__241: array__GB0, 
mul__xdcDup__40: array__GB3, 
dsp_macro_wrapper__xdcDup__37: array__GB2, 
dsp_macro__xdcDup__49: array__GB0, 
logic__5: top__GC0, 
case__388: array__GB2, 
logic__656: array__GB2, 
mul__xdcDup__10: array__GB0, 
case__53: array__GB2, 
case__471: top__GC0, 
case__292: array__GB3, 
int8_quad_mac__xdcDup__36: array__GB1, 
dsp_macro_wrapper__xdcDup__4: array__GB1, 
case__291: array__GB3, 
dsp_macro__xdcDup__36: array__GB1, 
int8_quad_mac__xdcDup__55: array__GB2, 
logic__32: array__GB3, 
dsp_macro__xdcDup__4: array__GB1, 
case__127: array__GB0, 
dsp_macro__xdcDup__55: array__GB2, 
dsp_macro_wrapper__xdcDup__30: array__GB2, 
case__168: array__GB2, 
case__136: array__GB0, 
dsp_macro_wrapper__xdcDup__3: array__GB0, 
logic__392: array__GB3, 
case__414: array__GB0, 
case__5: top__GC0, 
dsp_macro_wrapper__xdcDup__48: array__GB3, 
dsp_macro_wrapper__xdcDup__53: array__GB2, 
dsp_macro__xdcDup__33: array__GB0, 
mul__xdcDup__38: array__GB2, 
mul__xdcDup__22: array__GB2, 
logic__344: array__GB0, 
case__367: array__GB0, 
int8_quad_mac__xdcDup__16: array__GB3, 
case__319: array__GB1, 
case__88: array__GB0, 
int8_quad_mac__xdcDup__1: array__GB3, 
case__314: array__GB0, 
logic__716: array__GB0, 
case__279: array__GB2, 
int8_pe__xdcDup__30: array__GB2, 
case__42: array__GB1, 
int8_quad_mac__xdcDup__28: array__GB1, 
dsp_macro_wrapper__xdcDup__26: array__GB0, 
logic__248: array__GB0, 
int8_quad_mac__xdcDup__3: array__GB0, 
case__482: top__GC0, 
int8_pe__xdcDup__1: array__GB3, 
dsp_macro__xdcDup__30: array__GB2, 
case__28: array__GB0, 
mul__xdcDup__63: array__GB2, 
dsp_macro_wrapper__xdcDup__5: array__GB2, 
logic__92: array__GB2, 
case__428: array__GB0, 
case__141: array__GB0, 
logic__80: array__GB2, 
dsp_macro: array__GB3, 
mul__xdcDup__33: array__GB0, 
case__379: array__GB2, 
int8_quad_mac__xdcDup__63: array__GB2, 
logic__620: array__GB0, 
reg__6: array__GB3, array__GB2, array__GB1, array__GB0, 
case__94: array__GB1, 
dsp_macro__xdcDup__12: array__GB1, 
int8_quad_mac__xdcDup__60: array__GB0, 
datapath__2: top__GC0, 
case__283: array__GB3, 
case__454: array__GB2, 
array__GB2: array__GB2, 
mul__xdcDup__35: array__GB0, 
case__351: array__GB0, 
case__265: array__GB1, 
dsp_macro_wrapper__xdcDup__8: array__GB3, 
int8_pe__xdcDup__14: array__GB2, 
logic__632: array__GB0, 
int8_pe__xdcDup__47: array__GB3, 
case__280: array__GB2, 
dsp_macro__xdcDup__19: array__GB0, 
mul__xdcDup__45: array__GB2, 
case__1: top__GC0, 
case__360: array__GB0, 
case__469: top__GC0, 
int8_pe__xdcDup__56: array__GB3, 
case__46: array__GB2, 
dsp_macro__xdcDup__53: array__GB2, 
int8_quad_mac__xdcDup__18: array__GB0, 
int8_pe__xdcDup__27: array__GB0, 
logic__692: array__GB3, 
logic__308: array__GB3, 
int8_pe__xdcDup__58: array__GB0, 
dsp_macro_wrapper__xdcDup__24: array__GB3, 
case__391: array__GB2, 
case: top__GC0, 
int8_pe__xdcDup__31: array__GB3, 
case__455: array__GB2, 
case__270: array__GB2, 
int8_pe__xdcDup__8: array__GB3, 
case__430: array__GB0, 
case__138: array__GB0, 
case__453: array__GB2, 
case__237: array__GB3, 
case__101: array__GB2, 
dsp_macro__xdcDup__58: array__GB0, 
case__194: array__GB0, 
case__494: top__GC0, 
mul__xdcDup__12: array__GB1, 
case__34: array__GB0, 
case__197: array__GB0, 
mul__xdcDup__16: array__GB3, 
logic__128: array__GB0, 
case__472: top__GC0, 
dsp_macro__xdcDup__42: array__GB0, 
mul__xdcDup__49: array__GB0, 
int8_quad_mac__xdcDup__15: array__GB3, 
mul__xdcDup__34: array__GB0, 
int8_pe__xdcDup__25: array__GB0, 
case__95: array__GB1, 
case__202: array__GB0, 
case__381: array__GB2, 
case__312: array__GB0, 
int8_quad_mac__xdcDup__50: array__GB0, 
int8_quad_mac__xdcDup__23: array__GB3, 
case__199: array__GB0, 
case__257: array__GB0, 
logic__572: array__GB2, 
case__32: array__GB0, 
dsp_macro__xdcDup__41: array__GB0, 
case__115: array__GB3, 
case__276: array__GB2, 
case__301: array__GB0, 
dsp_macro_wrapper__xdcDup__27: array__GB0, 
case__396: array__GB2, 
logic__140: array__GB0, 
case__446: array__GB2, 
case__176: array__GB3, 
dsp_macro__xdcDup__62: array__GB2, 
case__232: array__GB3, 
int8_quad_mac__xdcDup__13: array__GB2, 
mul__xdcDup__37: array__GB2, 
int8_quad_mac__xdcDup__48: array__GB3, 
dsp_macro_wrapper__xdcDup__35: array__GB0, 
logic__296: array__GB3, 
case__386: array__GB2, 
case__85: array__GB0, 
dsp_macro__xdcDup__59: array__GB0, 
case__29: array__GB0, 
case__328: array__GB2, 
case__76: array__GB0, 
logic__440: array__GB0, 
logic__680: array__GB2, 
case__341: array__GB3, 
case__479: top__GC0, 
case__17: array__GB3, 
case__118: array__GB3, 
mul__xdcDup__5: array__GB2, 
case__287: array__GB3, 
logic__452: array__GB1, 
case__364: array__GB0, 
array__GB0: array__GB0, 
case__335: array__GB2, 
case__137: array__GB0, 
dsp_macro__xdcDup__29: array__GB2, 
case__476: top__GC0, 
mul__xdcDup__29: array__GB2, 
case__473: top__GC0, 
case__458: array__GB3, 
case__80: array__GB0, 
case__225: array__GB3, 
case__182: array__GB3, 
reg__7: array__GB3, array__GB2, array__GB1, array__GB0, 
int8_pe__xdcDup__2: array__GB0, 
logic__200: array__GB3, 
case__103: array__GB2, 
case__18: array__GB3, 
int8_quad_mac__xdcDup__2: array__GB0, 
case__413: array__GB2, 
case__59: array__GB3, 
case__235: array__GB3, 
int8_pe__xdcDup__5: array__GB2, 
case__190: array__GB0, 
int8_pe__xdcDup__15: array__GB3, 
case__306: array__GB0, 
logic__704: array__GB2, 
dsp_macro_wrapper__xdcDup__46: array__GB2, 
case__151: array__GB1, 
case__110: array__GB2, 
case__370: array__GB0, 
mul__xdcDup__30: array__GB2, 
dsp_macro_wrapper__xdcDup__28: array__GB1, 
dsp_macro__xdcDup__1: array__GB3, 
int8_pe__xdcDup__16: array__GB3, 
int8_pe__xdcDup__54: array__GB2, 
case__185: array__GB0, 
case__55: array__GB2, 
case__260: array__GB1, 
int8_quad_mac__xdcDup__31: array__GB3, 
case__213: array__GB2, 
case__433: array__GB0, 
case__423: array__GB0, 
int8_pe__xdcDup__52: array__GB1, 
case__231: array__GB3, 
case__54: array__GB2, 
mul__xdcDup__19: array__GB0, 
mul__xdcDup__57: array__GB2, 
mul__xdcDup__28: array__GB1, 
case__411: array__GB2, 
int8_quad_mac__xdcDup__54: array__GB2, 
dsp_macro__xdcDup__47: array__GB3, 
case__269: array__GB2, 
case__180: array__GB3, 
case__132: array__GB0, 
case__315: array__GB0, 
case__48: array__GB2, 
dff__parameterized1: top__GC0, array__GB3, array__GB2, array__GB1, array__GB0, 
int8_quad_mac__xdcDup__51: array__GB0, 
case__369: array__GB0, 
case__384: array__GB2, 
case__302: array__GB0, 
case__111: array__GB2, 
datapath__3: top__GC0, 
logic__416: array__GB0, 
dsp_macro_wrapper__xdcDup__31: array__GB3, 
case__313: array__GB0, 
case__150: array__GB1, 
dsp_macro_wrapper__xdcDup__21: array__GB2, 
int8_quad_mac__xdcDup__33: array__GB0, 
case__248: array__GB0, 
dsp_macro__xdcDup__34: array__GB0, 
case__19: array__GB3, 
case__35: array__GB0, 
mul__xdcDup__56: array__GB3, 
case__356: array__GB0, 
mul__xdcDup__51: array__GB0, 
mul__xdcDup__11: array__GB0, 
case__134: array__GB0, 
mul__xdcDup__52: array__GB1, 
logic__13: top__GC0, 
logic__68: array__GB1, 
int8_pe__xdcDup__44: array__GB1, 
dsp_macro_wrapper__xdcDup__57: array__GB2, 
case__131: array__GB0, 
case__399: array__GB2, 
logic__188: array__GB2, 
dsp_macro_wrapper__xdcDup__38: array__GB2, 
case__113: array__GB3, 
dsp_macro__xdcDup__15: array__GB3, 
case__383: array__GB2, 
case__189: array__GB0, 
int8_pe__xdcDup__40: array__GB3, 
case__230: array__GB3, 
case__152: array__GB1, 
case__245: array__GB0, 
case__406: array__GB3, 
case__398: array__GB2, 
logic__740: array__GB0, 
logic__728: array__GB0, 
dsp_macro__xdcDup__22: array__GB2, 
case__11: top__GC0, 
case__208: array__GB1, 
dff__parameterized0: top__GC0, 
case__106: array__GB2, 
case__7: top__GC0, 
logic__668: array__GB2, 
logic__224: array__GB0, 
dsp_macro_wrapper__xdcDup__6: array__GB2, 
logic__104: array__GB3, 
case__78: array__GB0, 
dsp_macro__xdcDup__18: array__GB0, 
case__214: array__GB2, 
case__255: array__GB0, 
case__340: array__GB3, 
mul__xdcDup__36: array__GB1, 
int8_pe__xdcDup__6: array__GB2, 
case__375: array__GB1, 
case__489: top__GC0, 
dsp_macro__xdcDup__23: array__GB3, 
case__206: array__GB1, 
case__60: array__GB3, 
case__84: array__GB0, 
case__278: array__GB2, 
datapath: top__GC0, 
case__393: array__GB2, 
case__25: array__GB0, 
dsp_macro_wrapper__xdcDup__39: array__GB3, 
dsp_macro_wrapper__xdcDup__45: array__GB2, 
case__467: top__GC0, 
case__87: array__GB0, 
case__426: array__GB0, 
mul__xdcDup__31: array__GB3, 
case__376: array__GB1, 
case__179: array__GB3, 
dsp_macro__xdcDup__40: array__GB3, 
case__2: top__GC0, 
case__229: array__GB3, 
case__82: array__GB0, 
case__175: array__GB3, 
logic__56: array__GB0, 
dsp_macro_wrapper__xdcDup__22: array__GB2, 
logic__356: array__GB1, 
int8_quad_mac__xdcDup__30: array__GB2, 
case__187: array__GB0, 
dsp_macro_wrapper__xdcDup__33: array__GB0, 
logic__488: array__GB3, 
case__405: array__GB3, 
dsp_macro_wrapper__xdcDup__23: array__GB3, 
case__267: array__GB2, 
case__41: array__GB1, 
case__491: top__GC0, 
logic__116: array__GB3, 
case__410: array__GB2, 
mul__xdcDup__20: array__GB1, 
case__463: top__GC0, 
dsp_macro__xdcDup__6: array__GB2, 
case__424: array__GB0, 
dsp_macro__xdcDup__32: array__GB3, 
case__418: array__GB0, 
case__61: array__GB3, 
dsp_macro__xdcDup__16: array__GB3, 
int8_quad_mac__xdcDup__19: array__GB0, 
dsp_macro__xdcDup__26: array__GB0, 
case__188: array__GB0, 
case__221: array__GB2, 
dsp_macro__xdcDup__57: array__GB2, 
case__464: top__GC0, 
int8_pe__xdcDup__51: array__GB0, 
dsp_macro__xdcDup__21: array__GB2, 
case__294: array__GB3, 
case__290: array__GB3, 
case__162: array__GB2, 
case__81: array__GB0, 
dsp_macro__xdcDup__28: array__GB1, 
case__334: array__GB2, 
case__224: array__GB2, 
mul__xdcDup__42: array__GB0, 
logic__644: array__GB1, 
case__165: array__GB2, 
case__438: array__GB2, 
dsp_macro_wrapper__xdcDup__7: array__GB3, 
case__77: array__GB0, 
case__332: array__GB2, 
case__119: array__GB3, 
int8_quad_mac__xdcDup__6: array__GB2, 
int8_pe__xdcDup__42: array__GB0, 
dsp_macro__xdcDup__27: array__GB0, 
case__201: array__GB0, 
case__444: array__GB2, 
int8_quad_mac__xdcDup__59: array__GB0, 
mul: array__GB3, 
int8_quad_mac: array__GB3, 
case__259: array__GB0, 
dsp_macro__xdcDup__51: array__GB0, 
dsp_macro_wrapper__xdcDup__62: array__GB2, 
case__209: array__GB1, 
logic__320: array__GB0, 
logic: top__GC0, 
int8_quad_mac__xdcDup__25: array__GB0, 
array__GB1: array__GB1, 
case__52: array__GB2, 
int8_pe__xdcDup__22: array__GB2, 
extram: top__GC0, 
dsp_macro_wrapper__xdcDup__19: array__GB0, 
case__69: array__GB3, 
case__164: array__GB2, 
mul__xdcDup__43: array__GB0, 
int8_quad_mac__xdcDup__41: array__GB0, 
case__404: array__GB3, 
dsp_macro_wrapper__xdcDup__34: array__GB0, 
dsp_macro_wrapper__xdcDup__55: array__GB2, 
logic__512: array__GB0, 
mul__xdcDup__25: array__GB0, 
case__262: array__GB1, 
int8_pe__xdcDup__4: array__GB1, 
case__234: array__GB3, 
mul__xdcDup__7: array__GB3, 
mul__xdcDup__55: array__GB2, 
case__102: array__GB2, 
logic__788: array__GB3, 
case__425: array__GB0, 
fsm: top__GC0, 
int8_pe__xdcDup__10: array__GB0, 
dff__parameterized4: array__GB3, array__GB2, array__GB1, array__GB0, 
case__9: top__GC0, 
case__167: array__GB2, 
case__432: array__GB0, 
case__346: array__GB3, 
int8_pe__xdcDup__60: array__GB0, 
logic__560: array__GB2, 
case__371: array__GB0, 
int8_pe__xdcDup__32: array__GB3, 
case__468: top__GC0, 
case__358: array__GB0, 
case__195: array__GB0, 
case__20: array__GB3, 
case__89: array__GB0, 
logic__764: array__GB2, 
case__31: array__GB0, 
case__210: array__GB1, 
mul__xdcDup__18: array__GB0, 
case__96: array__GB1, 
int8_quad_mac__xdcDup__20: array__GB1, 
int8_pe__xdcDup__55: array__GB2, 
mul__xdcDup__58: array__GB0, 
case__263: array__GB1, 
mul__xdcDup__3: array__GB0, 
int8_quad_mac__xdcDup__10: array__GB0, 
reg: top__GC0, 
int8_pe__xdcDup__19: array__GB0, 
mul__xdcDup__6: array__GB2, 
case__172: array__GB3, 
case__74: array__GB0, 
dsp_macro__xdcDup__10: array__GB0, 
dsp_macro__xdcDup__5: array__GB2, 
case__154: array__GB1, 
case__407: array__GB2, 
case__75: array__GB0, 
dsp_macro_wrapper__xdcDup__49: array__GB0, 
case__459: array__GB3, 
case__105: array__GB2, 
dsp_macro_wrapper__xdcDup__60: array__GB0, 
mul__xdcDup__9: array__GB0, 
case__452: array__GB2, 
case__169: array__GB3, 
case__336: array__GB2, 
dsp_macro__xdcDup__2: array__GB0, 
int8_quad_mac__xdcDup__9: array__GB0, 
case__47: array__GB2, 
int8_quad_mac__xdcDup__29: array__GB2, 
mem: top__GC0, 
case__477: top__GC0, 
logic__596: array__GB3, 
dsp_macro__xdcDup__61: array__GB2, 
case__437: array__GB2, 
int8_quad_mac__xdcDup__62: array__GB2, 
case__153: array__GB1, 
int8_pe__xdcDup__57: array__GB2, 
mul__xdcDup__26: array__GB0, 
case__147: array__GB0, 
case__253: array__GB0, 
case__349: array__GB3, 
case__112: array__GB2, 
dsp_macro_wrapper__xdcDup__32: array__GB3, 
case__203: array__GB0, 
case__385: array__GB2, 
case__486: top__GC0, 
dsp_macro_wrapper__xdcDup__29: array__GB2, 
dsp_macro_wrapper__xdcDup__58: array__GB0, 
int8_pe__xdcDup__37: array__GB2, 
case__462: array__GB3, 
int8_pe__xdcDup__17: array__GB0, 
int8_quad_mac__xdcDup__45: array__GB2, 
case__24: array__GB0, 
case__448: array__GB2, 
case__244: array__GB0, 
dsp_macro__xdcDup__3: array__GB0, 
case__300: array__GB0, 
case__56: array__GB2, 
int8_quad_mac__xdcDup__5: array__GB2, 
case__492: top__GC0, 
dsp_macro__xdcDup__60: array__GB0, 
case__173: array__GB3, 
dsp_macro__xdcDup__7: array__GB3, 
logic__476: array__GB2, 
int8_pe__xdcDup__28: array__GB1, 
int8_quad_mac__xdcDup__32: array__GB3, 
case__337: array__GB3, 
case__73: array__GB0, 
case__192: array__GB0, 
case__258: array__GB0, 
