Copyright 1986-2018 Xilinx, Inc. All Rights Reserved.
------------------------------------------------------------------------------------
| Tool Version : Vivado v.2018.1 (lin64) Build 2188600 Wed Apr  4 18:39:19 MDT 2018
| Date         : Mon Sep  7 20:27:54 2020
| Host         : linux running 64-bit Ubuntu 16.04.6 LTS
| Command      : report_drc -file ./rundir/post_route_drc.rpt
| Design       : top
| Device       : xc7z020clg400-3
| Speed File   : -3
| Design State : Routed
------------------------------------------------------------------------------------

Report DRC

Table of Contents
-----------------
1. REPORT SUMMARY
2. REPORT DETAILS

1. REPORT SUMMARY
-----------------
            Netlist: top
          Floorplan: design_1
      Design limits: <entire design considered>
           Ruledeck: default
             Max violations: <unlimited>
             Violations found: 197
+-----------+----------+-------------------------------+------------+
| Rule      | Severity | Description                   | Violations |
+-----------+----------+-------------------------------+------------+
| REQP-1723 | Warning  | DSP_Abus_sign_bit_restriction | 196        |
| ZPS7-1    | Warning  | PS7 block required            | 1          |
+-----------+----------+-------------------------------+------------+

2. REPORT DETAILS
-----------------
REQP-1723#1 Warning
DSP_Abus_sign_bit_restriction  
array/pe_0_0/int8_quad_mac/mul/dsp_macro_wrapper/dsp_macro/xbip_dsp48_macro_0/U0/i_synth/i_synth_option.i_synth_model/opt_7series.i_uniwrap/i_primitive: When using the PreAdder and USE_DPORT is TRUE, the A operand should be restricted to 24 bit two's complement (and sign extended) to avoid over/underflow in the pre-add stage.
Related violations: <none>

REQP-1723#2 Warning
DSP_Abus_sign_bit_restriction  
array/pe_0_1/int8_quad_mac/mul/dsp_macro_wrapper/dsp_macro/xbip_dsp48_macro_0/U0/i_synth/i_synth_option.i_synth_model/opt_7series.i_uniwrap/i_primitive: When using the PreAdder and USE_DPORT is TRUE, the A operand should be restricted to 24 bit two's complement (and sign extended) to avoid over/underflow in the pre-add stage.
Related violations: <none>

REQP-1723#3 Warning
DSP_Abus_sign_bit_restriction  
array/pe_0_10/int8_quad_mac/mul/dsp_macro_wrapper/dsp_macro/xbip_dsp48_macro_0/U0/i_synth/i_synth_option.i_synth_model/opt_7series.i_uniwrap/i_primitive: When using the PreAdder and USE_DPORT is TRUE, the A operand should be restricted to 24 bit two's complement (and sign extended) to avoid over/underflow in the pre-add stage.
Related violations: <none>

REQP-1723#4 Warning
DSP_Abus_sign_bit_restriction  
array/pe_0_11/int8_quad_mac/mul/dsp_macro_wrapper/dsp_macro/xbip_dsp48_macro_0/U0/i_synth/i_synth_option.i_synth_model/opt_7series.i_uniwrap/i_primitive: When using the PreAdder and USE_DPORT is TRUE, the A operand should be restricted to 24 bit two's complement (and sign extended) to avoid over/underflow in the pre-add stage.
Related violations: <none>

REQP-1723#5 Warning
DSP_Abus_sign_bit_restriction  
array/pe_0_12/int8_quad_mac/mul/dsp_macro_wrapper/dsp_macro/xbip_dsp48_macro_0/U0/i_synth/i_synth_option.i_synth_model/opt_7series.i_uniwrap/i_primitive: When using the PreAdder and USE_DPORT is TRUE, the A operand should be restricted to 24 bit two's complement (and sign extended) to avoid over/underflow in the pre-add stage.
Related violations: <none>

REQP-1723#6 Warning
DSP_Abus_sign_bit_restriction  
array/pe_0_13/int8_quad_mac/mul/dsp_macro_wrapper/dsp_macro/xbip_dsp48_macro_0/U0/i_synth/i_synth_option.i_synth_model/opt_7series.i_uniwrap/i_primitive: When using the PreAdder and USE_DPORT is TRUE, the A operand should be restricted to 24 bit two's complement (and sign extended) to avoid over/underflow in the pre-add stage.
Related violations: <none>

REQP-1723#7 Warning
DSP_Abus_sign_bit_restriction  
array/pe_0_2/int8_quad_mac/mul/dsp_macro_wrapper/dsp_macro/xbip_dsp48_macro_0/U0/i_synth/i_synth_option.i_synth_model/opt_7series.i_uniwrap/i_primitive: When using the PreAdder and USE_DPORT is TRUE, the A operand should be restricted to 24 bit two's complement (and sign extended) to avoid over/underflow in the pre-add stage.
Related violations: <none>

REQP-1723#8 Warning
DSP_Abus_sign_bit_restriction  
array/pe_0_3/int8_quad_mac/mul/dsp_macro_wrapper/dsp_macro/xbip_dsp48_macro_0/U0/i_synth/i_synth_option.i_synth_model/opt_7series.i_uniwrap/i_primitive: When using the PreAdder and USE_DPORT is TRUE, the A operand should be restricted to 24 bit two's complement (and sign extended) to avoid over/underflow in the pre-add stage.
Related violations: <none>

REQP-1723#9 Warning
DSP_Abus_sign_bit_restriction  
array/pe_0_4/int8_quad_mac/mul/dsp_macro_wrapper/dsp_macro/xbip_dsp48_macro_0/U0/i_synth/i_synth_option.i_synth_model/opt_7series.i_uniwrap/i_primitive: When using the PreAdder and USE_DPORT is TRUE, the A operand should be restricted to 24 bit two's complement (and sign extended) to avoid over/underflow in the pre-add stage.
Related violations: <none>

REQP-1723#10 Warning
DSP_Abus_sign_bit_restriction  
array/pe_0_5/int8_quad_mac/mul/dsp_macro_wrapper/dsp_macro/xbip_dsp48_macro_0/U0/i_synth/i_synth_option.i_synth_model/opt_7series.i_uniwrap/i_primitive: When using the PreAdder and USE_DPORT is TRUE, the A operand should be restricted to 24 bit two's complement (and sign extended) to avoid over/underflow in the pre-add stage.
Related violations: <none>

REQP-1723#11 Warning
DSP_Abus_sign_bit_restriction  
array/pe_0_6/int8_quad_mac/mul/dsp_macro_wrapper/dsp_macro/xbip_dsp48_macro_0/U0/i_synth/i_synth_option.i_synth_model/opt_7series.i_uniwrap/i_primitive: When using the PreAdder and USE_DPORT is TRUE, the A operand should be restricted to 24 bit two's complement (and sign extended) to avoid over/underflow in the pre-add stage.
Related violations: <none>

REQP-1723#12 Warning
DSP_Abus_sign_bit_restriction  
array/pe_0_7/int8_quad_mac/mul/dsp_macro_wrapper/dsp_macro/xbip_dsp48_macro_0/U0/i_synth/i_synth_option.i_synth_model/opt_7series.i_uniwrap/i_primitive: When using the PreAdder and USE_DPORT is TRUE, the A operand should be restricted to 24 bit two's complement (and sign extended) to avoid over/underflow in the pre-add stage.
Related violations: <none>

REQP-1723#13 Warning
DSP_Abus_sign_bit_restriction  
array/pe_0_8/int8_quad_mac/mul/dsp_macro_wrapper/dsp_macro/xbip_dsp48_macro_0/U0/i_synth/i_synth_option.i_synth_model/opt_7series.i_uniwrap/i_primitive: When using the PreAdder and USE_DPORT is TRUE, the A operand should be restricted to 24 bit two's complement (and sign extended) to avoid over/underflow in the pre-add stage.
Related violations: <none>

REQP-1723#14 Warning
DSP_Abus_sign_bit_restriction  
array/pe_0_9/int8_quad_mac/mul/dsp_macro_wrapper/dsp_macro/xbip_dsp48_macro_0/U0/i_synth/i_synth_option.i_synth_model/opt_7series.i_uniwrap/i_primitive: When using the PreAdder and USE_DPORT is TRUE, the A operand should be restricted to 24 bit two's complement (and sign extended) to avoid over/underflow in the pre-add stage.
Related violations: <none>

REQP-1723#15 Warning
DSP_Abus_sign_bit_restriction  
array/pe_10_0/int8_quad_mac/mul/dsp_macro_wrapper/dsp_macro/xbip_dsp48_macro_0/U0/i_synth/i_synth_option.i_synth_model/opt_7series.i_uniwrap/i_primitive: When using the PreAdder and USE_DPORT is TRUE, the A operand should be restricted to 24 bit two's complement (and sign extended) to avoid over/underflow in the pre-add stage.
Related violations: <none>

REQP-1723#16 Warning
DSP_Abus_sign_bit_restriction  
array/pe_10_1/int8_quad_mac/mul/dsp_macro_wrapper/dsp_macro/xbip_dsp48_macro_0/U0/i_synth/i_synth_option.i_synth_model/opt_7series.i_uniwrap/i_primitive: When using the PreAdder and USE_DPORT is TRUE, the A operand should be restricted to 24 bit two's complement (and sign extended) to avoid over/underflow in the pre-add stage.
Related violations: <none>

REQP-1723#17 Warning
DSP_Abus_sign_bit_restriction  
array/pe_10_10/int8_quad_mac/mul/dsp_macro_wrapper/dsp_macro/xbip_dsp48_macro_0/U0/i_synth/i_synth_option.i_synth_model/opt_7series.i_uniwrap/i_primitive: When using the PreAdder and USE_DPORT is TRUE, the A operand should be restricted to 24 bit two's complement (and sign extended) to avoid over/underflow in the pre-add stage.
Related violations: <none>

REQP-1723#18 Warning
DSP_Abus_sign_bit_restriction  
array/pe_10_11/int8_quad_mac/mul/dsp_macro_wrapper/dsp_macro/xbip_dsp48_macro_0/U0/i_synth/i_synth_option.i_synth_model/opt_7series.i_uniwrap/i_primitive: When using the PreAdder and USE_DPORT is TRUE, the A operand should be restricted to 24 bit two's complement (and sign extended) to avoid over/underflow in the pre-add stage.
Related violations: <none>

REQP-1723#19 Warning
DSP_Abus_sign_bit_restriction  
array/pe_10_12/int8_quad_mac/mul/dsp_macro_wrapper/dsp_macro/xbip_dsp48_macro_0/U0/i_synth/i_synth_option.i_synth_model/opt_7series.i_uniwrap/i_primitive: When using the PreAdder and USE_DPORT is TRUE, the A operand should be restricted to 24 bit two's complement (and sign extended) to avoid over/underflow in the pre-add stage.
Related violations: <none>

REQP-1723#20 Warning
DSP_Abus_sign_bit_restriction  
array/pe_10_13/int8_quad_mac/mul/dsp_macro_wrapper/dsp_macro/xbip_dsp48_macro_0/U0/i_synth/i_synth_option.i_synth_model/opt_7series.i_uniwrap/i_primitive: When using the PreAdder and USE_DPORT is TRUE, the A operand should be restricted to 24 bit two's complement (and sign extended) to avoid over/underflow in the pre-add stage.
Related violations: <none>

REQP-1723#21 Warning
DSP_Abus_sign_bit_restriction  
array/pe_10_2/int8_quad_mac/mul/dsp_macro_wrapper/dsp_macro/xbip_dsp48_macro_0/U0/i_synth/i_synth_option.i_synth_model/opt_7series.i_uniwrap/i_primitive: When using the PreAdder and USE_DPORT is TRUE, the A operand should be restricted to 24 bit two's complement (and sign extended) to avoid over/underflow in the pre-add stage.
Related violations: <none>

REQP-1723#22 Warning
DSP_Abus_sign_bit_restriction  
array/pe_10_3/int8_quad_mac/mul/dsp_macro_wrapper/dsp_macro/xbip_dsp48_macro_0/U0/i_synth/i_synth_option.i_synth_model/opt_7series.i_uniwrap/i_primitive: When using the PreAdder and USE_DPORT is TRUE, the A operand should be restricted to 24 bit two's complement (and sign extended) to avoid over/underflow in the pre-add stage.
Related violations: <none>

REQP-1723#23 Warning
DSP_Abus_sign_bit_restriction  
array/pe_10_4/int8_quad_mac/mul/dsp_macro_wrapper/dsp_macro/xbip_dsp48_macro_0/U0/i_synth/i_synth_option.i_synth_model/opt_7series.i_uniwrap/i_primitive: When using the PreAdder and USE_DPORT is TRUE, the A operand should be restricted to 24 bit two's complement (and sign extended) to avoid over/underflow in the pre-add stage.
Related violations: <none>

REQP-1723#24 Warning
DSP_Abus_sign_bit_restriction  
array/pe_10_5/int8_quad_mac/mul/dsp_macro_wrapper/dsp_macro/xbip_dsp48_macro_0/U0/i_synth/i_synth_option.i_synth_model/opt_7series.i_uniwrap/i_primitive: When using the PreAdder and USE_DPORT is TRUE, the A operand should be restricted to 24 bit two's complement (and sign extended) to avoid over/underflow in the pre-add stage.
Related violations: <none>

REQP-1723#25 Warning
DSP_Abus_sign_bit_restriction  
array/pe_10_6/int8_quad_mac/mul/dsp_macro_wrapper/dsp_macro/xbip_dsp48_macro_0/U0/i_synth/i_synth_option.i_synth_model/opt_7series.i_uniwrap/i_primitive: When using the PreAdder and USE_DPORT is TRUE, the A operand should be restricted to 24 bit two's complement (and sign extended) to avoid over/underflow in the pre-add stage.
Related violations: <none>

REQP-1723#26 Warning
DSP_Abus_sign_bit_restriction  
array/pe_10_7/int8_quad_mac/mul/dsp_macro_wrapper/dsp_macro/xbip_dsp48_macro_0/U0/i_synth/i_synth_option.i_synth_model/opt_7series.i_uniwrap/i_primitive: When using the PreAdder and USE_DPORT is TRUE, the A operand should be restricted to 24 bit two's complement (and sign extended) to avoid over/underflow in the pre-add stage.
Related violations: <none>

REQP-1723#27 Warning
DSP_Abus_sign_bit_restriction  
array/pe_10_8/int8_quad_mac/mul/dsp_macro_wrapper/dsp_macro/xbip_dsp48_macro_0/U0/i_synth/i_synth_option.i_synth_model/opt_7series.i_uniwrap/i_primitive: When using the PreAdder and USE_DPORT is TRUE, the A operand should be restricted to 24 bit two's complement (and sign extended) to avoid over/underflow in the pre-add stage.
Related violations: <none>

REQP-1723#28 Warning
DSP_Abus_sign_bit_restriction  
array/pe_10_9/int8_quad_mac/mul/dsp_macro_wrapper/dsp_macro/xbip_dsp48_macro_0/U0/i_synth/i_synth_option.i_synth_model/opt_7series.i_uniwrap/i_primitive: When using the PreAdder and USE_DPORT is TRUE, the A operand should be restricted to 24 bit two's complement (and sign extended) to avoid over/underflow in the pre-add stage.
Related violations: <none>

REQP-1723#29 Warning
DSP_Abus_sign_bit_restriction  
array/pe_11_0/int8_quad_mac/mul/dsp_macro_wrapper/dsp_macro/xbip_dsp48_macro_0/U0/i_synth/i_synth_option.i_synth_model/opt_7series.i_uniwrap/i_primitive: When using the PreAdder and USE_DPORT is TRUE, the A operand should be restricted to 24 bit two's complement (and sign extended) to avoid over/underflow in the pre-add stage.
Related violations: <none>

REQP-1723#30 Warning
DSP_Abus_sign_bit_restriction  
array/pe_11_1/int8_quad_mac/mul/dsp_macro_wrapper/dsp_macro/xbip_dsp48_macro_0/U0/i_synth/i_synth_option.i_synth_model/opt_7series.i_uniwrap/i_primitive: When using the PreAdder and USE_DPORT is TRUE, the A operand should be restricted to 24 bit two's complement (and sign extended) to avoid over/underflow in the pre-add stage.
Related violations: <none>

REQP-1723#31 Warning
DSP_Abus_sign_bit_restriction  
array/pe_11_10/int8_quad_mac/mul/dsp_macro_wrapper/dsp_macro/xbip_dsp48_macro_0/U0/i_synth/i_synth_option.i_synth_model/opt_7series.i_uniwrap/i_primitive: When using the PreAdder and USE_DPORT is TRUE, the A operand should be restricted to 24 bit two's complement (and sign extended) to avoid over/underflow in the pre-add stage.
Related violations: <none>

REQP-1723#32 Warning
DSP_Abus_sign_bit_restriction  
array/pe_11_11/int8_quad_mac/mul/dsp_macro_wrapper/dsp_macro/xbip_dsp48_macro_0/U0/i_synth/i_synth_option.i_synth_model/opt_7series.i_uniwrap/i_primitive: When using the PreAdder and USE_DPORT is TRUE, the A operand should be restricted to 24 bit two's complement (and sign extended) to avoid over/underflow in the pre-add stage.
Related violations: <none>

REQP-1723#33 Warning
DSP_Abus_sign_bit_restriction  
array/pe_11_12/int8_quad_mac/mul/dsp_macro_wrapper/dsp_macro/xbip_dsp48_macro_0/U0/i_synth/i_synth_option.i_synth_model/opt_7series.i_uniwrap/i_primitive: When using the PreAdder and USE_DPORT is TRUE, the A operand should be restricted to 24 bit two's complement (and sign extended) to avoid over/underflow in the pre-add stage.
Related violations: <none>

REQP-1723#34 Warning
DSP_Abus_sign_bit_restriction  
array/pe_11_13/int8_quad_mac/mul/dsp_macro_wrapper/dsp_macro/xbip_dsp48_macro_0/U0/i_synth/i_synth_option.i_synth_model/opt_7series.i_uniwrap/i_primitive: When using the PreAdder and USE_DPORT is TRUE, the A operand should be restricted to 24 bit two's complement (and sign extended) to avoid over/underflow in the pre-add stage.
Related violations: <none>

REQP-1723#35 Warning
DSP_Abus_sign_bit_restriction  
array/pe_11_2/int8_quad_mac/mul/dsp_macro_wrapper/dsp_macro/xbip_dsp48_macro_0/U0/i_synth/i_synth_option.i_synth_model/opt_7series.i_uniwrap/i_primitive: When using the PreAdder and USE_DPORT is TRUE, the A operand should be restricted to 24 bit two's complement (and sign extended) to avoid over/underflow in the pre-add stage.
Related violations: <none>

REQP-1723#36 Warning
DSP_Abus_sign_bit_restriction  
array/pe_11_3/int8_quad_mac/mul/dsp_macro_wrapper/dsp_macro/xbip_dsp48_macro_0/U0/i_synth/i_synth_option.i_synth_model/opt_7series.i_uniwrap/i_primitive: When using the PreAdder and USE_DPORT is TRUE, the A operand should be restricted to 24 bit two's complement (and sign extended) to avoid over/underflow in the pre-add stage.
Related violations: <none>

REQP-1723#37 Warning
DSP_Abus_sign_bit_restriction  
array/pe_11_4/int8_quad_mac/mul/dsp_macro_wrapper/dsp_macro/xbip_dsp48_macro_0/U0/i_synth/i_synth_option.i_synth_model/opt_7series.i_uniwrap/i_primitive: When using the PreAdder and USE_DPORT is TRUE, the A operand should be restricted to 24 bit two's complement (and sign extended) to avoid over/underflow in the pre-add stage.
Related violations: <none>

REQP-1723#38 Warning
DSP_Abus_sign_bit_restriction  
array/pe_11_5/int8_quad_mac/mul/dsp_macro_wrapper/dsp_macro/xbip_dsp48_macro_0/U0/i_synth/i_synth_option.i_synth_model/opt_7series.i_uniwrap/i_primitive: When using the PreAdder and USE_DPORT is TRUE, the A operand should be restricted to 24 bit two's complement (and sign extended) to avoid over/underflow in the pre-add stage.
Related violations: <none>

REQP-1723#39 Warning
DSP_Abus_sign_bit_restriction  
array/pe_11_6/int8_quad_mac/mul/dsp_macro_wrapper/dsp_macro/xbip_dsp48_macro_0/U0/i_synth/i_synth_option.i_synth_model/opt_7series.i_uniwrap/i_primitive: When using the PreAdder and USE_DPORT is TRUE, the A operand should be restricted to 24 bit two's complement (and sign extended) to avoid over/underflow in the pre-add stage.
Related violations: <none>

REQP-1723#40 Warning
DSP_Abus_sign_bit_restriction  
array/pe_11_7/int8_quad_mac/mul/dsp_macro_wrapper/dsp_macro/xbip_dsp48_macro_0/U0/i_synth/i_synth_option.i_synth_model/opt_7series.i_uniwrap/i_primitive: When using the PreAdder and USE_DPORT is TRUE, the A operand should be restricted to 24 bit two's complement (and sign extended) to avoid over/underflow in the pre-add stage.
Related violations: <none>

REQP-1723#41 Warning
DSP_Abus_sign_bit_restriction  
array/pe_11_8/int8_quad_mac/mul/dsp_macro_wrapper/dsp_macro/xbip_dsp48_macro_0/U0/i_synth/i_synth_option.i_synth_model/opt_7series.i_uniwrap/i_primitive: When using the PreAdder and USE_DPORT is TRUE, the A operand should be restricted to 24 bit two's complement (and sign extended) to avoid over/underflow in the pre-add stage.
Related violations: <none>

REQP-1723#42 Warning
DSP_Abus_sign_bit_restriction  
array/pe_11_9/int8_quad_mac/mul/dsp_macro_wrapper/dsp_macro/xbip_dsp48_macro_0/U0/i_synth/i_synth_option.i_synth_model/opt_7series.i_uniwrap/i_primitive: When using the PreAdder and USE_DPORT is TRUE, the A operand should be restricted to 24 bit two's complement (and sign extended) to avoid over/underflow in the pre-add stage.
Related violations: <none>

REQP-1723#43 Warning
DSP_Abus_sign_bit_restriction  
array/pe_12_0/int8_quad_mac/mul/dsp_macro_wrapper/dsp_macro/xbip_dsp48_macro_0/U0/i_synth/i_synth_option.i_synth_model/opt_7series.i_uniwrap/i_primitive: When using the PreAdder and USE_DPORT is TRUE, the A operand should be restricted to 24 bit two's complement (and sign extended) to avoid over/underflow in the pre-add stage.
Related violations: <none>

REQP-1723#44 Warning
DSP_Abus_sign_bit_restriction  
array/pe_12_1/int8_quad_mac/mul/dsp_macro_wrapper/dsp_macro/xbip_dsp48_macro_0/U0/i_synth/i_synth_option.i_synth_model/opt_7series.i_uniwrap/i_primitive: When using the PreAdder and USE_DPORT is TRUE, the A operand should be restricted to 24 bit two's complement (and sign extended) to avoid over/underflow in the pre-add stage.
Related violations: <none>

REQP-1723#45 Warning
DSP_Abus_sign_bit_restriction  
array/pe_12_10/int8_quad_mac/mul/dsp_macro_wrapper/dsp_macro/xbip_dsp48_macro_0/U0/i_synth/i_synth_option.i_synth_model/opt_7series.i_uniwrap/i_primitive: When using the PreAdder and USE_DPORT is TRUE, the A operand should be restricted to 24 bit two's complement (and sign extended) to avoid over/underflow in the pre-add stage.
Related violations: <none>

REQP-1723#46 Warning
DSP_Abus_sign_bit_restriction  
array/pe_12_11/int8_quad_mac/mul/dsp_macro_wrapper/dsp_macro/xbip_dsp48_macro_0/U0/i_synth/i_synth_option.i_synth_model/opt_7series.i_uniwrap/i_primitive: When using the PreAdder and USE_DPORT is TRUE, the A operand should be restricted to 24 bit two's complement (and sign extended) to avoid over/underflow in the pre-add stage.
Related violations: <none>

REQP-1723#47 Warning
DSP_Abus_sign_bit_restriction  
array/pe_12_12/int8_quad_mac/mul/dsp_macro_wrapper/dsp_macro/xbip_dsp48_macro_0/U0/i_synth/i_synth_option.i_synth_model/opt_7series.i_uniwrap/i_primitive: When using the PreAdder and USE_DPORT is TRUE, the A operand should be restricted to 24 bit two's complement (and sign extended) to avoid over/underflow in the pre-add stage.
Related violations: <none>

REQP-1723#48 Warning
DSP_Abus_sign_bit_restriction  
array/pe_12_13/int8_quad_mac/mul/dsp_macro_wrapper/dsp_macro/xbip_dsp48_macro_0/U0/i_synth/i_synth_option.i_synth_model/opt_7series.i_uniwrap/i_primitive: When using the PreAdder and USE_DPORT is TRUE, the A operand should be restricted to 24 bit two's complement (and sign extended) to avoid over/underflow in the pre-add stage.
Related violations: <none>

REQP-1723#49 Warning
DSP_Abus_sign_bit_restriction  
array/pe_12_2/int8_quad_mac/mul/dsp_macro_wrapper/dsp_macro/xbip_dsp48_macro_0/U0/i_synth/i_synth_option.i_synth_model/opt_7series.i_uniwrap/i_primitive: When using the PreAdder and USE_DPORT is TRUE, the A operand should be restricted to 24 bit two's complement (and sign extended) to avoid over/underflow in the pre-add stage.
Related violations: <none>

REQP-1723#50 Warning
DSP_Abus_sign_bit_restriction  
array/pe_12_3/int8_quad_mac/mul/dsp_macro_wrapper/dsp_macro/xbip_dsp48_macro_0/U0/i_synth/i_synth_option.i_synth_model/opt_7series.i_uniwrap/i_primitive: When using the PreAdder and USE_DPORT is TRUE, the A operand should be restricted to 24 bit two's complement (and sign extended) to avoid over/underflow in the pre-add stage.
Related violations: <none>

REQP-1723#51 Warning
DSP_Abus_sign_bit_restriction  
array/pe_12_4/int8_quad_mac/mul/dsp_macro_wrapper/dsp_macro/xbip_dsp48_macro_0/U0/i_synth/i_synth_option.i_synth_model/opt_7series.i_uniwrap/i_primitive: When using the PreAdder and USE_DPORT is TRUE, the A operand should be restricted to 24 bit two's complement (and sign extended) to avoid over/underflow in the pre-add stage.
Related violations: <none>

REQP-1723#52 Warning
DSP_Abus_sign_bit_restriction  
array/pe_12_5/int8_quad_mac/mul/dsp_macro_wrapper/dsp_macro/xbip_dsp48_macro_0/U0/i_synth/i_synth_option.i_synth_model/opt_7series.i_uniwrap/i_primitive: When using the PreAdder and USE_DPORT is TRUE, the A operand should be restricted to 24 bit two's complement (and sign extended) to avoid over/underflow in the pre-add stage.
Related violations: <none>

REQP-1723#53 Warning
DSP_Abus_sign_bit_restriction  
array/pe_12_6/int8_quad_mac/mul/dsp_macro_wrapper/dsp_macro/xbip_dsp48_macro_0/U0/i_synth/i_synth_option.i_synth_model/opt_7series.i_uniwrap/i_primitive: When using the PreAdder and USE_DPORT is TRUE, the A operand should be restricted to 24 bit two's complement (and sign extended) to avoid over/underflow in the pre-add stage.
Related violations: <none>

REQP-1723#54 Warning
DSP_Abus_sign_bit_restriction  
array/pe_12_7/int8_quad_mac/mul/dsp_macro_wrapper/dsp_macro/xbip_dsp48_macro_0/U0/i_synth/i_synth_option.i_synth_model/opt_7series.i_uniwrap/i_primitive: When using the PreAdder and USE_DPORT is TRUE, the A operand should be restricted to 24 bit two's complement (and sign extended) to avoid over/underflow in the pre-add stage.
Related violations: <none>

REQP-1723#55 Warning
DSP_Abus_sign_bit_restriction  
array/pe_12_8/int8_quad_mac/mul/dsp_macro_wrapper/dsp_macro/xbip_dsp48_macro_0/U0/i_synth/i_synth_option.i_synth_model/opt_7series.i_uniwrap/i_primitive: When using the PreAdder and USE_DPORT is TRUE, the A operand should be restricted to 24 bit two's complement (and sign extended) to avoid over/underflow in the pre-add stage.
Related violations: <none>

REQP-1723#56 Warning
DSP_Abus_sign_bit_restriction  
array/pe_12_9/int8_quad_mac/mul/dsp_macro_wrapper/dsp_macro/xbip_dsp48_macro_0/U0/i_synth/i_synth_option.i_synth_model/opt_7series.i_uniwrap/i_primitive: When using the PreAdder and USE_DPORT is TRUE, the A operand should be restricted to 24 bit two's complement (and sign extended) to avoid over/underflow in the pre-add stage.
Related violations: <none>

REQP-1723#57 Warning
DSP_Abus_sign_bit_restriction  
array/pe_13_0/int8_quad_mac/mul/dsp_macro_wrapper/dsp_macro/xbip_dsp48_macro_0/U0/i_synth/i_synth_option.i_synth_model/opt_7series.i_uniwrap/i_primitive: When using the PreAdder and USE_DPORT is TRUE, the A operand should be restricted to 24 bit two's complement (and sign extended) to avoid over/underflow in the pre-add stage.
Related violations: <none>

REQP-1723#58 Warning
DSP_Abus_sign_bit_restriction  
array/pe_13_1/int8_quad_mac/mul/dsp_macro_wrapper/dsp_macro/xbip_dsp48_macro_0/U0/i_synth/i_synth_option.i_synth_model/opt_7series.i_uniwrap/i_primitive: When using the PreAdder and USE_DPORT is TRUE, the A operand should be restricted to 24 bit two's complement (and sign extended) to avoid over/underflow in the pre-add stage.
Related violations: <none>

REQP-1723#59 Warning
DSP_Abus_sign_bit_restriction  
array/pe_13_10/int8_quad_mac/mul/dsp_macro_wrapper/dsp_macro/xbip_dsp48_macro_0/U0/i_synth/i_synth_option.i_synth_model/opt_7series.i_uniwrap/i_primitive: When using the PreAdder and USE_DPORT is TRUE, the A operand should be restricted to 24 bit two's complement (and sign extended) to avoid over/underflow in the pre-add stage.
Related violations: <none>

REQP-1723#60 Warning
DSP_Abus_sign_bit_restriction  
array/pe_13_11/int8_quad_mac/mul/dsp_macro_wrapper/dsp_macro/xbip_dsp48_macro_0/U0/i_synth/i_synth_option.i_synth_model/opt_7series.i_uniwrap/i_primitive: When using the PreAdder and USE_DPORT is TRUE, the A operand should be restricted to 24 bit two's complement (and sign extended) to avoid over/underflow in the pre-add stage.
Related violations: <none>

REQP-1723#61 Warning
DSP_Abus_sign_bit_restriction  
array/pe_13_12/int8_quad_mac/mul/dsp_macro_wrapper/dsp_macro/xbip_dsp48_macro_0/U0/i_synth/i_synth_option.i_synth_model/opt_7series.i_uniwrap/i_primitive: When using the PreAdder and USE_DPORT is TRUE, the A operand should be restricted to 24 bit two's complement (and sign extended) to avoid over/underflow in the pre-add stage.
Related violations: <none>

REQP-1723#62 Warning
DSP_Abus_sign_bit_restriction  
array/pe_13_13/int8_quad_mac/mul/dsp_macro_wrapper/dsp_macro/xbip_dsp48_macro_0/U0/i_synth/i_synth_option.i_synth_model/opt_7series.i_uniwrap/i_primitive: When using the PreAdder and USE_DPORT is TRUE, the A operand should be restricted to 24 bit two's complement (and sign extended) to avoid over/underflow in the pre-add stage.
Related violations: <none>

REQP-1723#63 Warning
DSP_Abus_sign_bit_restriction  
array/pe_13_2/int8_quad_mac/mul/dsp_macro_wrapper/dsp_macro/xbip_dsp48_macro_0/U0/i_synth/i_synth_option.i_synth_model/opt_7series.i_uniwrap/i_primitive: When using the PreAdder and USE_DPORT is TRUE, the A operand should be restricted to 24 bit two's complement (and sign extended) to avoid over/underflow in the pre-add stage.
Related violations: <none>

REQP-1723#64 Warning
DSP_Abus_sign_bit_restriction  
array/pe_13_3/int8_quad_mac/mul/dsp_macro_wrapper/dsp_macro/xbip_dsp48_macro_0/U0/i_synth/i_synth_option.i_synth_model/opt_7series.i_uniwrap/i_primitive: When using the PreAdder and USE_DPORT is TRUE, the A operand should be restricted to 24 bit two's complement (and sign extended) to avoid over/underflow in the pre-add stage.
Related violations: <none>

REQP-1723#65 Warning
DSP_Abus_sign_bit_restriction  
array/pe_13_4/int8_quad_mac/mul/dsp_macro_wrapper/dsp_macro/xbip_dsp48_macro_0/U0/i_synth/i_synth_option.i_synth_model/opt_7series.i_uniwrap/i_primitive: When using the PreAdder and USE_DPORT is TRUE, the A operand should be restricted to 24 bit two's complement (and sign extended) to avoid over/underflow in the pre-add stage.
Related violations: <none>

REQP-1723#66 Warning
DSP_Abus_sign_bit_restriction  
array/pe_13_5/int8_quad_mac/mul/dsp_macro_wrapper/dsp_macro/xbip_dsp48_macro_0/U0/i_synth/i_synth_option.i_synth_model/opt_7series.i_uniwrap/i_primitive: When using the PreAdder and USE_DPORT is TRUE, the A operand should be restricted to 24 bit two's complement (and sign extended) to avoid over/underflow in the pre-add stage.
Related violations: <none>

REQP-1723#67 Warning
DSP_Abus_sign_bit_restriction  
array/pe_13_6/int8_quad_mac/mul/dsp_macro_wrapper/dsp_macro/xbip_dsp48_macro_0/U0/i_synth/i_synth_option.i_synth_model/opt_7series.i_uniwrap/i_primitive: When using the PreAdder and USE_DPORT is TRUE, the A operand should be restricted to 24 bit two's complement (and sign extended) to avoid over/underflow in the pre-add stage.
Related violations: <none>

REQP-1723#68 Warning
DSP_Abus_sign_bit_restriction  
array/pe_13_7/int8_quad_mac/mul/dsp_macro_wrapper/dsp_macro/xbip_dsp48_macro_0/U0/i_synth/i_synth_option.i_synth_model/opt_7series.i_uniwrap/i_primitive: When using the PreAdder and USE_DPORT is TRUE, the A operand should be restricted to 24 bit two's complement (and sign extended) to avoid over/underflow in the pre-add stage.
Related violations: <none>

REQP-1723#69 Warning
DSP_Abus_sign_bit_restriction  
array/pe_13_8/int8_quad_mac/mul/dsp_macro_wrapper/dsp_macro/xbip_dsp48_macro_0/U0/i_synth/i_synth_option.i_synth_model/opt_7series.i_uniwrap/i_primitive: When using the PreAdder and USE_DPORT is TRUE, the A operand should be restricted to 24 bit two's complement (and sign extended) to avoid over/underflow in the pre-add stage.
Related violations: <none>

REQP-1723#70 Warning
DSP_Abus_sign_bit_restriction  
array/pe_13_9/int8_quad_mac/mul/dsp_macro_wrapper/dsp_macro/xbip_dsp48_macro_0/U0/i_synth/i_synth_option.i_synth_model/opt_7series.i_uniwrap/i_primitive: When using the PreAdder and USE_DPORT is TRUE, the A operand should be restricted to 24 bit two's complement (and sign extended) to avoid over/underflow in the pre-add stage.
Related violations: <none>

REQP-1723#71 Warning
DSP_Abus_sign_bit_restriction  
array/pe_1_0/int8_quad_mac/mul/dsp_macro_wrapper/dsp_macro/xbip_dsp48_macro_0/U0/i_synth/i_synth_option.i_synth_model/opt_7series.i_uniwrap/i_primitive: When using the PreAdder and USE_DPORT is TRUE, the A operand should be restricted to 24 bit two's complement (and sign extended) to avoid over/underflow in the pre-add stage.
Related violations: <none>

REQP-1723#72 Warning
DSP_Abus_sign_bit_restriction  
array/pe_1_1/int8_quad_mac/mul/dsp_macro_wrapper/dsp_macro/xbip_dsp48_macro_0/U0/i_synth/i_synth_option.i_synth_model/opt_7series.i_uniwrap/i_primitive: When using the PreAdder and USE_DPORT is TRUE, the A operand should be restricted to 24 bit two's complement (and sign extended) to avoid over/underflow in the pre-add stage.
Related violations: <none>

REQP-1723#73 Warning
DSP_Abus_sign_bit_restriction  
array/pe_1_10/int8_quad_mac/mul/dsp_macro_wrapper/dsp_macro/xbip_dsp48_macro_0/U0/i_synth/i_synth_option.i_synth_model/opt_7series.i_uniwrap/i_primitive: When using the PreAdder and USE_DPORT is TRUE, the A operand should be restricted to 24 bit two's complement (and sign extended) to avoid over/underflow in the pre-add stage.
Related violations: <none>

REQP-1723#74 Warning
DSP_Abus_sign_bit_restriction  
array/pe_1_11/int8_quad_mac/mul/dsp_macro_wrapper/dsp_macro/xbip_dsp48_macro_0/U0/i_synth/i_synth_option.i_synth_model/opt_7series.i_uniwrap/i_primitive: When using the PreAdder and USE_DPORT is TRUE, the A operand should be restricted to 24 bit two's complement (and sign extended) to avoid over/underflow in the pre-add stage.
Related violations: <none>

REQP-1723#75 Warning
DSP_Abus_sign_bit_restriction  
array/pe_1_12/int8_quad_mac/mul/dsp_macro_wrapper/dsp_macro/xbip_dsp48_macro_0/U0/i_synth/i_synth_option.i_synth_model/opt_7series.i_uniwrap/i_primitive: When using the PreAdder and USE_DPORT is TRUE, the A operand should be restricted to 24 bit two's complement (and sign extended) to avoid over/underflow in the pre-add stage.
Related violations: <none>

REQP-1723#76 Warning
DSP_Abus_sign_bit_restriction  
array/pe_1_13/int8_quad_mac/mul/dsp_macro_wrapper/dsp_macro/xbip_dsp48_macro_0/U0/i_synth/i_synth_option.i_synth_model/opt_7series.i_uniwrap/i_primitive: When using the PreAdder and USE_DPORT is TRUE, the A operand should be restricted to 24 bit two's complement (and sign extended) to avoid over/underflow in the pre-add stage.
Related violations: <none>

REQP-1723#77 Warning
DSP_Abus_sign_bit_restriction  
array/pe_1_2/int8_quad_mac/mul/dsp_macro_wrapper/dsp_macro/xbip_dsp48_macro_0/U0/i_synth/i_synth_option.i_synth_model/opt_7series.i_uniwrap/i_primitive: When using the PreAdder and USE_DPORT is TRUE, the A operand should be restricted to 24 bit two's complement (and sign extended) to avoid over/underflow in the pre-add stage.
Related violations: <none>

REQP-1723#78 Warning
DSP_Abus_sign_bit_restriction  
array/pe_1_3/int8_quad_mac/mul/dsp_macro_wrapper/dsp_macro/xbip_dsp48_macro_0/U0/i_synth/i_synth_option.i_synth_model/opt_7series.i_uniwrap/i_primitive: When using the PreAdder and USE_DPORT is TRUE, the A operand should be restricted to 24 bit two's complement (and sign extended) to avoid over/underflow in the pre-add stage.
Related violations: <none>

REQP-1723#79 Warning
DSP_Abus_sign_bit_restriction  
array/pe_1_4/int8_quad_mac/mul/dsp_macro_wrapper/dsp_macro/xbip_dsp48_macro_0/U0/i_synth/i_synth_option.i_synth_model/opt_7series.i_uniwrap/i_primitive: When using the PreAdder and USE_DPORT is TRUE, the A operand should be restricted to 24 bit two's complement (and sign extended) to avoid over/underflow in the pre-add stage.
Related violations: <none>

REQP-1723#80 Warning
DSP_Abus_sign_bit_restriction  
array/pe_1_5/int8_quad_mac/mul/dsp_macro_wrapper/dsp_macro/xbip_dsp48_macro_0/U0/i_synth/i_synth_option.i_synth_model/opt_7series.i_uniwrap/i_primitive: When using the PreAdder and USE_DPORT is TRUE, the A operand should be restricted to 24 bit two's complement (and sign extended) to avoid over/underflow in the pre-add stage.
Related violations: <none>

REQP-1723#81 Warning
DSP_Abus_sign_bit_restriction  
array/pe_1_6/int8_quad_mac/mul/dsp_macro_wrapper/dsp_macro/xbip_dsp48_macro_0/U0/i_synth/i_synth_option.i_synth_model/opt_7series.i_uniwrap/i_primitive: When using the PreAdder and USE_DPORT is TRUE, the A operand should be restricted to 24 bit two's complement (and sign extended) to avoid over/underflow in the pre-add stage.
Related violations: <none>

REQP-1723#82 Warning
DSP_Abus_sign_bit_restriction  
array/pe_1_7/int8_quad_mac/mul/dsp_macro_wrapper/dsp_macro/xbip_dsp48_macro_0/U0/i_synth/i_synth_option.i_synth_model/opt_7series.i_uniwrap/i_primitive: When using the PreAdder and USE_DPORT is TRUE, the A operand should be restricted to 24 bit two's complement (and sign extended) to avoid over/underflow in the pre-add stage.
Related violations: <none>

REQP-1723#83 Warning
DSP_Abus_sign_bit_restriction  
array/pe_1_8/int8_quad_mac/mul/dsp_macro_wrapper/dsp_macro/xbip_dsp48_macro_0/U0/i_synth/i_synth_option.i_synth_model/opt_7series.i_uniwrap/i_primitive: When using the PreAdder and USE_DPORT is TRUE, the A operand should be restricted to 24 bit two's complement (and sign extended) to avoid over/underflow in the pre-add stage.
Related violations: <none>

REQP-1723#84 Warning
DSP_Abus_sign_bit_restriction  
array/pe_1_9/int8_quad_mac/mul/dsp_macro_wrapper/dsp_macro/xbip_dsp48_macro_0/U0/i_synth/i_synth_option.i_synth_model/opt_7series.i_uniwrap/i_primitive: When using the PreAdder and USE_DPORT is TRUE, the A operand should be restricted to 24 bit two's complement (and sign extended) to avoid over/underflow in the pre-add stage.
Related violations: <none>

REQP-1723#85 Warning
DSP_Abus_sign_bit_restriction  
array/pe_2_0/int8_quad_mac/mul/dsp_macro_wrapper/dsp_macro/xbip_dsp48_macro_0/U0/i_synth/i_synth_option.i_synth_model/opt_7series.i_uniwrap/i_primitive: When using the PreAdder and USE_DPORT is TRUE, the A operand should be restricted to 24 bit two's complement (and sign extended) to avoid over/underflow in the pre-add stage.
Related violations: <none>

REQP-1723#86 Warning
DSP_Abus_sign_bit_restriction  
array/pe_2_1/int8_quad_mac/mul/dsp_macro_wrapper/dsp_macro/xbip_dsp48_macro_0/U0/i_synth/i_synth_option.i_synth_model/opt_7series.i_uniwrap/i_primitive: When using the PreAdder and USE_DPORT is TRUE, the A operand should be restricted to 24 bit two's complement (and sign extended) to avoid over/underflow in the pre-add stage.
Related violations: <none>

REQP-1723#87 Warning
DSP_Abus_sign_bit_restriction  
array/pe_2_10/int8_quad_mac/mul/dsp_macro_wrapper/dsp_macro/xbip_dsp48_macro_0/U0/i_synth/i_synth_option.i_synth_model/opt_7series.i_uniwrap/i_primitive: When using the PreAdder and USE_DPORT is TRUE, the A operand should be restricted to 24 bit two's complement (and sign extended) to avoid over/underflow in the pre-add stage.
Related violations: <none>

REQP-1723#88 Warning
DSP_Abus_sign_bit_restriction  
array/pe_2_11/int8_quad_mac/mul/dsp_macro_wrapper/dsp_macro/xbip_dsp48_macro_0/U0/i_synth/i_synth_option.i_synth_model/opt_7series.i_uniwrap/i_primitive: When using the PreAdder and USE_DPORT is TRUE, the A operand should be restricted to 24 bit two's complement (and sign extended) to avoid over/underflow in the pre-add stage.
Related violations: <none>

REQP-1723#89 Warning
DSP_Abus_sign_bit_restriction  
array/pe_2_12/int8_quad_mac/mul/dsp_macro_wrapper/dsp_macro/xbip_dsp48_macro_0/U0/i_synth/i_synth_option.i_synth_model/opt_7series.i_uniwrap/i_primitive: When using the PreAdder and USE_DPORT is TRUE, the A operand should be restricted to 24 bit two's complement (and sign extended) to avoid over/underflow in the pre-add stage.
Related violations: <none>

REQP-1723#90 Warning
DSP_Abus_sign_bit_restriction  
array/pe_2_13/int8_quad_mac/mul/dsp_macro_wrapper/dsp_macro/xbip_dsp48_macro_0/U0/i_synth/i_synth_option.i_synth_model/opt_7series.i_uniwrap/i_primitive: When using the PreAdder and USE_DPORT is TRUE, the A operand should be restricted to 24 bit two's complement (and sign extended) to avoid over/underflow in the pre-add stage.
Related violations: <none>

REQP-1723#91 Warning
DSP_Abus_sign_bit_restriction  
array/pe_2_2/int8_quad_mac/mul/dsp_macro_wrapper/dsp_macro/xbip_dsp48_macro_0/U0/i_synth/i_synth_option.i_synth_model/opt_7series.i_uniwrap/i_primitive: When using the PreAdder and USE_DPORT is TRUE, the A operand should be restricted to 24 bit two's complement (and sign extended) to avoid over/underflow in the pre-add stage.
Related violations: <none>

REQP-1723#92 Warning
DSP_Abus_sign_bit_restriction  
array/pe_2_3/int8_quad_mac/mul/dsp_macro_wrapper/dsp_macro/xbip_dsp48_macro_0/U0/i_synth/i_synth_option.i_synth_model/opt_7series.i_uniwrap/i_primitive: When using the PreAdder and USE_DPORT is TRUE, the A operand should be restricted to 24 bit two's complement (and sign extended) to avoid over/underflow in the pre-add stage.
Related violations: <none>

REQP-1723#93 Warning
DSP_Abus_sign_bit_restriction  
array/pe_2_4/int8_quad_mac/mul/dsp_macro_wrapper/dsp_macro/xbip_dsp48_macro_0/U0/i_synth/i_synth_option.i_synth_model/opt_7series.i_uniwrap/i_primitive: When using the PreAdder and USE_DPORT is TRUE, the A operand should be restricted to 24 bit two's complement (and sign extended) to avoid over/underflow in the pre-add stage.
Related violations: <none>

REQP-1723#94 Warning
DSP_Abus_sign_bit_restriction  
array/pe_2_5/int8_quad_mac/mul/dsp_macro_wrapper/dsp_macro/xbip_dsp48_macro_0/U0/i_synth/i_synth_option.i_synth_model/opt_7series.i_uniwrap/i_primitive: When using the PreAdder and USE_DPORT is TRUE, the A operand should be restricted to 24 bit two's complement (and sign extended) to avoid over/underflow in the pre-add stage.
Related violations: <none>

REQP-1723#95 Warning
DSP_Abus_sign_bit_restriction  
array/pe_2_6/int8_quad_mac/mul/dsp_macro_wrapper/dsp_macro/xbip_dsp48_macro_0/U0/i_synth/i_synth_option.i_synth_model/opt_7series.i_uniwrap/i_primitive: When using the PreAdder and USE_DPORT is TRUE, the A operand should be restricted to 24 bit two's complement (and sign extended) to avoid over/underflow in the pre-add stage.
Related violations: <none>

REQP-1723#96 Warning
DSP_Abus_sign_bit_restriction  
array/pe_2_7/int8_quad_mac/mul/dsp_macro_wrapper/dsp_macro/xbip_dsp48_macro_0/U0/i_synth/i_synth_option.i_synth_model/opt_7series.i_uniwrap/i_primitive: When using the PreAdder and USE_DPORT is TRUE, the A operand should be restricted to 24 bit two's complement (and sign extended) to avoid over/underflow in the pre-add stage.
Related violations: <none>

REQP-1723#97 Warning
DSP_Abus_sign_bit_restriction  
array/pe_2_8/int8_quad_mac/mul/dsp_macro_wrapper/dsp_macro/xbip_dsp48_macro_0/U0/i_synth/i_synth_option.i_synth_model/opt_7series.i_uniwrap/i_primitive: When using the PreAdder and USE_DPORT is TRUE, the A operand should be restricted to 24 bit two's complement (and sign extended) to avoid over/underflow in the pre-add stage.
Related violations: <none>

REQP-1723#98 Warning
DSP_Abus_sign_bit_restriction  
array/pe_2_9/int8_quad_mac/mul/dsp_macro_wrapper/dsp_macro/xbip_dsp48_macro_0/U0/i_synth/i_synth_option.i_synth_model/opt_7series.i_uniwrap/i_primitive: When using the PreAdder and USE_DPORT is TRUE, the A operand should be restricted to 24 bit two's complement (and sign extended) to avoid over/underflow in the pre-add stage.
Related violations: <none>

REQP-1723#99 Warning
DSP_Abus_sign_bit_restriction  
array/pe_3_0/int8_quad_mac/mul/dsp_macro_wrapper/dsp_macro/xbip_dsp48_macro_0/U0/i_synth/i_synth_option.i_synth_model/opt_7series.i_uniwrap/i_primitive: When using the PreAdder and USE_DPORT is TRUE, the A operand should be restricted to 24 bit two's complement (and sign extended) to avoid over/underflow in the pre-add stage.
Related violations: <none>

REQP-1723#100 Warning
DSP_Abus_sign_bit_restriction  
array/pe_3_1/int8_quad_mac/mul/dsp_macro_wrapper/dsp_macro/xbip_dsp48_macro_0/U0/i_synth/i_synth_option.i_synth_model/opt_7series.i_uniwrap/i_primitive: When using the PreAdder and USE_DPORT is TRUE, the A operand should be restricted to 24 bit two's complement (and sign extended) to avoid over/underflow in the pre-add stage.
Related violations: <none>

REQP-1723#101 Warning
DSP_Abus_sign_bit_restriction  
array/pe_3_10/int8_quad_mac/mul/dsp_macro_wrapper/dsp_macro/xbip_dsp48_macro_0/U0/i_synth/i_synth_option.i_synth_model/opt_7series.i_uniwrap/i_primitive: When using the PreAdder and USE_DPORT is TRUE, the A operand should be restricted to 24 bit two's complement (and sign extended) to avoid over/underflow in the pre-add stage.
Related violations: <none>

REQP-1723#102 Warning
DSP_Abus_sign_bit_restriction  
array/pe_3_11/int8_quad_mac/mul/dsp_macro_wrapper/dsp_macro/xbip_dsp48_macro_0/U0/i_synth/i_synth_option.i_synth_model/opt_7series.i_uniwrap/i_primitive: When using the PreAdder and USE_DPORT is TRUE, the A operand should be restricted to 24 bit two's complement (and sign extended) to avoid over/underflow in the pre-add stage.
Related violations: <none>

REQP-1723#103 Warning
DSP_Abus_sign_bit_restriction  
array/pe_3_12/int8_quad_mac/mul/dsp_macro_wrapper/dsp_macro/xbip_dsp48_macro_0/U0/i_synth/i_synth_option.i_synth_model/opt_7series.i_uniwrap/i_primitive: When using the PreAdder and USE_DPORT is TRUE, the A operand should be restricted to 24 bit two's complement (and sign extended) to avoid over/underflow in the pre-add stage.
Related violations: <none>

REQP-1723#104 Warning
DSP_Abus_sign_bit_restriction  
array/pe_3_13/int8_quad_mac/mul/dsp_macro_wrapper/dsp_macro/xbip_dsp48_macro_0/U0/i_synth/i_synth_option.i_synth_model/opt_7series.i_uniwrap/i_primitive: When using the PreAdder and USE_DPORT is TRUE, the A operand should be restricted to 24 bit two's complement (and sign extended) to avoid over/underflow in the pre-add stage.
Related violations: <none>

REQP-1723#105 Warning
DSP_Abus_sign_bit_restriction  
array/pe_3_2/int8_quad_mac/mul/dsp_macro_wrapper/dsp_macro/xbip_dsp48_macro_0/U0/i_synth/i_synth_option.i_synth_model/opt_7series.i_uniwrap/i_primitive: When using the PreAdder and USE_DPORT is TRUE, the A operand should be restricted to 24 bit two's complement (and sign extended) to avoid over/underflow in the pre-add stage.
Related violations: <none>

REQP-1723#106 Warning
DSP_Abus_sign_bit_restriction  
array/pe_3_3/int8_quad_mac/mul/dsp_macro_wrapper/dsp_macro/xbip_dsp48_macro_0/U0/i_synth/i_synth_option.i_synth_model/opt_7series.i_uniwrap/i_primitive: When using the PreAdder and USE_DPORT is TRUE, the A operand should be restricted to 24 bit two's complement (and sign extended) to avoid over/underflow in the pre-add stage.
Related violations: <none>

REQP-1723#107 Warning
DSP_Abus_sign_bit_restriction  
array/pe_3_4/int8_quad_mac/mul/dsp_macro_wrapper/dsp_macro/xbip_dsp48_macro_0/U0/i_synth/i_synth_option.i_synth_model/opt_7series.i_uniwrap/i_primitive: When using the PreAdder and USE_DPORT is TRUE, the A operand should be restricted to 24 bit two's complement (and sign extended) to avoid over/underflow in the pre-add stage.
Related violations: <none>

REQP-1723#108 Warning
DSP_Abus_sign_bit_restriction  
array/pe_3_5/int8_quad_mac/mul/dsp_macro_wrapper/dsp_macro/xbip_dsp48_macro_0/U0/i_synth/i_synth_option.i_synth_model/opt_7series.i_uniwrap/i_primitive: When using the PreAdder and USE_DPORT is TRUE, the A operand should be restricted to 24 bit two's complement (and sign extended) to avoid over/underflow in the pre-add stage.
Related violations: <none>

REQP-1723#109 Warning
DSP_Abus_sign_bit_restriction  
array/pe_3_6/int8_quad_mac/mul/dsp_macro_wrapper/dsp_macro/xbip_dsp48_macro_0/U0/i_synth/i_synth_option.i_synth_model/opt_7series.i_uniwrap/i_primitive: When using the PreAdder and USE_DPORT is TRUE, the A operand should be restricted to 24 bit two's complement (and sign extended) to avoid over/underflow in the pre-add stage.
Related violations: <none>

REQP-1723#110 Warning
DSP_Abus_sign_bit_restriction  
array/pe_3_7/int8_quad_mac/mul/dsp_macro_wrapper/dsp_macro/xbip_dsp48_macro_0/U0/i_synth/i_synth_option.i_synth_model/opt_7series.i_uniwrap/i_primitive: When using the PreAdder and USE_DPORT is TRUE, the A operand should be restricted to 24 bit two's complement (and sign extended) to avoid over/underflow in the pre-add stage.
Related violations: <none>

REQP-1723#111 Warning
DSP_Abus_sign_bit_restriction  
array/pe_3_8/int8_quad_mac/mul/dsp_macro_wrapper/dsp_macro/xbip_dsp48_macro_0/U0/i_synth/i_synth_option.i_synth_model/opt_7series.i_uniwrap/i_primitive: When using the PreAdder and USE_DPORT is TRUE, the A operand should be restricted to 24 bit two's complement (and sign extended) to avoid over/underflow in the pre-add stage.
Related violations: <none>

REQP-1723#112 Warning
DSP_Abus_sign_bit_restriction  
array/pe_3_9/int8_quad_mac/mul/dsp_macro_wrapper/dsp_macro/xbip_dsp48_macro_0/U0/i_synth/i_synth_option.i_synth_model/opt_7series.i_uniwrap/i_primitive: When using the PreAdder and USE_DPORT is TRUE, the A operand should be restricted to 24 bit two's complement (and sign extended) to avoid over/underflow in the pre-add stage.
Related violations: <none>

REQP-1723#113 Warning
DSP_Abus_sign_bit_restriction  
array/pe_4_0/int8_quad_mac/mul/dsp_macro_wrapper/dsp_macro/xbip_dsp48_macro_0/U0/i_synth/i_synth_option.i_synth_model/opt_7series.i_uniwrap/i_primitive: When using the PreAdder and USE_DPORT is TRUE, the A operand should be restricted to 24 bit two's complement (and sign extended) to avoid over/underflow in the pre-add stage.
Related violations: <none>

REQP-1723#114 Warning
DSP_Abus_sign_bit_restriction  
array/pe_4_1/int8_quad_mac/mul/dsp_macro_wrapper/dsp_macro/xbip_dsp48_macro_0/U0/i_synth/i_synth_option.i_synth_model/opt_7series.i_uniwrap/i_primitive: When using the PreAdder and USE_DPORT is TRUE, the A operand should be restricted to 24 bit two's complement (and sign extended) to avoid over/underflow in the pre-add stage.
Related violations: <none>

REQP-1723#115 Warning
DSP_Abus_sign_bit_restriction  
array/pe_4_10/int8_quad_mac/mul/dsp_macro_wrapper/dsp_macro/xbip_dsp48_macro_0/U0/i_synth/i_synth_option.i_synth_model/opt_7series.i_uniwrap/i_primitive: When using the PreAdder and USE_DPORT is TRUE, the A operand should be restricted to 24 bit two's complement (and sign extended) to avoid over/underflow in the pre-add stage.
Related violations: <none>

REQP-1723#116 Warning
DSP_Abus_sign_bit_restriction  
array/pe_4_11/int8_quad_mac/mul/dsp_macro_wrapper/dsp_macro/xbip_dsp48_macro_0/U0/i_synth/i_synth_option.i_synth_model/opt_7series.i_uniwrap/i_primitive: When using the PreAdder and USE_DPORT is TRUE, the A operand should be restricted to 24 bit two's complement (and sign extended) to avoid over/underflow in the pre-add stage.
Related violations: <none>

REQP-1723#117 Warning
DSP_Abus_sign_bit_restriction  
array/pe_4_12/int8_quad_mac/mul/dsp_macro_wrapper/dsp_macro/xbip_dsp48_macro_0/U0/i_synth/i_synth_option.i_synth_model/opt_7series.i_uniwrap/i_primitive: When using the PreAdder and USE_DPORT is TRUE, the A operand should be restricted to 24 bit two's complement (and sign extended) to avoid over/underflow in the pre-add stage.
Related violations: <none>

REQP-1723#118 Warning
DSP_Abus_sign_bit_restriction  
array/pe_4_13/int8_quad_mac/mul/dsp_macro_wrapper/dsp_macro/xbip_dsp48_macro_0/U0/i_synth/i_synth_option.i_synth_model/opt_7series.i_uniwrap/i_primitive: When using the PreAdder and USE_DPORT is TRUE, the A operand should be restricted to 24 bit two's complement (and sign extended) to avoid over/underflow in the pre-add stage.
Related violations: <none>

REQP-1723#119 Warning
DSP_Abus_sign_bit_restriction  
array/pe_4_2/int8_quad_mac/mul/dsp_macro_wrapper/dsp_macro/xbip_dsp48_macro_0/U0/i_synth/i_synth_option.i_synth_model/opt_7series.i_uniwrap/i_primitive: When using the PreAdder and USE_DPORT is TRUE, the A operand should be restricted to 24 bit two's complement (and sign extended) to avoid over/underflow in the pre-add stage.
Related violations: <none>

REQP-1723#120 Warning
DSP_Abus_sign_bit_restriction  
array/pe_4_3/int8_quad_mac/mul/dsp_macro_wrapper/dsp_macro/xbip_dsp48_macro_0/U0/i_synth/i_synth_option.i_synth_model/opt_7series.i_uniwrap/i_primitive: When using the PreAdder and USE_DPORT is TRUE, the A operand should be restricted to 24 bit two's complement (and sign extended) to avoid over/underflow in the pre-add stage.
Related violations: <none>

REQP-1723#121 Warning
DSP_Abus_sign_bit_restriction  
array/pe_4_4/int8_quad_mac/mul/dsp_macro_wrapper/dsp_macro/xbip_dsp48_macro_0/U0/i_synth/i_synth_option.i_synth_model/opt_7series.i_uniwrap/i_primitive: When using the PreAdder and USE_DPORT is TRUE, the A operand should be restricted to 24 bit two's complement (and sign extended) to avoid over/underflow in the pre-add stage.
Related violations: <none>

REQP-1723#122 Warning
DSP_Abus_sign_bit_restriction  
array/pe_4_5/int8_quad_mac/mul/dsp_macro_wrapper/dsp_macro/xbip_dsp48_macro_0/U0/i_synth/i_synth_option.i_synth_model/opt_7series.i_uniwrap/i_primitive: When using the PreAdder and USE_DPORT is TRUE, the A operand should be restricted to 24 bit two's complement (and sign extended) to avoid over/underflow in the pre-add stage.
Related violations: <none>

REQP-1723#123 Warning
DSP_Abus_sign_bit_restriction  
array/pe_4_6/int8_quad_mac/mul/dsp_macro_wrapper/dsp_macro/xbip_dsp48_macro_0/U0/i_synth/i_synth_option.i_synth_model/opt_7series.i_uniwrap/i_primitive: When using the PreAdder and USE_DPORT is TRUE, the A operand should be restricted to 24 bit two's complement (and sign extended) to avoid over/underflow in the pre-add stage.
Related violations: <none>

REQP-1723#124 Warning
DSP_Abus_sign_bit_restriction  
array/pe_4_7/int8_quad_mac/mul/dsp_macro_wrapper/dsp_macro/xbip_dsp48_macro_0/U0/i_synth/i_synth_option.i_synth_model/opt_7series.i_uniwrap/i_primitive: When using the PreAdder and USE_DPORT is TRUE, the A operand should be restricted to 24 bit two's complement (and sign extended) to avoid over/underflow in the pre-add stage.
Related violations: <none>

REQP-1723#125 Warning
DSP_Abus_sign_bit_restriction  
array/pe_4_8/int8_quad_mac/mul/dsp_macro_wrapper/dsp_macro/xbip_dsp48_macro_0/U0/i_synth/i_synth_option.i_synth_model/opt_7series.i_uniwrap/i_primitive: When using the PreAdder and USE_DPORT is TRUE, the A operand should be restricted to 24 bit two's complement (and sign extended) to avoid over/underflow in the pre-add stage.
Related violations: <none>

REQP-1723#126 Warning
DSP_Abus_sign_bit_restriction  
array/pe_4_9/int8_quad_mac/mul/dsp_macro_wrapper/dsp_macro/xbip_dsp48_macro_0/U0/i_synth/i_synth_option.i_synth_model/opt_7series.i_uniwrap/i_primitive: When using the PreAdder and USE_DPORT is TRUE, the A operand should be restricted to 24 bit two's complement (and sign extended) to avoid over/underflow in the pre-add stage.
Related violations: <none>

REQP-1723#127 Warning
DSP_Abus_sign_bit_restriction  
array/pe_5_0/int8_quad_mac/mul/dsp_macro_wrapper/dsp_macro/xbip_dsp48_macro_0/U0/i_synth/i_synth_option.i_synth_model/opt_7series.i_uniwrap/i_primitive: When using the PreAdder and USE_DPORT is TRUE, the A operand should be restricted to 24 bit two's complement (and sign extended) to avoid over/underflow in the pre-add stage.
Related violations: <none>

REQP-1723#128 Warning
DSP_Abus_sign_bit_restriction  
array/pe_5_1/int8_quad_mac/mul/dsp_macro_wrapper/dsp_macro/xbip_dsp48_macro_0/U0/i_synth/i_synth_option.i_synth_model/opt_7series.i_uniwrap/i_primitive: When using the PreAdder and USE_DPORT is TRUE, the A operand should be restricted to 24 bit two's complement (and sign extended) to avoid over/underflow in the pre-add stage.
Related violations: <none>

REQP-1723#129 Warning
DSP_Abus_sign_bit_restriction  
array/pe_5_10/int8_quad_mac/mul/dsp_macro_wrapper/dsp_macro/xbip_dsp48_macro_0/U0/i_synth/i_synth_option.i_synth_model/opt_7series.i_uniwrap/i_primitive: When using the PreAdder and USE_DPORT is TRUE, the A operand should be restricted to 24 bit two's complement (and sign extended) to avoid over/underflow in the pre-add stage.
Related violations: <none>

REQP-1723#130 Warning
DSP_Abus_sign_bit_restriction  
array/pe_5_11/int8_quad_mac/mul/dsp_macro_wrapper/dsp_macro/xbip_dsp48_macro_0/U0/i_synth/i_synth_option.i_synth_model/opt_7series.i_uniwrap/i_primitive: When using the PreAdder and USE_DPORT is TRUE, the A operand should be restricted to 24 bit two's complement (and sign extended) to avoid over/underflow in the pre-add stage.
Related violations: <none>

REQP-1723#131 Warning
DSP_Abus_sign_bit_restriction  
array/pe_5_12/int8_quad_mac/mul/dsp_macro_wrapper/dsp_macro/xbip_dsp48_macro_0/U0/i_synth/i_synth_option.i_synth_model/opt_7series.i_uniwrap/i_primitive: When using the PreAdder and USE_DPORT is TRUE, the A operand should be restricted to 24 bit two's complement (and sign extended) to avoid over/underflow in the pre-add stage.
Related violations: <none>

REQP-1723#132 Warning
DSP_Abus_sign_bit_restriction  
array/pe_5_13/int8_quad_mac/mul/dsp_macro_wrapper/dsp_macro/xbip_dsp48_macro_0/U0/i_synth/i_synth_option.i_synth_model/opt_7series.i_uniwrap/i_primitive: When using the PreAdder and USE_DPORT is TRUE, the A operand should be restricted to 24 bit two's complement (and sign extended) to avoid over/underflow in the pre-add stage.
Related violations: <none>

REQP-1723#133 Warning
DSP_Abus_sign_bit_restriction  
array/pe_5_2/int8_quad_mac/mul/dsp_macro_wrapper/dsp_macro/xbip_dsp48_macro_0/U0/i_synth/i_synth_option.i_synth_model/opt_7series.i_uniwrap/i_primitive: When using the PreAdder and USE_DPORT is TRUE, the A operand should be restricted to 24 bit two's complement (and sign extended) to avoid over/underflow in the pre-add stage.
Related violations: <none>

REQP-1723#134 Warning
DSP_Abus_sign_bit_restriction  
array/pe_5_3/int8_quad_mac/mul/dsp_macro_wrapper/dsp_macro/xbip_dsp48_macro_0/U0/i_synth/i_synth_option.i_synth_model/opt_7series.i_uniwrap/i_primitive: When using the PreAdder and USE_DPORT is TRUE, the A operand should be restricted to 24 bit two's complement (and sign extended) to avoid over/underflow in the pre-add stage.
Related violations: <none>

REQP-1723#135 Warning
DSP_Abus_sign_bit_restriction  
array/pe_5_4/int8_quad_mac/mul/dsp_macro_wrapper/dsp_macro/xbip_dsp48_macro_0/U0/i_synth/i_synth_option.i_synth_model/opt_7series.i_uniwrap/i_primitive: When using the PreAdder and USE_DPORT is TRUE, the A operand should be restricted to 24 bit two's complement (and sign extended) to avoid over/underflow in the pre-add stage.
Related violations: <none>

REQP-1723#136 Warning
DSP_Abus_sign_bit_restriction  
array/pe_5_5/int8_quad_mac/mul/dsp_macro_wrapper/dsp_macro/xbip_dsp48_macro_0/U0/i_synth/i_synth_option.i_synth_model/opt_7series.i_uniwrap/i_primitive: When using the PreAdder and USE_DPORT is TRUE, the A operand should be restricted to 24 bit two's complement (and sign extended) to avoid over/underflow in the pre-add stage.
Related violations: <none>

REQP-1723#137 Warning
DSP_Abus_sign_bit_restriction  
array/pe_5_6/int8_quad_mac/mul/dsp_macro_wrapper/dsp_macro/xbip_dsp48_macro_0/U0/i_synth/i_synth_option.i_synth_model/opt_7series.i_uniwrap/i_primitive: When using the PreAdder and USE_DPORT is TRUE, the A operand should be restricted to 24 bit two's complement (and sign extended) to avoid over/underflow in the pre-add stage.
Related violations: <none>

REQP-1723#138 Warning
DSP_Abus_sign_bit_restriction  
array/pe_5_7/int8_quad_mac/mul/dsp_macro_wrapper/dsp_macro/xbip_dsp48_macro_0/U0/i_synth/i_synth_option.i_synth_model/opt_7series.i_uniwrap/i_primitive: When using the PreAdder and USE_DPORT is TRUE, the A operand should be restricted to 24 bit two's complement (and sign extended) to avoid over/underflow in the pre-add stage.
Related violations: <none>

REQP-1723#139 Warning
DSP_Abus_sign_bit_restriction  
array/pe_5_8/int8_quad_mac/mul/dsp_macro_wrapper/dsp_macro/xbip_dsp48_macro_0/U0/i_synth/i_synth_option.i_synth_model/opt_7series.i_uniwrap/i_primitive: When using the PreAdder and USE_DPORT is TRUE, the A operand should be restricted to 24 bit two's complement (and sign extended) to avoid over/underflow in the pre-add stage.
Related violations: <none>

REQP-1723#140 Warning
DSP_Abus_sign_bit_restriction  
array/pe_5_9/int8_quad_mac/mul/dsp_macro_wrapper/dsp_macro/xbip_dsp48_macro_0/U0/i_synth/i_synth_option.i_synth_model/opt_7series.i_uniwrap/i_primitive: When using the PreAdder and USE_DPORT is TRUE, the A operand should be restricted to 24 bit two's complement (and sign extended) to avoid over/underflow in the pre-add stage.
Related violations: <none>

REQP-1723#141 Warning
DSP_Abus_sign_bit_restriction  
array/pe_6_0/int8_quad_mac/mul/dsp_macro_wrapper/dsp_macro/xbip_dsp48_macro_0/U0/i_synth/i_synth_option.i_synth_model/opt_7series.i_uniwrap/i_primitive: When using the PreAdder and USE_DPORT is TRUE, the A operand should be restricted to 24 bit two's complement (and sign extended) to avoid over/underflow in the pre-add stage.
Related violations: <none>

REQP-1723#142 Warning
DSP_Abus_sign_bit_restriction  
array/pe_6_1/int8_quad_mac/mul/dsp_macro_wrapper/dsp_macro/xbip_dsp48_macro_0/U0/i_synth/i_synth_option.i_synth_model/opt_7series.i_uniwrap/i_primitive: When using the PreAdder and USE_DPORT is TRUE, the A operand should be restricted to 24 bit two's complement (and sign extended) to avoid over/underflow in the pre-add stage.
Related violations: <none>

REQP-1723#143 Warning
DSP_Abus_sign_bit_restriction  
array/pe_6_10/int8_quad_mac/mul/dsp_macro_wrapper/dsp_macro/xbip_dsp48_macro_0/U0/i_synth/i_synth_option.i_synth_model/opt_7series.i_uniwrap/i_primitive: When using the PreAdder and USE_DPORT is TRUE, the A operand should be restricted to 24 bit two's complement (and sign extended) to avoid over/underflow in the pre-add stage.
Related violations: <none>

REQP-1723#144 Warning
DSP_Abus_sign_bit_restriction  
array/pe_6_11/int8_quad_mac/mul/dsp_macro_wrapper/dsp_macro/xbip_dsp48_macro_0/U0/i_synth/i_synth_option.i_synth_model/opt_7series.i_uniwrap/i_primitive: When using the PreAdder and USE_DPORT is TRUE, the A operand should be restricted to 24 bit two's complement (and sign extended) to avoid over/underflow in the pre-add stage.
Related violations: <none>

REQP-1723#145 Warning
DSP_Abus_sign_bit_restriction  
array/pe_6_12/int8_quad_mac/mul/dsp_macro_wrapper/dsp_macro/xbip_dsp48_macro_0/U0/i_synth/i_synth_option.i_synth_model/opt_7series.i_uniwrap/i_primitive: When using the PreAdder and USE_DPORT is TRUE, the A operand should be restricted to 24 bit two's complement (and sign extended) to avoid over/underflow in the pre-add stage.
Related violations: <none>

REQP-1723#146 Warning
DSP_Abus_sign_bit_restriction  
array/pe_6_13/int8_quad_mac/mul/dsp_macro_wrapper/dsp_macro/xbip_dsp48_macro_0/U0/i_synth/i_synth_option.i_synth_model/opt_7series.i_uniwrap/i_primitive: When using the PreAdder and USE_DPORT is TRUE, the A operand should be restricted to 24 bit two's complement (and sign extended) to avoid over/underflow in the pre-add stage.
Related violations: <none>

REQP-1723#147 Warning
DSP_Abus_sign_bit_restriction  
array/pe_6_2/int8_quad_mac/mul/dsp_macro_wrapper/dsp_macro/xbip_dsp48_macro_0/U0/i_synth/i_synth_option.i_synth_model/opt_7series.i_uniwrap/i_primitive: When using the PreAdder and USE_DPORT is TRUE, the A operand should be restricted to 24 bit two's complement (and sign extended) to avoid over/underflow in the pre-add stage.
Related violations: <none>

REQP-1723#148 Warning
DSP_Abus_sign_bit_restriction  
array/pe_6_3/int8_quad_mac/mul/dsp_macro_wrapper/dsp_macro/xbip_dsp48_macro_0/U0/i_synth/i_synth_option.i_synth_model/opt_7series.i_uniwrap/i_primitive: When using the PreAdder and USE_DPORT is TRUE, the A operand should be restricted to 24 bit two's complement (and sign extended) to avoid over/underflow in the pre-add stage.
Related violations: <none>

REQP-1723#149 Warning
DSP_Abus_sign_bit_restriction  
array/pe_6_4/int8_quad_mac/mul/dsp_macro_wrapper/dsp_macro/xbip_dsp48_macro_0/U0/i_synth/i_synth_option.i_synth_model/opt_7series.i_uniwrap/i_primitive: When using the PreAdder and USE_DPORT is TRUE, the A operand should be restricted to 24 bit two's complement (and sign extended) to avoid over/underflow in the pre-add stage.
Related violations: <none>

REQP-1723#150 Warning
DSP_Abus_sign_bit_restriction  
array/pe_6_5/int8_quad_mac/mul/dsp_macro_wrapper/dsp_macro/xbip_dsp48_macro_0/U0/i_synth/i_synth_option.i_synth_model/opt_7series.i_uniwrap/i_primitive: When using the PreAdder and USE_DPORT is TRUE, the A operand should be restricted to 24 bit two's complement (and sign extended) to avoid over/underflow in the pre-add stage.
Related violations: <none>

REQP-1723#151 Warning
DSP_Abus_sign_bit_restriction  
array/pe_6_6/int8_quad_mac/mul/dsp_macro_wrapper/dsp_macro/xbip_dsp48_macro_0/U0/i_synth/i_synth_option.i_synth_model/opt_7series.i_uniwrap/i_primitive: When using the PreAdder and USE_DPORT is TRUE, the A operand should be restricted to 24 bit two's complement (and sign extended) to avoid over/underflow in the pre-add stage.
Related violations: <none>

REQP-1723#152 Warning
DSP_Abus_sign_bit_restriction  
array/pe_6_7/int8_quad_mac/mul/dsp_macro_wrapper/dsp_macro/xbip_dsp48_macro_0/U0/i_synth/i_synth_option.i_synth_model/opt_7series.i_uniwrap/i_primitive: When using the PreAdder and USE_DPORT is TRUE, the A operand should be restricted to 24 bit two's complement (and sign extended) to avoid over/underflow in the pre-add stage.
Related violations: <none>

REQP-1723#153 Warning
DSP_Abus_sign_bit_restriction  
array/pe_6_8/int8_quad_mac/mul/dsp_macro_wrapper/dsp_macro/xbip_dsp48_macro_0/U0/i_synth/i_synth_option.i_synth_model/opt_7series.i_uniwrap/i_primitive: When using the PreAdder and USE_DPORT is TRUE, the A operand should be restricted to 24 bit two's complement (and sign extended) to avoid over/underflow in the pre-add stage.
Related violations: <none>

REQP-1723#154 Warning
DSP_Abus_sign_bit_restriction  
array/pe_6_9/int8_quad_mac/mul/dsp_macro_wrapper/dsp_macro/xbip_dsp48_macro_0/U0/i_synth/i_synth_option.i_synth_model/opt_7series.i_uniwrap/i_primitive: When using the PreAdder and USE_DPORT is TRUE, the A operand should be restricted to 24 bit two's complement (and sign extended) to avoid over/underflow in the pre-add stage.
Related violations: <none>

REQP-1723#155 Warning
DSP_Abus_sign_bit_restriction  
array/pe_7_0/int8_quad_mac/mul/dsp_macro_wrapper/dsp_macro/xbip_dsp48_macro_0/U0/i_synth/i_synth_option.i_synth_model/opt_7series.i_uniwrap/i_primitive: When using the PreAdder and USE_DPORT is TRUE, the A operand should be restricted to 24 bit two's complement (and sign extended) to avoid over/underflow in the pre-add stage.
Related violations: <none>

REQP-1723#156 Warning
DSP_Abus_sign_bit_restriction  
array/pe_7_1/int8_quad_mac/mul/dsp_macro_wrapper/dsp_macro/xbip_dsp48_macro_0/U0/i_synth/i_synth_option.i_synth_model/opt_7series.i_uniwrap/i_primitive: When using the PreAdder and USE_DPORT is TRUE, the A operand should be restricted to 24 bit two's complement (and sign extended) to avoid over/underflow in the pre-add stage.
Related violations: <none>

REQP-1723#157 Warning
DSP_Abus_sign_bit_restriction  
array/pe_7_10/int8_quad_mac/mul/dsp_macro_wrapper/dsp_macro/xbip_dsp48_macro_0/U0/i_synth/i_synth_option.i_synth_model/opt_7series.i_uniwrap/i_primitive: When using the PreAdder and USE_DPORT is TRUE, the A operand should be restricted to 24 bit two's complement (and sign extended) to avoid over/underflow in the pre-add stage.
Related violations: <none>

REQP-1723#158 Warning
DSP_Abus_sign_bit_restriction  
array/pe_7_11/int8_quad_mac/mul/dsp_macro_wrapper/dsp_macro/xbip_dsp48_macro_0/U0/i_synth/i_synth_option.i_synth_model/opt_7series.i_uniwrap/i_primitive: When using the PreAdder and USE_DPORT is TRUE, the A operand should be restricted to 24 bit two's complement (and sign extended) to avoid over/underflow in the pre-add stage.
Related violations: <none>

REQP-1723#159 Warning
DSP_Abus_sign_bit_restriction  
array/pe_7_12/int8_quad_mac/mul/dsp_macro_wrapper/dsp_macro/xbip_dsp48_macro_0/U0/i_synth/i_synth_option.i_synth_model/opt_7series.i_uniwrap/i_primitive: When using the PreAdder and USE_DPORT is TRUE, the A operand should be restricted to 24 bit two's complement (and sign extended) to avoid over/underflow in the pre-add stage.
Related violations: <none>

REQP-1723#160 Warning
DSP_Abus_sign_bit_restriction  
array/pe_7_13/int8_quad_mac/mul/dsp_macro_wrapper/dsp_macro/xbip_dsp48_macro_0/U0/i_synth/i_synth_option.i_synth_model/opt_7series.i_uniwrap/i_primitive: When using the PreAdder and USE_DPORT is TRUE, the A operand should be restricted to 24 bit two's complement (and sign extended) to avoid over/underflow in the pre-add stage.
Related violations: <none>

REQP-1723#161 Warning
DSP_Abus_sign_bit_restriction  
array/pe_7_2/int8_quad_mac/mul/dsp_macro_wrapper/dsp_macro/xbip_dsp48_macro_0/U0/i_synth/i_synth_option.i_synth_model/opt_7series.i_uniwrap/i_primitive: When using the PreAdder and USE_DPORT is TRUE, the A operand should be restricted to 24 bit two's complement (and sign extended) to avoid over/underflow in the pre-add stage.
Related violations: <none>

REQP-1723#162 Warning
DSP_Abus_sign_bit_restriction  
array/pe_7_3/int8_quad_mac/mul/dsp_macro_wrapper/dsp_macro/xbip_dsp48_macro_0/U0/i_synth/i_synth_option.i_synth_model/opt_7series.i_uniwrap/i_primitive: When using the PreAdder and USE_DPORT is TRUE, the A operand should be restricted to 24 bit two's complement (and sign extended) to avoid over/underflow in the pre-add stage.
Related violations: <none>

REQP-1723#163 Warning
DSP_Abus_sign_bit_restriction  
array/pe_7_4/int8_quad_mac/mul/dsp_macro_wrapper/dsp_macro/xbip_dsp48_macro_0/U0/i_synth/i_synth_option.i_synth_model/opt_7series.i_uniwrap/i_primitive: When using the PreAdder and USE_DPORT is TRUE, the A operand should be restricted to 24 bit two's complement (and sign extended) to avoid over/underflow in the pre-add stage.
Related violations: <none>

REQP-1723#164 Warning
DSP_Abus_sign_bit_restriction  
array/pe_7_5/int8_quad_mac/mul/dsp_macro_wrapper/dsp_macro/xbip_dsp48_macro_0/U0/i_synth/i_synth_option.i_synth_model/opt_7series.i_uniwrap/i_primitive: When using the PreAdder and USE_DPORT is TRUE, the A operand should be restricted to 24 bit two's complement (and sign extended) to avoid over/underflow in the pre-add stage.
Related violations: <none>

REQP-1723#165 Warning
DSP_Abus_sign_bit_restriction  
array/pe_7_6/int8_quad_mac/mul/dsp_macro_wrapper/dsp_macro/xbip_dsp48_macro_0/U0/i_synth/i_synth_option.i_synth_model/opt_7series.i_uniwrap/i_primitive: When using the PreAdder and USE_DPORT is TRUE, the A operand should be restricted to 24 bit two's complement (and sign extended) to avoid over/underflow in the pre-add stage.
Related violations: <none>

REQP-1723#166 Warning
DSP_Abus_sign_bit_restriction  
array/pe_7_7/int8_quad_mac/mul/dsp_macro_wrapper/dsp_macro/xbip_dsp48_macro_0/U0/i_synth/i_synth_option.i_synth_model/opt_7series.i_uniwrap/i_primitive: When using the PreAdder and USE_DPORT is TRUE, the A operand should be restricted to 24 bit two's complement (and sign extended) to avoid over/underflow in the pre-add stage.
Related violations: <none>

REQP-1723#167 Warning
DSP_Abus_sign_bit_restriction  
array/pe_7_8/int8_quad_mac/mul/dsp_macro_wrapper/dsp_macro/xbip_dsp48_macro_0/U0/i_synth/i_synth_option.i_synth_model/opt_7series.i_uniwrap/i_primitive: When using the PreAdder and USE_DPORT is TRUE, the A operand should be restricted to 24 bit two's complement (and sign extended) to avoid over/underflow in the pre-add stage.
Related violations: <none>

REQP-1723#168 Warning
DSP_Abus_sign_bit_restriction  
array/pe_7_9/int8_quad_mac/mul/dsp_macro_wrapper/dsp_macro/xbip_dsp48_macro_0/U0/i_synth/i_synth_option.i_synth_model/opt_7series.i_uniwrap/i_primitive: When using the PreAdder and USE_DPORT is TRUE, the A operand should be restricted to 24 bit two's complement (and sign extended) to avoid over/underflow in the pre-add stage.
Related violations: <none>

REQP-1723#169 Warning
DSP_Abus_sign_bit_restriction  
array/pe_8_0/int8_quad_mac/mul/dsp_macro_wrapper/dsp_macro/xbip_dsp48_macro_0/U0/i_synth/i_synth_option.i_synth_model/opt_7series.i_uniwrap/i_primitive: When using the PreAdder and USE_DPORT is TRUE, the A operand should be restricted to 24 bit two's complement (and sign extended) to avoid over/underflow in the pre-add stage.
Related violations: <none>

REQP-1723#170 Warning
DSP_Abus_sign_bit_restriction  
array/pe_8_1/int8_quad_mac/mul/dsp_macro_wrapper/dsp_macro/xbip_dsp48_macro_0/U0/i_synth/i_synth_option.i_synth_model/opt_7series.i_uniwrap/i_primitive: When using the PreAdder and USE_DPORT is TRUE, the A operand should be restricted to 24 bit two's complement (and sign extended) to avoid over/underflow in the pre-add stage.
Related violations: <none>

REQP-1723#171 Warning
DSP_Abus_sign_bit_restriction  
array/pe_8_10/int8_quad_mac/mul/dsp_macro_wrapper/dsp_macro/xbip_dsp48_macro_0/U0/i_synth/i_synth_option.i_synth_model/opt_7series.i_uniwrap/i_primitive: When using the PreAdder and USE_DPORT is TRUE, the A operand should be restricted to 24 bit two's complement (and sign extended) to avoid over/underflow in the pre-add stage.
Related violations: <none>

REQP-1723#172 Warning
DSP_Abus_sign_bit_restriction  
array/pe_8_11/int8_quad_mac/mul/dsp_macro_wrapper/dsp_macro/xbip_dsp48_macro_0/U0/i_synth/i_synth_option.i_synth_model/opt_7series.i_uniwrap/i_primitive: When using the PreAdder and USE_DPORT is TRUE, the A operand should be restricted to 24 bit two's complement (and sign extended) to avoid over/underflow in the pre-add stage.
Related violations: <none>

REQP-1723#173 Warning
DSP_Abus_sign_bit_restriction  
array/pe_8_12/int8_quad_mac/mul/dsp_macro_wrapper/dsp_macro/xbip_dsp48_macro_0/U0/i_synth/i_synth_option.i_synth_model/opt_7series.i_uniwrap/i_primitive: When using the PreAdder and USE_DPORT is TRUE, the A operand should be restricted to 24 bit two's complement (and sign extended) to avoid over/underflow in the pre-add stage.
Related violations: <none>

REQP-1723#174 Warning
DSP_Abus_sign_bit_restriction  
array/pe_8_13/int8_quad_mac/mul/dsp_macro_wrapper/dsp_macro/xbip_dsp48_macro_0/U0/i_synth/i_synth_option.i_synth_model/opt_7series.i_uniwrap/i_primitive: When using the PreAdder and USE_DPORT is TRUE, the A operand should be restricted to 24 bit two's complement (and sign extended) to avoid over/underflow in the pre-add stage.
Related violations: <none>

REQP-1723#175 Warning
DSP_Abus_sign_bit_restriction  
array/pe_8_2/int8_quad_mac/mul/dsp_macro_wrapper/dsp_macro/xbip_dsp48_macro_0/U0/i_synth/i_synth_option.i_synth_model/opt_7series.i_uniwrap/i_primitive: When using the PreAdder and USE_DPORT is TRUE, the A operand should be restricted to 24 bit two's complement (and sign extended) to avoid over/underflow in the pre-add stage.
Related violations: <none>

REQP-1723#176 Warning
DSP_Abus_sign_bit_restriction  
array/pe_8_3/int8_quad_mac/mul/dsp_macro_wrapper/dsp_macro/xbip_dsp48_macro_0/U0/i_synth/i_synth_option.i_synth_model/opt_7series.i_uniwrap/i_primitive: When using the PreAdder and USE_DPORT is TRUE, the A operand should be restricted to 24 bit two's complement (and sign extended) to avoid over/underflow in the pre-add stage.
Related violations: <none>

REQP-1723#177 Warning
DSP_Abus_sign_bit_restriction  
array/pe_8_4/int8_quad_mac/mul/dsp_macro_wrapper/dsp_macro/xbip_dsp48_macro_0/U0/i_synth/i_synth_option.i_synth_model/opt_7series.i_uniwrap/i_primitive: When using the PreAdder and USE_DPORT is TRUE, the A operand should be restricted to 24 bit two's complement (and sign extended) to avoid over/underflow in the pre-add stage.
Related violations: <none>

REQP-1723#178 Warning
DSP_Abus_sign_bit_restriction  
array/pe_8_5/int8_quad_mac/mul/dsp_macro_wrapper/dsp_macro/xbip_dsp48_macro_0/U0/i_synth/i_synth_option.i_synth_model/opt_7series.i_uniwrap/i_primitive: When using the PreAdder and USE_DPORT is TRUE, the A operand should be restricted to 24 bit two's complement (and sign extended) to avoid over/underflow in the pre-add stage.
Related violations: <none>

REQP-1723#179 Warning
DSP_Abus_sign_bit_restriction  
array/pe_8_6/int8_quad_mac/mul/dsp_macro_wrapper/dsp_macro/xbip_dsp48_macro_0/U0/i_synth/i_synth_option.i_synth_model/opt_7series.i_uniwrap/i_primitive: When using the PreAdder and USE_DPORT is TRUE, the A operand should be restricted to 24 bit two's complement (and sign extended) to avoid over/underflow in the pre-add stage.
Related violations: <none>

REQP-1723#180 Warning
DSP_Abus_sign_bit_restriction  
array/pe_8_7/int8_quad_mac/mul/dsp_macro_wrapper/dsp_macro/xbip_dsp48_macro_0/U0/i_synth/i_synth_option.i_synth_model/opt_7series.i_uniwrap/i_primitive: When using the PreAdder and USE_DPORT is TRUE, the A operand should be restricted to 24 bit two's complement (and sign extended) to avoid over/underflow in the pre-add stage.
Related violations: <none>

REQP-1723#181 Warning
DSP_Abus_sign_bit_restriction  
array/pe_8_8/int8_quad_mac/mul/dsp_macro_wrapper/dsp_macro/xbip_dsp48_macro_0/U0/i_synth/i_synth_option.i_synth_model/opt_7series.i_uniwrap/i_primitive: When using the PreAdder and USE_DPORT is TRUE, the A operand should be restricted to 24 bit two's complement (and sign extended) to avoid over/underflow in the pre-add stage.
Related violations: <none>

REQP-1723#182 Warning
DSP_Abus_sign_bit_restriction  
array/pe_8_9/int8_quad_mac/mul/dsp_macro_wrapper/dsp_macro/xbip_dsp48_macro_0/U0/i_synth/i_synth_option.i_synth_model/opt_7series.i_uniwrap/i_primitive: When using the PreAdder and USE_DPORT is TRUE, the A operand should be restricted to 24 bit two's complement (and sign extended) to avoid over/underflow in the pre-add stage.
Related violations: <none>

REQP-1723#183 Warning
DSP_Abus_sign_bit_restriction  
array/pe_9_0/int8_quad_mac/mul/dsp_macro_wrapper/dsp_macro/xbip_dsp48_macro_0/U0/i_synth/i_synth_option.i_synth_model/opt_7series.i_uniwrap/i_primitive: When using the PreAdder and USE_DPORT is TRUE, the A operand should be restricted to 24 bit two's complement (and sign extended) to avoid over/underflow in the pre-add stage.
Related violations: <none>

REQP-1723#184 Warning
DSP_Abus_sign_bit_restriction  
array/pe_9_1/int8_quad_mac/mul/dsp_macro_wrapper/dsp_macro/xbip_dsp48_macro_0/U0/i_synth/i_synth_option.i_synth_model/opt_7series.i_uniwrap/i_primitive: When using the PreAdder and USE_DPORT is TRUE, the A operand should be restricted to 24 bit two's complement (and sign extended) to avoid over/underflow in the pre-add stage.
Related violations: <none>

REQP-1723#185 Warning
DSP_Abus_sign_bit_restriction  
array/pe_9_10/int8_quad_mac/mul/dsp_macro_wrapper/dsp_macro/xbip_dsp48_macro_0/U0/i_synth/i_synth_option.i_synth_model/opt_7series.i_uniwrap/i_primitive: When using the PreAdder and USE_DPORT is TRUE, the A operand should be restricted to 24 bit two's complement (and sign extended) to avoid over/underflow in the pre-add stage.
Related violations: <none>

REQP-1723#186 Warning
DSP_Abus_sign_bit_restriction  
array/pe_9_11/int8_quad_mac/mul/dsp_macro_wrapper/dsp_macro/xbip_dsp48_macro_0/U0/i_synth/i_synth_option.i_synth_model/opt_7series.i_uniwrap/i_primitive: When using the PreAdder and USE_DPORT is TRUE, the A operand should be restricted to 24 bit two's complement (and sign extended) to avoid over/underflow in the pre-add stage.
Related violations: <none>

REQP-1723#187 Warning
DSP_Abus_sign_bit_restriction  
array/pe_9_12/int8_quad_mac/mul/dsp_macro_wrapper/dsp_macro/xbip_dsp48_macro_0/U0/i_synth/i_synth_option.i_synth_model/opt_7series.i_uniwrap/i_primitive: When using the PreAdder and USE_DPORT is TRUE, the A operand should be restricted to 24 bit two's complement (and sign extended) to avoid over/underflow in the pre-add stage.
Related violations: <none>

REQP-1723#188 Warning
DSP_Abus_sign_bit_restriction  
array/pe_9_13/int8_quad_mac/mul/dsp_macro_wrapper/dsp_macro/xbip_dsp48_macro_0/U0/i_synth/i_synth_option.i_synth_model/opt_7series.i_uniwrap/i_primitive: When using the PreAdder and USE_DPORT is TRUE, the A operand should be restricted to 24 bit two's complement (and sign extended) to avoid over/underflow in the pre-add stage.
Related violations: <none>

REQP-1723#189 Warning
DSP_Abus_sign_bit_restriction  
array/pe_9_2/int8_quad_mac/mul/dsp_macro_wrapper/dsp_macro/xbip_dsp48_macro_0/U0/i_synth/i_synth_option.i_synth_model/opt_7series.i_uniwrap/i_primitive: When using the PreAdder and USE_DPORT is TRUE, the A operand should be restricted to 24 bit two's complement (and sign extended) to avoid over/underflow in the pre-add stage.
Related violations: <none>

REQP-1723#190 Warning
DSP_Abus_sign_bit_restriction  
array/pe_9_3/int8_quad_mac/mul/dsp_macro_wrapper/dsp_macro/xbip_dsp48_macro_0/U0/i_synth/i_synth_option.i_synth_model/opt_7series.i_uniwrap/i_primitive: When using the PreAdder and USE_DPORT is TRUE, the A operand should be restricted to 24 bit two's complement (and sign extended) to avoid over/underflow in the pre-add stage.
Related violations: <none>

REQP-1723#191 Warning
DSP_Abus_sign_bit_restriction  
array/pe_9_4/int8_quad_mac/mul/dsp_macro_wrapper/dsp_macro/xbip_dsp48_macro_0/U0/i_synth/i_synth_option.i_synth_model/opt_7series.i_uniwrap/i_primitive: When using the PreAdder and USE_DPORT is TRUE, the A operand should be restricted to 24 bit two's complement (and sign extended) to avoid over/underflow in the pre-add stage.
Related violations: <none>

REQP-1723#192 Warning
DSP_Abus_sign_bit_restriction  
array/pe_9_5/int8_quad_mac/mul/dsp_macro_wrapper/dsp_macro/xbip_dsp48_macro_0/U0/i_synth/i_synth_option.i_synth_model/opt_7series.i_uniwrap/i_primitive: When using the PreAdder and USE_DPORT is TRUE, the A operand should be restricted to 24 bit two's complement (and sign extended) to avoid over/underflow in the pre-add stage.
Related violations: <none>

REQP-1723#193 Warning
DSP_Abus_sign_bit_restriction  
array/pe_9_6/int8_quad_mac/mul/dsp_macro_wrapper/dsp_macro/xbip_dsp48_macro_0/U0/i_synth/i_synth_option.i_synth_model/opt_7series.i_uniwrap/i_primitive: When using the PreAdder and USE_DPORT is TRUE, the A operand should be restricted to 24 bit two's complement (and sign extended) to avoid over/underflow in the pre-add stage.
Related violations: <none>

REQP-1723#194 Warning
DSP_Abus_sign_bit_restriction  
array/pe_9_7/int8_quad_mac/mul/dsp_macro_wrapper/dsp_macro/xbip_dsp48_macro_0/U0/i_synth/i_synth_option.i_synth_model/opt_7series.i_uniwrap/i_primitive: When using the PreAdder and USE_DPORT is TRUE, the A operand should be restricted to 24 bit two's complement (and sign extended) to avoid over/underflow in the pre-add stage.
Related violations: <none>

REQP-1723#195 Warning
DSP_Abus_sign_bit_restriction  
array/pe_9_8/int8_quad_mac/mul/dsp_macro_wrapper/dsp_macro/xbip_dsp48_macro_0/U0/i_synth/i_synth_option.i_synth_model/opt_7series.i_uniwrap/i_primitive: When using the PreAdder and USE_DPORT is TRUE, the A operand should be restricted to 24 bit two's complement (and sign extended) to avoid over/underflow in the pre-add stage.
Related violations: <none>

REQP-1723#196 Warning
DSP_Abus_sign_bit_restriction  
array/pe_9_9/int8_quad_mac/mul/dsp_macro_wrapper/dsp_macro/xbip_dsp48_macro_0/U0/i_synth/i_synth_option.i_synth_model/opt_7series.i_uniwrap/i_primitive: When using the PreAdder and USE_DPORT is TRUE, the A operand should be restricted to 24 bit two's complement (and sign extended) to avoid over/underflow in the pre-add stage.
Related violations: <none>

ZPS7-1#1 Warning
PS7 block required  
The PS7 cell must be used in this Zynq design in order to enable correct default configuration.
Related violations: <none>


