Copyright 1986-2018 Xilinx, Inc. All Rights Reserved.
------------------------------------------------------------------------------------
| Tool Version : Vivado v.2018.1 (lin64) Build 2188600 Wed Apr  4 18:39:19 MDT 2018
| Date         : Thu Sep  3 16:27:03 2020
| Host         : Shears running 64-bit Ubuntu 16.04.6 LTS
| Command      : report_drc -file ./rundir/post_imp_drc.rpt
| Design       : top
| Device       : xczu9eg-ffvb1156-3-e-es2
| Speed File   : -3
| Design State : Routed
------------------------------------------------------------------------------------

Report DRC

Table of Contents
-----------------
1. REPORT SUMMARY
2. REPORT DETAILS

1. REPORT SUMMARY
-----------------
            Netlist: top
          Floorplan: design_1
      Design limits: <entire design considered>
           Ruledeck: default
             Max violations: <unlimited>
             Violations found: 1
+-----------+----------+-------------------+------------+
| Rule      | Severity | Description       | Violations |
+-----------+----------+-------------------+------------+
| RTSTAT-10 | Warning  | No routable loads | 1          |
+-----------+----------+-------------------+------------+

2. REPORT DETAILS
-----------------
RTSTAT-10#1 Warning
No routable loads  
1793 net(s) have no routable loads. The problem bus(es) and/or net(s) are mem_x_0/M_AXIS_TDATA[31:0], mem_y_0/M_AXIS_TDATA[31:0], mem_x_8/M_AXIS_TDATA[31:0], mem_x_7/M_AXIS_TDATA[31:0], mem_x_6/M_AXIS_TDATA[31:0], mem_x_5/M_AXIS_TDATA[31:0], mem_x_4/M_AXIS_TDATA[31:0], mem_x_3/M_AXIS_TDATA[31:0], mem_x_2/M_AXIS_TDATA[31:0], mem_x_13/M_AXIS_TDATA[31:0], mem_x_12/M_AXIS_TDATA[31:0], mem_x_11/M_AXIS_TDATA[31:0], mem_x_10/M_AXIS_TDATA[31:0], mem_x_1/M_AXIS_TDATA[31:0], mem_y_1/M_AXIS_TDATA[31:0] (the first 15 of 57 listed).
Related violations: <none>


