case__234: array__GB12, 
case__709: array__GB8, 
case__319: array__GB1, 
case__981: array__GB8, 
case__493: array__GB10, 
mul__xdcDup__149: array__GB0, 
dsp_macro_wrapper__xdcDup__175: array__GB11, 
int8_quad_mac__xdcDup__65: array__GB0, 
case__1003: top__GC0, 
int8_quad_mac__xdcDup__105: array__GB13, 
dsp_macro_wrapper__xdcDup__128: array__GB12, 
dff_enbl__parameterized0: array__GB13, array__GB11, array__GB4, array__GB0, array__GB7, array__GB9, array__GB12, array__GB3, array__GB10, array__GB1, array__GB2, array__GB5, array__GB6, array__GB8, 
case__125: array__GB5, 
dsp_macro_wrapper__xdcDup__157: array__GB6, 
mul__xdcDup__76: array__GB10, 
case__564: array__GB10, 
case__78: array__GB9, 
case__418: array__GB6, 
logic__688: array__GB6, 
case__823: array__GB4, 
mul__xdcDup__18: array__GB10, 
dsp_macro__xdcDup__14: array__GB10, 
case__622: array__GB6, 
int8_pe__xdcDup__101: array__GB6, 
dsp_macro_wrapper__xdcDup__151: array__GB3, 
mul__xdcDup__190: array__GB11, 
int8_quad_mac__xdcDup__159: array__GB8, 
int8_pe__xdcDup__3: array__GB6, 
int8_pe__xdcDup__16: array__GB11, 
dsp_macro_wrapper__xdcDup__132: array__GB8, 
dsp_macro_wrapper__xdcDup__53: array__GB0, 
dsp_macro__xdcDup__19: array__GB1, 
mul__xdcDup__189: array__GB11, 
logic__450: array__GB1, 
logic__828: array__GB11, 
case__848: array__GB8, 
dsp_macro_wrapper__xdcDup__11: array__GB3, 
mul__xdcDup__85: array__GB4, 
int8_pe__xdcDup__194: array__GB4, 
array__GB5: array__GB5, 
dsp_macro__xdcDup__62: array__GB2, 
case__187: array__GB3, 
case__308: array__GB12, 
int8_quad_mac__xdcDup__52: array__GB0, 
case__605: array__GB0, 
dsp_macro__xdcDup__46: array__GB13, 
int8_quad_mac__xdcDup__103: array__GB9, 
int8_quad_mac__xdcDup__25: array__GB0, 
mul__xdcDup__134: array__GB11, 
case__214: array__GB8, 
case__450: array__GB11, 
case__489: array__GB6, 
int8_quad_mac__xdcDup__169: array__GB0, 
case__1050: top__GC0, 
case__408: array__GB4, 
case__589: array__GB11, 
logic__933: array__GB11, 
case__341: array__GB7, 
dsp_macro_wrapper__xdcDup__82: array__GB5, 
case__156: array__GB4, 
dsp_macro__xdcDup__95: array__GB6, 
case__567: array__GB8, 
mul__xdcDup__95: array__GB3, 
case__525: array__GB11, 
dsp_macro__xdcDup__94: array__GB6, 
int8_quad_mac__xdcDup__15: array__GB2, 
mul__xdcDup__87: array__GB6, 
datapath__5: top__GC0, 
dsp_macro_wrapper__xdcDup__44: array__GB11, 
int8_pe__xdcDup__94: array__GB2, 
dsp_macro__xdcDup__178: array__GB6, 
mul__xdcDup__48: array__GB8, 
case__1031: top__GC0, 
reg__1: top__GC0, 
case__616: array__GB4, 
case__999: top__GC0, 
dsp_macro_wrapper__xdcDup__165: array__GB3, 
dsp_macro__xdcDup__81: array__GB6, 
case__664: array__GB11, 
mul__xdcDup__109: array__GB3, 
logic__492: array__GB6, 
dff_enbl: array__GB13, array__GB11, array__GB4, array__GB0, array__GB7, array__GB9, array__GB12, array__GB3, array__GB10, array__GB1, array__GB2, array__GB5, array__GB6, array__GB8, 
case__1041: top__GC0, 
case__676: array__GB0, 
int8_pe__xdcDup__128: array__GB12, 
int8_quad_mac__xdcDup__1: array__GB3, 
logic__184: array__GB4, 
dsp_macro_wrapper__xdcDup__150: array__GB0, 
case__680: array__GB0, 
int8_pe__xdcDup__180: array__GB4, 
dsp_macro__xdcDup__148: array__GB4, 
int8_quad_mac__xdcDup__133: array__GB12, 
dsp_macro__xdcDup__23: array__GB4, 
logic__1346: array__GB0, 
case__37: array__GB1, 
int8_pe__xdcDup__27: array__GB4, 
case__342: array__GB7, 
case__657: array__GB11, 
mul__xdcDup__165: array__GB3, 
case__131: array__GB7, 
case__830: array__GB4, 
case__467: array__GB3, 
case__952: array__GB0, 
case__349: array__GB6, 
case__11: top__GC0, 
dsp_macro_wrapper__xdcDup__181: array__GB4, 
int8_quad_mac__xdcDup__128: array__GB12, 
case__74: array__GB8, 
case__922: array__GB8, 
dsp_macro__xdcDup__138: array__GB10, 
int8_pe__xdcDup__116: array__GB8, 
dsp_macro__xdcDup__166: array__GB8, 
dsp_macro__xdcDup__189: array__GB0, 
case__132: array__GB7, 
case__533: array__GB0, 
case__228: array__GB5, 
int8_quad_mac__xdcDup__164: array__GB0, 
case__368: array__GB4, 
case__959: array__GB0, 
case__375: array__GB12, 
dsp_macro__xdcDup__72: array__GB12, 
dsp_macro_wrapper__xdcDup__70: array__GB6, 
case__633: array__GB10, 
int8_pe__xdcDup__102: array__GB8, 
dsp_macro__xdcDup__64: array__GB5, 
case__453: array__GB11, 
case__44: array__GB2, 
dsp_macro__xdcDup__190: array__GB4, 
case__477: array__GB4, 
case__165: array__GB12, 
int8_pe__xdcDup__122: array__GB2, 
dsp_macro_wrapper__xdcDup__14: array__GB7, 
int8_pe__xdcDup__41: array__GB4, 
int8_pe__xdcDup__121: array__GB1, 
case__837: array__GB6, 
case__975: array__GB6, 
int8_pe__xdcDup__177: array__GB0, 
int8_quad_mac__xdcDup__24: array__GB0, 
int8_quad_mac__xdcDup__171: array__GB6, 
mul__xdcDup__102: array__GB8, 
int8_pe__xdcDup__60: array__GB8, 
dsp_macro__xdcDup__31: array__GB13, 
case__287: array__GB9, 
logic__1234: array__GB0, 
int8_pe__xdcDup__10: array__GB2, 
case__391: array__GB2, 
mul__xdcDup__122: array__GB2, 
mul__xdcDup__3: array__GB6, 
int8_pe__xdcDup__117: array__GB9, 
logic__268: array__GB3, 
dsp_macro__xdcDup__27: array__GB9, 
case__329: array__GB3, 
logic__772: array__GB4, 
int8_pe__xdcDup__49: array__GB11, 
mul__xdcDup__61: array__GB8, 
case__506: array__GB2, 
case__292: array__GB10, 
case__780: array__GB8, 
case__472: array__GB4, 
case__787: array__GB3, 
case__302: array__GB12, 
case__702: array__GB10, 
mul__xdcDup__116: array__GB8, 
int8_pe__xdcDup__151: array__GB3, 
case__879: array__GB0, 
dsp_macro__xdcDup__122: array__GB6, 
case__264: array__GB5, 
case__398: array__GB3, 
case__461: array__GB0, 
case__7: top__GC0, 
case__601: array__GB0, 
int8_quad_mac__xdcDup__27: array__GB4, 
logic__51: array__GB13, 
case__248: array__GB1, 
case__681: array__GB4, 
logic__604: array__GB9, 
logic__464: array__GB3, 
case__940: array__GB11, 
dsp_macro_wrapper__xdcDup__172: array__GB10, 
dsp_macro_wrapper__xdcDup__117: array__GB9, 
case__67: array__GB6, 
case__549: array__GB4, 
dsp_macro__xdcDup__172: array__GB11, 
case__149: array__GB9, 
int8_quad_mac__xdcDup__82: array__GB5, 
mul__xdcDup__114: array__GB12, 
int8_quad_mac__xdcDup__85: array__GB4, 
int8_quad_mac__xdcDup__126: array__GB7, 
dsp_macro__xdcDup__99: array__GB2, 
case__530: array__GB0, 
logic__1038: array__GB0, 
dsp_macro__xdcDup__168: array__GB8, 
int8_quad_mac__xdcDup__129: array__GB6, 
dsp_macro_wrapper__xdcDup__78: array__GB13, 
case__868: array__GB11, 
int8_quad_mac__xdcDup__16: array__GB11, 
case__185: array__GB2, 
mul__xdcDup__153: array__GB4, 
case__177: array__GB1, 
case__753: array__GB4, 
case__771: array__GB10, 
mul__xdcDup__113: array__GB5, 
logic__1248: array__GB0, 
case__429: array__GB9, 
case__796: array__GB11, 
case__651: array__GB11, 
case__244: array__GB13, 
case__708: array__GB8, 
dsp_macro_wrapper__xdcDup__81: array__GB3, 
case__36: array__GB1, 
int8_pe__xdcDup__114: array__GB12, 
case__739: array__GB0, 
case__2: top__GC0, 
int8_pe__xdcDup__32: array__GB8, 
int8_pe__xdcDup__159: array__GB8, 
case__309: array__GB12, 
int8_quad_mac__xdcDup__131: array__GB9, 
case__1036: top__GC0, 
dsp_macro__xdcDup__102: array__GB11, 
case__347: array__GB6, 
case__889: array__GB0, 
case__260: array__GB3, 
case__725: array__GB11, 
case__563: array__GB10, 
logic__485: array__GB7, 
int8_pe__xdcDup__126: array__GB7, 
case__39: array__GB1, 
int8_pe__xdcDup__1: array__GB3, 
dsp_macro__xdcDup__21: array__GB3, 
int8_quad_mac__xdcDup__120: array__GB13, 
dsp_macro_wrapper__xdcDup__154: array__GB6, 
dsp_macro__xdcDup__135: array__GB4, 
case__80: array__GB9, 
case__457: array__GB0, 
dsp_macro_wrapper__xdcDup__129: array__GB6, 
int8_quad_mac__xdcDup__35: array__GB11, 
dsp_macro_wrapper__xdcDup__66: array__GB0, 
dsp_macro_wrapper__xdcDup__71: array__GB5, 
dsp_macro__xdcDup__136: array__GB6, 
dsp_macro__xdcDup__157: array__GB11, 
dsp_macro__xdcDup__89: array__GB0, 
logic__1213: array__GB11, 
int8_quad_mac__xdcDup__44: array__GB11, 
case__344: array__GB7, 
case__488: array__GB6, 
case__269: array__GB4, 
case__1049: top__GC0, 
case__588: array__GB11, 
case__712: array__GB8, 
case__575: array__GB8, 
logic__1143: array__GB0, 
case__27: array__GB13, 
logic__534: array__GB12, 
dsp_macro__xdcDup__47: array__GB1, 
dsp_macro_wrapper__xdcDup__60: array__GB8, 
mul__xdcDup__146: array__GB8, 
mul__xdcDup__126: array__GB7, 
mul__xdcDup__73: array__GB6, 
case__916: array__GB8, 
case__741: array__GB0, 
case__892: array__GB4, 
dsp_macro_wrapper__xdcDup__80: array__GB2, 
case__1033: top__GC0, 
array__GB0: array__GB0, 
case__864: array__GB11, 
case__282: array__GB8, 
case__663: array__GB11, 
case__193: array__GB5, 
dsp_macro__xdcDup__13: array__GB9, 
dsp_macro_wrapper__xdcDup__195: array__GB4, 
case__814: array__GB0, 
case__1010: top__GC0, 
case__379: array__GB12, 
case__71: array__GB8, 
int8_pe__xdcDup__132: array__GB8, 
mul__xdcDup__5: array__GB9, 
case__985: array__GB8, 
mul__xdcDup__184: array__GB11, 
case__696: array__GB6, 
dsp_macro__xdcDup__9: array__GB4, 
case__761: array__GB6, 
case__150: array__GB9, 
mul__xdcDup__159: array__GB8, 
dsp_macro__xdcDup__132: array__GB0, 
case__436: array__GB6, 
mul__xdcDup__54: array__GB4, 
dsp_macro_wrapper__xdcDup__45: array__GB6, 
mul__xdcDup__105: array__GB13, 
case__612: array__GB4, 
case__635: array__GB10, 
dsp_macro_wrapper__xdcDup__130: array__GB9, 
case__667: array__GB0, 
case__481: array__GB6, 
int8_pe__xdcDup__39: array__GB0, 
dsp_macro_wrapper__xdcDup__125: array__GB4, 
case__348: array__GB6, 
logic__786: array__GB6, 
logic__1010: array__GB2, 
case__267: array__GB4, 
int8_quad_mac__xdcDup__162: array__GB11, 
mul__xdcDup__179: array__GB0, 
case__682: array__GB4, 
case__757: array__GB4, 
case__958: array__GB0, 
dsp_macro__xdcDup__162: array__GB4, 
case__178: array__GB1, 
int8_pe__xdcDup__81: array__GB3, 
logic__331: array__GB12, 
int8_quad_mac__xdcDup__190: array__GB11, 
int8_pe__xdcDup__64: array__GB11, 
case__411: array__GB7, 
case__232: array__GB12, 
case__1032: top__GC0, 
case__496: array__GB8, 
logic__359: array__GB2, 
case__485: array__GB6, 
dsp_macro__xdcDup__154: array__GB8, 
logic__303: array__GB8, 
case__559: array__GB6, 
case__719: array__GB2, 
case__772: array__GB10, 
case__692: array__GB6, 
dsp_macro_wrapper__xdcDup__16: array__GB11, 
int8_pe__xdcDup__115: array__GB6, 
int8_pe__xdcDup__80: array__GB2, 
case__197: array__GB4, 
int8_quad_mac__xdcDup__175: array__GB11, 
reg__4: array__GB13, array__GB11, array__GB4, array__GB0, array__GB7, array__GB9, array__GB12, array__GB3, array__GB10, array__GB1, array__GB2, array__GB5, array__GB6, array__GB8, 
logic__1269: array__GB6, 
case__186: array__GB3, 
int8_quad_mac__xdcDup__124: array__GB5, 
case__166: array__GB13, 
dsp_macro__xdcDup__126: array__GB8, 
int8_quad_mac__xdcDup__160: array__GB8, 
case__1002: top__GC0, 
mem: top__GC0, 
case__976: array__GB6, 
logic__1206: array__GB3, 
case__395: array__GB2, 
case__154: array__GB10, 
dsp_macro_wrapper__xdcDup__133: array__GB12, 
dsp_macro_wrapper__xdcDup__23: array__GB0, 
case__582: array__GB11, 
mul__xdcDup__132: array__GB8, 
dsp_macro__xdcDup__90: array__GB0, 
int8_quad_mac__xdcDup__5: array__GB9, 
add: array__GB13, array__GB11, array__GB4, array__GB0, array__GB7, array__GB9, array__GB12, array__GB3, array__GB10, array__GB1, array__GB2, array__GB5, array__GB6, array__GB8, 
logic__1066: array__GB4, 
logic__1150: array__GB0, 
case__511: array__GB11, 
mul__xdcDup__103: array__GB9, 
case__904: array__GB6, 
case__148: array__GB9, 
dsp_macro_wrapper__xdcDup__178: array__GB0, 
dsp_macro_wrapper__xdcDup__162: array__GB11, 
dsp_macro__xdcDup__108: array__GB6, 
case__104: array__GB13, 
case__977: array__GB6, 
dsp_macro_wrapper__xdcDup__182: array__GB6, 
case__859: array__GB3, 
mul__xdcDup__187: array__GB8, 
case__878: array__GB0, 
int8_pe__xdcDup__25: array__GB0, 
mul__xdcDup__75: array__GB9, 
case__399: array__GB3, 
dsp_macro__xdcDup__127: array__GB2, 
mul__xdcDup__91: array__GB13, 
int8_quad_mac__xdcDup__166: array__GB4, 
mem__parameterized0: top__GC0, 
case__191: array__GB5, 
dsp_macro_wrapper__xdcDup__106: array__GB13, 
case__32: array__GB13, 
int8_quad_mac__xdcDup__195: array__GB4, 
case__759: array__GB4, 
case__73: array__GB8, 
case__647: array__GB2, 
case__819: array__GB0, 
logic__1262: array__GB4, 
case__124: array__GB5, 
dsp_macro__xdcDup__182: array__GB8, 
datapath__6: array__GB13, array__GB11, array__GB4, array__GB0, array__GB7, array__GB9, array__GB12, array__GB3, array__GB10, array__GB1, array__GB2, array__GB5, array__GB6, array__GB8, 
logic__128: array__GB5, 
int8_pe__xdcDup__85: array__GB4, 
mul__xdcDup__60: array__GB8, 
case__548: array__GB4, 
logic__884: array__GB6, 
int8_quad_mac__xdcDup__36: array__GB11, 
logic__891: array__GB10, 
mul__xdcDup__172: array__GB10, 
array__GB9: array__GB9, 
logic__562: array__GB3, 
case__1013: top__GC0, 
case__992: array__GB8, 
array__GB8: array__GB8, 
mul__xdcDup__14: array__GB7, 
dsp_macro__xdcDup__110: array__GB10, 
case__537: array__GB3, 
dsp_macro__xdcDup__85: array__GB6, 
case__201: array__GB7, 
case__899: array__GB4, 
case__428: array__GB9, 
mul__xdcDup__151: array__GB3, 
dsp_macro_wrapper__xdcDup__76: array__GB10, 
dsp_macro_wrapper__xdcDup__168: array__GB6, 
logic__898: array__GB8, 
case__629: array__GB6, 
int8_quad_mac__xdcDup__83: array__GB4, 
case__263: array__GB5, 
int8_pe__xdcDup__161: array__GB11, 
case__435: array__GB8, 
int8_quad_mac__xdcDup__183: array__GB2, 
dsp_macro_wrapper__xdcDup__73: array__GB6, 
dsp_macro_wrapper__xdcDup__113: array__GB5, 
int8_quad_mac__xdcDup__185: array__GB6, 
case__801: array__GB11, 
case__634: array__GB10, 
mul__xdcDup__93: array__GB1, 
mul__xdcDup__81: array__GB3, 
case__1020: top__GC0, 
case__152: array__GB10, 
logic__261: array__GB2, 
int8_pe__xdcDup__170: array__GB11, 
case__738: array__GB0, 
int8_pe__xdcDup__110: array__GB5, 
case__841: array__GB8, 
case__52: array__GB5, 
case__13: top__GC0, 
int8_quad_mac__xdcDup__50: array__GB11, 
dsp_macro_wrapper__xdcDup__46: array__GB8, 
case__845: array__GB8, 
dsp_macro__xdcDup__1: array__GB3, 
dsp_macro_wrapper__xdcDup__153: array__GB4, 
logic__1241: array__GB0, 
logic__107: array__GB8, 
dsp_macro__xdcDup__150: array__GB6, 
case__888: array__GB0, 
case__580: array__GB0, 
case__229: array__GB5, 
case__57: array__GB4, 
case__946: array__GB0, 
case__58: array__GB4, 
case__151: array__GB10, 
case__639: array__GB8, 
dsp_macro__xdcDup__193: array__GB6, 
dsp_macro_wrapper__xdcDup__32: array__GB8, 
dsp_macro_wrapper__xdcDup__27: array__GB4, 
case__159: array__GB4, 
logic__877: array__GB6, 
case__617: array__GB4, 
case__95: array__GB12, 
case__317: array__GB1, 
case__312: array__GB13, 
case__422: array__GB9, 
case__606: array__GB0, 
case__120: array__GB3, 
case__331: array__GB5, 
case__961: array__GB4, 
dsp_macro__xdcDup__115: array__GB11, 
case__990: array__GB8, 
dsp_macro_wrapper__xdcDup__33: array__GB8, 
case__884: array__GB0, 
int8_pe__xdcDup__38: array__GB0, 
int8_pe__xdcDup__131: array__GB9, 
mul__xdcDup__80: array__GB2, 
case__765: array__GB6, 
dsp_macro_wrapper__xdcDup__90: array__GB10, 
mul__xdcDup__150: array__GB0, 
dsp_macro_wrapper__xdcDup__62: array__GB8, 
case__343: array__GB7, 
case__507: array__GB2, 
logic__247: array__GB13, 
int8_quad_mac__xdcDup__92: array__GB13, 
case__926: array__GB9, 
dsp_macro__xdcDup__52: array__GB7, 
dsp_macro__xdcDup__11: array__GB6, 
dsp_macro_wrapper__xdcDup__22: array__GB11, 
case__624: array__GB6, 
int8_quad_mac__xdcDup__173: array__GB8, 
int8_pe__xdcDup__11: array__GB3, 
mul__xdcDup__31: array__GB6, 
mul__xdcDup__98: array__GB7, 
int8_quad_mac__xdcDup__87: array__GB6, 
dsp_macro__xdcDup__68: array__GB8, 
logic__800: array__GB8, 
dsp_macro_wrapper__xdcDup__88: array__GB8, 
logic__366: array__GB3, 
case__283: array__GB8, 
case__82: array__GB10, 
dsp_macro_wrapper__xdcDup__193: array__GB0, 
int8_pe__xdcDup__130: array__GB9, 
case__98: array__GB13, 
case__240: array__GB13, 
case__863: array__GB11, 
dsp_macro_wrapper__xdcDup__95: array__GB3, 
case__123: array__GB5, 
case__967: array__GB4, 
int8_pe: array__GB6, 
case__179: array__GB1, 
case__517: array__GB11, 
case__813: array__GB0, 
case__378: array__GB12, 
case__91: array__GB12, 
case__569: array__GB8, 
case__54: array__GB5, 
case__259: array__GB3, 
case__542: array__GB4, 
case__875: array__GB11, 
dsp_macro__xdcDup__153: array__GB8, 
int8_pe__xdcDup__147: array__GB11, 
case__591: array__GB11, 
case__420: array__GB6, 
int8_quad_mac__xdcDup__121: array__GB1, 
case__164: array__GB12, 
dsp_macro__xdcDup__187: array__GB0, 
case__597: array__GB0, 
logic__17: top__GC0, 
logic__926: array__GB11, 
logic__660: array__GB3, 
logic__1339: array__GB0, 
int8_quad_mac__xdcDup__33: array__GB8, 
case__767: array__GB6, 
logic__100: array__GB6, 
mul__xdcDup__120: array__GB13, 
case__383: array__GB11, 
case__730: array__GB11, 
dsp_macro__xdcDup__194: array__GB8, 
case__272: array__GB7, 
dsp_macro_wrapper__xdcDup__17: array__GB6, 
logic__1297: array__GB8, 
dsp_macro_wrapper__xdcDup__54: array__GB4, 
logic__135: array__GB12, 
array__GB12: array__GB12, 
mul__xdcDup__160: array__GB8, 
logic__212: array__GB9, 
case__776: array__GB8, 
mul__xdcDup__191: array__GB0, 
int8_pe__xdcDup__108: array__GB2, 
mul__xdcDup__4: array__GB8, 
case__795: array__GB11, 
dsp_macro__xdcDup__20: array__GB2, 
case__672: array__GB0, 
int8_pe__xdcDup__69: array__GB4, 
case__659: array__GB11, 
case__469: array__GB3, 
int8_quad_mac__xdcDup__109: array__GB3, 
case__382: array__GB11, 
dsp_macro__xdcDup__12: array__GB8, 
case__954: array__GB0, 
int8_pe__xdcDup__24: array__GB0, 
case__69: array__GB6, 
case__718: array__GB2, 
case__558: array__GB6, 
case__576: array__GB0, 
case__924: array__GB8, 
case__965: array__GB4, 
case__512: array__GB11, 
int8_pe__xdcDup__178: array__GB0, 
mul__xdcDup__15: array__GB2, 
logic__1178: array__GB6, 
dsp_macro_wrapper__xdcDup__170: array__GB11, 
int8_pe__xdcDup__120: array__GB13, 
case__271: array__GB7, 
case__687: array__GB4, 
case__1005: top__GC0, 
mul__xdcDup__83: array__GB4, 
logic__79: array__GB5, 
int8_quad_mac__xdcDup__89: array__GB9, 
case__930: array__GB9, 
case__855: array__GB8, 
case__746: array__GB0, 
mul__xdcDup__20: array__GB8, 
case__176: array__GB1, 
int8_pe__xdcDup__90: array__GB10, 
dsp_macro_wrapper__xdcDup__65: array__GB0, 
int8_quad_mac__xdcDup__56: array__GB6, 
case__501: array__GB8, 
case__1023: top__GC0, 
case__903: array__GB6, 
case__839: array__GB6, 
int8_pe__xdcDup__144: array__GB10, 
case__127: array__GB4, 
case__807: array__GB0, 
dsp_macro__xdcDup__165: array__GB6, 
case__4: top__GC0, 
dsp_macro__xdcDup__32: array__GB13, 
int8_quad_mac__xdcDup__122: array__GB2, 
logic__415: array__GB10, 
case__825: array__GB4, 
logic__1108: array__GB3, 
logic__667: array__GB4, 
logic__989: array__GB10, 
int8_pe__xdcDup__40: array__GB4, 
case__858: array__GB3, 
int8_pe__xdcDup__188: array__GB8, 
int8_quad_mac__xdcDup__140: array__GB7, 
int8_quad_mac__xdcDup__93: array__GB1, 
case__227: array__GB5, 
case__355: array__GB8, 
case__1048: top__GC0, 
case__758: array__GB4, 
int8_quad_mac__xdcDup__86: array__GB12, 
mul__xdcDup__57: array__GB9, 
dsp_macro_wrapper__xdcDup__187: array__GB8, 
case__818: array__GB0, 
case__327: array__GB3, 
dsp_macro_wrapper__xdcDup__59: array__GB6, 
case__789: array__GB3, 
case__474: array__GB4, 
case__220: array__GB9, 
case__595: array__GB11, 
case__704: array__GB10, 
dsp_macro_wrapper__xdcDup__112: array__GB7, 
mul__xdcDup__127: array__GB4, 
dsp_macro__xdcDup__6: array__GB2, 
case__183: array__GB2, 
case__1046: top__GC0, 
mul__xdcDup__176: array__GB11, 
case__403: array__GB4, 
int8_pe__xdcDup__5: array__GB9, 
dsp_macro_wrapper__xdcDup__192: array__GB0, 
mul__xdcDup__94: array__GB2, 
case__157: array__GB4, 
case__278: array__GB6, 
case__936: array__GB11, 
case__721: array__GB11, 
mul__xdcDup__117: array__GB9, 
dsp_macro__xdcDup__163: array__GB4, 
int8_pe__xdcDup__113: array__GB5, 
dsp_macro__xdcDup__124: array__GB10, 
case__898: array__GB4, 
case__505: array__GB8, 
int8_quad_mac__xdcDup__153: array__GB4, 
case__947: array__GB0, 
case__628: array__GB6, 
case__145: array__GB8, 
dsp_macro_wrapper__xdcDup__24: array__GB0, 
case__831: array__GB6, 
dsp_macro__xdcDup__78: array__GB4, 
dsp_macro__xdcDup__96: array__GB10, 
case__441: array__GB11, 
dsp_macro__xdcDup__184: array__GB13, 
int8_pe__xdcDup__145: array__GB8, 
case__415: array__GB7, 
case__265: array__GB5, 
dsp_macro_wrapper__xdcDup__68: array__GB4, 
dsp_macro_wrapper__xdcDup__111: array__GB4, 
case__1038: top__GC0, 
mul__xdcDup__175: array__GB11, 
dsp_macro_wrapper__xdcDup__188: array__GB8, 
case__742: array__GB0, 
case__551: array__GB6, 
case__791: array__GB11, 
case__437: array__GB6, 
mul__xdcDup__46: array__GB8, 
case__638: array__GB8, 
int8_quad_mac__xdcDup__112: array__GB7, 
case__294: array__GB10, 
dsp_macro__xdcDup__170: array__GB11, 
case__412: array__GB7, 
case__802: array__GB11, 
case__211: array__GB8, 
mul__xdcDup__70: array__GB6, 
case__1035: top__GC0, 
logic__345: array__GB13, 
case__351: array__GB8, 
case__235: array__GB12, 
logic__646: array__GB0, 
case__883: array__GB0, 
case__138: array__GB6, 
case__221: array__GB10, 
int8_pe__xdcDup__83: array__GB4, 
case__129: array__GB4, 
case__431: array__GB8, 
mul__xdcDup__40: array__GB4, 
logic__149: array__GB13, 
case__623: array__GB6, 
int8_pe__xdcDup__13: array__GB4, 
case__497: array__GB8, 
case__835: array__GB6, 
logic__1003: array__GB8, 
logic__191: array__GB7, 
int8_quad_mac__xdcDup__41: array__GB4, 
case__459: array__GB0, 
case__907: array__GB6, 
case__147: array__GB9, 
logic__1255: array__GB4, 
logic__27: array__GB3, 
case__1047: top__GC0, 
int8_quad_mac__xdcDup__20: array__GB8, 
case__202: array__GB7, 
case__571: array__GB8, 
int8_quad_mac__xdcDup__84: array__GB7, 
dsp_macro__xdcDup__29: array__GB4, 
case__714: array__GB8, 
int8_quad_mac__xdcDup__106: array__GB13, 
dsp_macro__xdcDup__54: array__GB8, 
mul__xdcDup__140: array__GB7, 
case__568: array__GB8, 
dsp_macro__xdcDup__10: array__GB7, 
case__610: array__GB0, 
case__871: array__GB11, 
case__695: array__GB6, 
int8_pe__xdcDup__160: array__GB8, 
case__323: array__GB2, 
case__250: array__GB1, 
case__894: array__GB4, 
case__42: array__GB2, 
case__652: array__GB11, 
case__85: array__GB10, 
int8_pe__xdcDup__87: array__GB6, 
logic__863: array__GB4, 
case__87: array__GB5, 
case__451: array__GB11, 
logic__940: array__GB0, 
int8_quad_mac__xdcDup__107: array__GB1, 
case__242: array__GB13, 
int8_quad_mac__xdcDup__6: array__GB10, 
int8_quad_mac__xdcDup__39: array__GB0, 
case__384: array__GB11, 
mul__xdcDup__111: array__GB4, 
dsp_macro__xdcDup__26: array__GB8, 
logic__961: array__GB4, 
case__338: array__GB4, 
int8_pe__xdcDup__136: array__GB2, 
mul__xdcDup__145: array__GB8, 
dsp_macro_wrapper__xdcDup__26: array__GB4, 
int8_pe__xdcDup__124: array__GB5, 
mul__xdcDup__96: array__GB5, 
int8_pe__xdcDup__33: array__GB8, 
case__614: array__GB4, 
case__115: array__GB2, 
mul__xdcDup__164: array__GB0, 
case__1021: top__GC0, 
int8_quad_mac__xdcDup__176: array__GB11, 
case__669: array__GB0, 
case__172: array__GB13, 
case__658: array__GB11, 
case__1025: top__GC0, 
case__468: array__GB3, 
case__953: array__GB0, 
int8_quad_mac__xdcDup__98: array__GB7, 
int8_quad_mac__xdcDup__17: array__GB6, 
case__1028: top__GC0, 
logic__541: array__GB11, 
int8_pe__xdcDup__168: array__GB6, 
dsp_macro__xdcDup__92: array__GB4, 
logic__1087: array__GB10, 
logic__975: array__GB6, 
case__923: array__GB8, 
case__130: array__GB4, 
mul__xdcDup__27: array__GB4, 
case__1019: top__GC0, 
case__684: array__GB4, 
int8_quad_mac__xdcDup__102: array__GB8, 
mul__xdcDup__92: array__GB13, 
case__270: array__GB4, 
int8_quad_mac__xdcDup__130: array__GB9, 
case__79: array__GB9, 
case__555: array__GB6, 
dsp_macro__xdcDup__145: array__GB0, 
case__942: array__GB11, 
dsp_macro_wrapper__xdcDup__57: array__GB9, 
case__301: array__GB12, 
int8_pe__xdcDup__6: array__GB10, 
case__173: array__GB13, 
int8_quad_mac__xdcDup__139: array__GB4, 
int8_quad_mac__xdcDup__145: array__GB8, 
logic__821: array__GB11, 
case__495: array__GB10, 
dsp_macro__xdcDup__15: array__GB5, 
dsp_macro__xdcDup__75: array__GB1, 
case__870: array__GB11, 
dsp_macro__xdcDup__159: array__GB0, 
dsp_macro__xdcDup__53: array__GB6, 
case__774: array__GB10, 
case__694: array__GB6, 
int8_pe__xdcDup__195: array__GB4, 
dsp_macro__xdcDup__129: array__GB11, 
mul__xdcDup__169: array__GB0, 
case__1011: top__GC0, 
dsp_macro_wrapper__xdcDup__180: array__GB4, 
int8_pe__xdcDup__96: array__GB5, 
case__838: array__GB6, 
case__416: array__GB6, 
dsp_macro__xdcDup__106: array__GB4, 
case__298: array__GB5, 
dsp_macro_wrapper__xdcDup__40: array__GB4, 
int8_quad_mac__xdcDup__167: array__GB4, 
logic__1374: array__GB6, 
case__781: array__GB8, 
case__827: array__GB4, 
case__526: array__GB0, 
case__286: array__GB9, 
dsp_macro_wrapper__xdcDup__34: array__GB8, 
int8_quad_mac__xdcDup__151: array__GB3, 
case__167: array__GB13, 
case__931: array__GB13, 
case__584: array__GB11, 
int8_quad_mac__xdcDup__155: array__GB2, 
case__531: array__GB0, 
int8_quad_mac__xdcDup__11: array__GB3, 
case__540: array__GB3, 
logic__310: array__GB9, 
int8_quad_mac__xdcDup__67: array__GB0, 
logic__912: array__GB2, 
mul__xdcDup__161: array__GB11, 
case__535: array__GB0, 
case__169: array__GB13, 
mul__xdcDup__136: array__GB2, 
case__293: array__GB10, 
case__788: array__GB3, 
case__473: array__GB4, 
case__979: array__GB6, 
int8_quad_mac__xdcDup__110: array__GB5, 
case__703: array__GB10, 
datapath__2: top__GC0, 
mul__xdcDup__129: array__GB6, 
case__83: array__GB10, 
int8_pe__xdcDup__66: array__GB0, 
case__397: array__GB3, 
case__455: array__GB11, 
logic__1395: array__GB8, 
mul__xdcDup__50: array__GB11, 
int8_quad_mac__xdcDup__51: array__GB0, 
mul__xdcDup__65: array__GB0, 
case__404: array__GB4, 
int8_pe__xdcDup__63: array__GB11, 
logic__758: array__GB3, 
case__279: array__GB6, 
int8_quad_mac__xdcDup__161: array__GB11, 
case__649: array__GB2, 
case__447: array__GB11, 
int8_quad_mac__xdcDup__163: array__GB0, 
case__243: array__GB13, 
int8_pe__xdcDup__59: array__GB6, 
case__1030: top__GC0, 
int8_quad_mac__xdcDup__180: array__GB4, 
logic__114: array__GB9, 
case__490: array__GB6, 
int8_quad_mac__xdcDup__80: array__GB2, 
case__406: array__GB4, 
dsp_macro__xdcDup__67: array__GB6, 
case__38: array__GB1, 
datapath: top__GC0, 
case__866: array__GB11, 
case__315: array__GB13, 
case__994: array__GB8, 
logic__569: array__GB4, 
case__539: array__GB3, 
logic__394: array__GB6, 
logic__240: array__GB13, 
case__697: array__GB6, 
case__388: array__GB1, 
dsp_macro_wrapper__xdcDup__47: array__GB8, 
case__1027: top__GC0, 
case__15: array__GB3, 
mul__xdcDup__67: array__GB0, 
case__61: array__GB7, 
dsp_macro_wrapper__xdcDup__149: array__GB0, 
dsp_macro_wrapper__xdcDup__103: array__GB9, 
logic__870: array__GB4, 
case__1016: top__GC0, 
mul__xdcDup__128: array__GB12, 
case__462: array__GB0, 
case__850: array__GB8, 
logic__597: array__GB9, 
case__370: array__GB4, 
case__750: array__GB0, 
int8_quad_mac__xdcDup__29: array__GB3, 
int8_quad_mac__xdcDup__187: array__GB8, 
dsp_macro__xdcDup__25: array__GB6, 
datapath__4: top__GC0, 
dsp_macro_wrapper__xdcDup__21: array__GB11, 
dsp_macro_wrapper__xdcDup__52: array__GB0, 
logic__716: array__GB2, 
int8_quad_mac__xdcDup__62: array__GB8, 
case__619: array__GB4, 
mul__xdcDup__181: array__GB4, 
int8_quad_mac__xdcDup__189: array__GB11, 
case__424: array__GB9, 
int8_pe__xdcDup__55: array__GB4, 
mul__xdcDup__74: array__GB8, 
case__458: array__GB0, 
int8_pe__xdcDup__138: array__GB4, 
int8_quad_mac__xdcDup__135: array__GB1, 
case__1034: top__GC0, 
mul__xdcDup__108: array__GB2, 
int8_quad_mac__xdcDup__179: array__GB0, 
case__346: array__GB6, 
int8_quad_mac__xdcDup__3: array__GB6, 
case__101: array__GB13, 
case__509: array__GB2, 
dff__parameterized4: array__GB13, array__GB11, array__GB4, array__GB0, array__GB7, array__GB9, array__GB12, array__GB3, array__GB10, array__GB1, array__GB2, array__GB5, array__GB6, array__GB8, 
dsp_macro_wrapper__xdcDup__5: array__GB9, 
logic__1360: array__GB4, 
mul__xdcDup__89: array__GB9, 
case__144: array__GB8, 
case__103: array__GB13, 
logic__730: array__GB11, 
case__713: array__GB8, 
case__30: array__GB13, 
case__720: array__GB2, 
top__GC0: top__GC0, 
case__820: array__GB0, 
case__335: array__GB5, 
dsp_macro_wrapper__xdcDup__152: array__GB4, 
int8_pe__xdcDup__4: array__GB8, 
dff__parameterized3: array__GB13, array__GB11, array__GB4, array__GB0, array__GB7, array__GB9, array__GB12, array__GB3, array__GB10, array__GB1, array__GB2, array__GB5, array__GB6, array__GB8, 
case__971: array__GB6, 
int8_quad_mac__xdcDup__60: array__GB8, 
case__324: array__GB2, 
int8_quad_mac__xdcDup__40: array__GB4, 
logic__765: array__GB4, 
int8_quad_mac__xdcDup__57: array__GB9, 
case__893: array__GB4, 
dsp_macro_wrapper__xdcDup__164: array__GB0, 
case__969: array__GB4, 
logic__842: array__GB0, 
case__860: array__GB3, 
dsp_macro__xdcDup__70: array__GB10, 
case__912: array__GB8, 
case__171: array__GB13, 
mul__xdcDup__86: array__GB12, 
case__519: array__GB11, 
dsp_macro_wrapper__xdcDup__127: array__GB4, 
dsp_macro_wrapper__xdcDup__185: array__GB6, 
dsp_macro__xdcDup__2: array__GB12, 
logic__1080: array__GB6, 
int8_pe__xdcDup__57: array__GB9, 
case__760: array__GB4, 
extram: top__GC0, 
logic__457: array__GB2, 
case__339: array__GB4, 
case__544: array__GB4, 
case__797: array__GB11, 
case__565: array__GB10, 
case__613: array__GB4, 
logic__947: array__GB0, 
case__668: array__GB0, 
case__599: array__GB0, 
mul__xdcDup__25: array__GB0, 
case__1044: top__GC0, 
array__GB11: array__GB11, 
case__769: array__GB6, 
dsp_macro__xdcDup__112: array__GB8, 
dsp_macro__xdcDup__158: array__GB11, 
case__49: array__GB3, 
logic__723: array__GB11, 
case__683: array__GB4, 
dsp_macro_wrapper__xdcDup__159: array__GB8, 
dsp_macro_wrapper__xdcDup__163: array__GB0, 
logic__478: array__GB4, 
fsm: top__GC0, 
logic__968: array__GB4, 
case__216: array__GB9, 
dsp_macro_wrapper__xdcDup__126: array__GB7, 
case__66: array__GB6, 
case__674: array__GB0, 
int8_quad_mac__xdcDup__127: array__GB4, 
case__135: array__GB7, 
dsp_macro_wrapper__xdcDup__64: array__GB11, 
dsp_macro__xdcDup__84: array__GB8, 
mul__xdcDup__9: array__GB1, 
int8_pe__xdcDup__153: array__GB4, 
dsp_macro_wrapper__xdcDup__69: array__GB4, 
mul__xdcDup__123: array__GB3, 
case__932: array__GB13, 
case__521: array__GB11, 
dsp_macro_wrapper__xdcDup__174: array__GB8, 
case__20: array__GB3, 
case__258: array__GB3, 
case__773: array__GB10, 
int8_pe__xdcDup__185: array__GB6, 
case__885: array__GB0, 
case__693: array__GB6, 
dsp_macro__xdcDup__8: array__GB5, 
case__956: array__GB0, 
case__514: array__GB11, 
dsp_macro__xdcDup__101: array__GB11, 
int8_quad_mac__xdcDup__125: array__GB4, 
int8_quad_mac__xdcDup__138: array__GB4, 
int8_quad_mac__xdcDup__32: array__GB8, 
int8_pe__xdcDup__37: array__GB0, 
case__689: array__GB4, 
dsp_macro_wrapper__xdcDup__109: array__GB3, 
case__299: array__GB5, 
logic__1136: array__GB0, 
dsp_macro_wrapper__xdcDup__100: array__GB12, 
dsp_macro__xdcDup__37: array__GB4, 
int8_quad_mac__xdcDup__134: array__GB11, 
case__110: array__GB1, 
int8_pe__xdcDup__48: array__GB8, 
dsp_macro_wrapper__xdcDup__36: array__GB11, 
reg__3: top__GC0, 
case__751: array__GB4, 
case__583: array__GB11, 
case__134: array__GB7, 
dsp_macro_wrapper__xdcDup__146: array__GB8, 
case__46: array__GB3, 
case__40: array__GB1, 
case__917: array__GB8, 
int8_quad_mac__xdcDup__150: array__GB0, 
dsp_macro__xdcDup__142: array__GB11, 
logic__422: array__GB5, 
case__809: array__GB0, 
int8_quad_mac__xdcDup__186: array__GB10, 
mul__xdcDup__152: array__GB4, 
case__16: array__GB3, 
case__978: array__GB6, 
case__75: array__GB8, 
int8_quad_mac__xdcDup__192: array__GB0, 
int8_quad_mac__xdcDup__19: array__GB8, 
case__41: array__GB2, 
int8_quad_mac__xdcDup__152: array__GB4, 
dsp_macro__xdcDup__128: array__GB11, 
case__225: array__GB10, 
case__982: array__GB8, 
dsp_macro__xdcDup__141: array__GB2, 
int8_quad_mac__xdcDup__95: array__GB3, 
int8_quad_mac__xdcDup__101: array__GB6, 
case__996: top__GC0, 
case__677: array__GB0, 
case__762: array__GB6, 
case__648: array__GB2, 
case__1018: top__GC0, 
dsp_macro_wrapper__xdcDup__176: array__GB11, 
int8_quad_mac__xdcDup__4: array__GB8, 
logic__324: array__GB5, 
dsp_macro__xdcDup__58: array__GB12, 
case__322: array__GB2, 
logic__1332: array__GB0, 
case__1: top__GC0, 
mul__xdcDup__156: array__GB11, 
dsp_macro_wrapper__xdcDup__9: array__GB1, 
int8_pe__xdcDup__149: array__GB0, 
case__19: array__GB13, array__GB11, array__GB4, array__GB0, array__GB7, array__GB9, array__GB12, array__GB3, array__GB10, array__GB1, array__GB2, array__GB5, array__GB6, array__GB8, 
case__735: array__GB11, 
case__710: array__GB8, 
case__314: array__GB13, 
case__727: array__GB11, 
case__993: array__GB8, 
int8_pe__xdcDup__23: array__GB0, 
int8_quad_mac__xdcDup__177: array__GB0, 
case__538: array__GB3, 
case__385: array__GB11, 
int8_quad_mac__xdcDup__94: array__GB2, 
case__389: array__GB1, 
mul__xdcDup__22: array__GB11, 
logic__1045: array__GB0, 
mul__xdcDup__21: array__GB11, 
int8_pe__xdcDup__77: array__GB13, 
logic__618: array__GB6, 
case__43: array__GB2, 
case__949: array__GB0, 
case__550: array__GB4, 
dsp_macro_wrapper__xdcDup__12: array__GB5, 
mul__xdcDup__16: array__GB11, 
logic__142: array__GB13, 
case__731: array__GB11, 
case__155: array__GB10, 
int8_quad_mac__xdcDup__137: array__GB3, 
case__661: array__GB11, 
dsp_macro_wrapper__xdcDup__143: array__GB6, 
logic__1129: array__GB11, 
mul__xdcDup__90: array__GB10, 
case__986: array__GB8, 
mul__xdcDup__166: array__GB4, 
logic__548: array__GB1, 
case__230: array__GB5, 
case__744: array__GB0, 
case__439: array__GB6, 
int8_pe__xdcDup__171: array__GB6, 
case__645: array__GB8, 
mul__xdcDup__174: array__GB8, 
int8_quad_mac__xdcDup__43: array__GB3, 
case__804: array__GB11, 
case__618: array__GB4, 
case__880: array__GB0, 
case__226: array__GB5, 
logic__702: array__GB8, 
case__785: array__GB8, 
case__410: array__GB4, 
mul__xdcDup__62: array__GB8, 
case__423: array__GB9, 
int8_pe__xdcDup__78: array__GB13, 
mul__xdcDup__45: array__GB6, 
case__97: array__GB13, 
case__257: array__GB3, 
case__77: array__GB9, 
int8_pe__xdcDup__165: array__GB3, 
logic__1276: array__GB6, 
int8_pe__xdcDup__186: array__GB10, 
dsp_macro_wrapper__xdcDup__3: array__GB6, 
case__204: array__GB7, 
case__895: array__GB4, 
dsp_macro__xdcDup__60: array__GB13, 
dsp_macro_wrapper__xdcDup__121: array__GB1, 
dsp_macro__xdcDup__117: array__GB0, 
case__1004: top__GC0, 
case__499: array__GB8, 
case__716: array__GB2, 
dsp_macro_wrapper__xdcDup__43: array__GB3, 
int8_quad_mac__xdcDup__53: array__GB0, 
dsp_macro_wrapper__xdcDup__147: array__GB11, 
case__851: array__GB8, 
mul__xdcDup__37: array__GB0, 
mul__xdcDup__178: array__GB0, 
case__909: array__GB6, 
case__106: array__GB1, 
int8_quad_mac__xdcDup__73: array__GB6, 
mul__xdcDup__43: array__GB3, 
mul__xdcDup__155: array__GB2, 
int8_quad_mac__xdcDup__146: array__GB8, 
dsp_macro_wrapper__xdcDup__108: array__GB2, 
case__18: array__GB3, 
int8_pe__xdcDup__143: array__GB6, 
logic__919: array__GB11, 
dsp_macro__xdcDup__195: array__GB8, 
case__290: array__GB9, 
case__927: array__GB9, 
case__968: array__GB4, 
int8_pe__xdcDup__140: array__GB7, 
case__491: array__GB10, 
dsp_macro__xdcDup__40: array__GB8, 
case__572: array__GB8, 
case__114: array__GB2, 
int8_quad_mac__xdcDup__14: array__GB7, 
case__118: array__GB3, 
dsp_macro_wrapper__xdcDup__94: array__GB2, 
case__518: array__GB11, 
dsp_macro_wrapper__xdcDup__137: array__GB3, 
case__413: array__GB7, 
case__108: array__GB1, 
case__755: array__GB4, 
case__426: array__GB9, 
int8_quad_mac__xdcDup__72: array__GB12, 
case__722: array__GB11, 
int8_pe__xdcDup__172: array__GB10, 
case__273: array__GB7, 
case__543: array__GB4, 
case__654: array__GB11, 
int8_quad_mac__xdcDup__66: array__GB0, 
dsp_macro_wrapper__xdcDup__134: array__GB11, 
reg__6: array__GB13, array__GB11, array__GB4, array__GB0, array__GB7, array__GB9, array__GB12, array__GB3, array__GB10, array__GB1, array__GB2, array__GB5, array__GB6, array__GB8, 
int8_pe__xdcDup__65: array__GB0, 
case__53: array__GB5, 
case__598: array__GB0, 
case__160: array__GB4, 
int8_pe__xdcDup__169: array__GB0, 
mul__xdcDup__180: array__GB4, 
logic__296: array__GB6, 
case__768: array__GB6, 
dsp_macro__xdcDup__111: array__GB8, 
mul__xdcDup__106: array__GB13, 
int8_pe__xdcDup__106: array__GB13, 
mul__xdcDup__10: array__GB2, 
case__376: array__GB12, 
mul__xdcDup__2: array__GB12, 
dsp_macro_wrapper__xdcDup__122: array__GB2, 
case__821: array__GB4, 
int8_pe__xdcDup__31: array__GB6, 
mul__xdcDup__32: array__GB8, 
dsp_macro__xdcDup__147: array__GB0, 
logic__1325: array__GB11, 
case__673: array__GB0, 
case__56: array__GB4, 
mul__xdcDup__12: array__GB5, 
dsp_macro_wrapper__xdcDup__10: array__GB2, 
int8_quad_mac__xdcDup__182: array__GB6, 
dsp_macro__xdcDup__93: array__GB4, 
dsp_macro__xdcDup__73: array__GB12, 
case__577: array__GB0, 
dsp_macro__xdcDup__120: array__GB4, 
case__99: array__GB13, 
case__513: array__GB11, 
mul__xdcDup__38: array__GB0, 
dsp_macro_wrapper__xdcDup__1: array__GB3, 
int8_pe__xdcDup__56: array__GB6, 
dsp_macro_wrapper__xdcDup__177: array__GB0, 
mul__xdcDup__58: array__GB13, 
logic__37: array__GB12, 
case__688: array__GB4, 
mul__xdcDup__30: array__GB11, 
case__641: array__GB8, 
case__856: array__GB3, 
case__944: array__GB11, 
case__625: array__GB6, 
logic__1164: array__GB4, 
case__832: array__GB6, 
mul__xdcDup__100: array__GB12, 
reg__5: array__GB13, array__GB11, array__GB4, array__GB0, array__GB7, array__GB9, array__GB12, array__GB3, array__GB10, array__GB1, array__GB2, array__GB5, array__GB6, array__GB8, 
mul__xdcDup__124: array__GB5, 
case__381: array__GB11, 
case__715: array__GB8, 
case__350: array__GB6, 
dsp_macro_wrapper__xdcDup__96: array__GB5, 
case__109: array__GB1, 
dsp_macro__xdcDup__167: array__GB8, 
mul__xdcDup__97: array__GB4, 
case__26: array__GB13, 
int8_quad_mac__xdcDup__149: array__GB0, 
case__808: array__GB0, 
dsp_macro__xdcDup__176: array__GB4, 
int8_quad_mac__xdcDup__123: array__GB3, 
mul__xdcDup__186: array__GB10, 
mul__xdcDup__6: array__GB10, 
case__829: array__GB4, 
logic__58: array__GB1, 
mul__xdcDup__24: array__GB0, 
dsp_macro_wrapper__xdcDup__119: array__GB12, 
case__393: array__GB2, 
case__1029: top__GC0, 
int8_pe__xdcDup__61: array__GB8, 
logic__443: array__GB13, 
dsp_macro__xdcDup__3: array__GB13, 
case__1000: top__GC0, 
dsp_macro__xdcDup__39: array__GB6, 
dsp_macro__xdcDup__160: array__GB0, 
dsp_macro_wrapper__xdcDup__48: array__GB8, 
mul__xdcDup__26: array__GB4, 
logic__632: array__GB11, 
case__24: array__GB12, 
dsp_macro__xdcDup__24: array__GB7, 
int8_pe__xdcDup__183: array__GB2, 
dsp_macro__xdcDup__51: array__GB4, 
int8_pe__xdcDup__155: array__GB2, 
case__261: array__GB5, 
int8_quad_mac__xdcDup__96: array__GB5, 
case__81: array__GB10, 
case__987: array__GB8, 
case__402: array__GB4, 
int8_quad_mac__xdcDup__46: array__GB8, 
case__962: array__GB4, 
logic__436: array__GB12, 
logic__982: array__GB6, 
case__972: array__GB6, 
case__449: array__GB11, 
case__561: array__GB10, 
int8_pe__xdcDup__111: array__GB4, 
int8_pe__xdcDup__182: array__GB6, 
case__219: array__GB9, 
case__948: array__GB0, 
case__12: top__GC0, 
int8_pe__xdcDup__12: array__GB5, 
case__277: array__GB6, 
int8_pe__xdcDup__157: array__GB6, 
case__105: array__GB13, 
case__1014: top__GC0, 
logic__653: array__GB0, 
case__313: array__GB13, 
mul__xdcDup__158: array__GB10, 
case__274: array__GB7, 
int8_pe__xdcDup__104: array__GB10, 
case__340: array__GB4, 
case__158: array__GB4, 
int8_pe__xdcDup__21: array__GB11, 
int8_quad_mac__xdcDup__104: array__GB10, 
case__699: array__GB6, 
case__743: array__GB0, 
case__372: array__GB12, 
int8_pe__xdcDup__22: array__GB11, 
dsp_macro__xdcDup__82: array__GB9, 
mul__xdcDup__137: array__GB3, 
int8_pe__xdcDup__54: array__GB4, 
dff__parameterized2: top__GC0, 
case__60: array__GB4, 
case__438: array__GB6, 
dsp_macro_wrapper__xdcDup__114: array__GB12, 
case__121: array__GB5, 
int8_quad_mac__xdcDup__70: array__GB6, 
case__736: array__GB0, 
dsp_macro__xdcDup__4: array__GB13, 
case__803: array__GB11, 
case__482: array__GB6, 
case__811: array__GB0, 
case__352: array__GB8, 
case__464: array__GB0, 
case__396: array__GB3, 
dsp_macro__xdcDup__49: array__GB3, 
case__842: array__GB8, 
case__998: top__GC0, 
case__256: array__GB3, 
dsp_macro__xdcDup__77: array__GB3, 
case__300: array__GB5, 
int8_quad_mac__xdcDup__49: array__GB11, 
case__900: array__GB4, 
case__194: array__GB5, 
dsp_macro__xdcDup__192: array__GB6, 
mul__xdcDup__84: array__GB7, 
case__777: array__GB8, 
case__55: array__GB5, 
case__960: array__GB0, 
int8_pe__xdcDup__26: array__GB4, 
case__23: array__GB12, 
mul__xdcDup__194: array__GB4, 
int8_quad_mac__xdcDup__42: array__GB6, 
case__231: array__GB12, 
int8_quad_mac__xdcDup__147: array__GB11, 
dsp_macro_wrapper__xdcDup__148: array__GB11, 
case__217: array__GB9, 
case__846: array__GB8, 
mul__xdcDup__59: array__GB6, 
case__498: array__GB8, 
int8_pe__xdcDup__79: array__GB1, 
case__955: array__GB0, 
case__174: array__GB13, 
case__249: array__GB1, 
logic__44: array__GB13, 
dsp_macro_wrapper__xdcDup__91: array__GB13, 
dsp_macro_wrapper__xdcDup__92: array__GB13, 
dsp_macro_wrapper__xdcDup__2: array__GB12, 
case__522: array__GB11, 
logic__170: array__GB3, 
dsp_macro__xdcDup__55: array__GB9, 
int8_pe__xdcDup__92: array__GB13, 
case__908: array__GB6, 
int8_pe__xdcDup__179: array__GB0, 
case__685: array__GB4, 
dsp_macro__xdcDup__7: array__GB3, 
case__905: array__GB6, 
dsp_macro_wrapper__xdcDup__156: array__GB11, 
case__1042: top__GC0, 
case__640: array__GB8, 
dsp_macro_wrapper__xdcDup__173: array__GB8, 
case__621: array__GB6, 
case__190: array__GB3, 
int8_pe__xdcDup__14: array__GB7, 
case__865: array__GB11, 
int8_pe__xdcDup__164: array__GB0, 
int8_quad_mac__xdcDup__111: array__GB4, 
logic__1283: array__GB8, 
array__GB6: array__GB6, 
int8_quad_mac__xdcDup__38: array__GB0, 
int8_pe__xdcDup__167: array__GB4, 
case__206: array__GB6, 
case__414: array__GB7, 
mul__xdcDup__88: array__GB8, 
dsp_macro_wrapper__xdcDup__123: array__GB3, 
case__937: array__GB11, 
int8_quad_mac__xdcDup__108: array__GB2, 
logic__1122: array__GB11, 
case__653: array__GB11, 
case__195: array__GB5, 
case__223: array__GB10, 
int8_quad_mac__xdcDup__141: array__GB6, 
case__586: array__GB11, 
case__527: array__GB0, 
case__914: array__GB8, 
dsp_macro_wrapper__xdcDup__87: array__GB6, 
int8_quad_mac__xdcDup__97: array__GB4, 
case__590: array__GB11, 
logic__583: array__GB7, 
case__203: array__GB7, 
case__816: array__GB0, 
int8_quad_mac__xdcDup__8: array__GB13, 
case__1026: top__GC0, 
case__515: array__GB11, 
int8_pe__xdcDup__119: array__GB12, 
case__486: array__GB6, 
int8_pe__xdcDup__43: array__GB3, 
case__337: array__GB4, 
case__799: array__GB11, 
int8_quad_mac__xdcDup__75: array__GB9, 
int8_pe__xdcDup__99: array__GB5, 
mul__xdcDup__104: array__GB10, 
dsp_macro_wrapper__xdcDup__169: array__GB0, 
int8_quad_mac__xdcDup__117: array__GB9, 
dsp_macro_wrapper__xdcDup__67: array__GB0, 
int8_quad_mac__xdcDup__168: array__GB6, 
case__92: array__GB12, 
case__22: array__GB12, 
case__442: array__GB11, 
int8_pe__xdcDup__82: array__GB5, 
logic__1311: array__GB13, 
case__361: array__GB10, 
case__1045: top__GC0, 
case__245: array__GB13, 
dsp_macro__xdcDup__38: array__GB7, 
case__602: array__GB0, 
int8_pe__xdcDup__30: array__GB11, 
int8_pe__xdcDup__71: array__GB5, 
dsp_macro__xdcDup__18: array__GB13, 
case__170: array__GB13, 
case__163: array__GB12, 
case__86: array__GB5, 
int8_quad_mac__xdcDup__61: array__GB8, 
case__943: array__GB11, 
dsp_macro_wrapper__xdcDup__50: array__GB11, 
case__275: array__GB7, 
case__934: array__GB13, 
mul__xdcDup__185: array__GB6, 
dsp_macro_wrapper__xdcDup__77: array__GB13, 
case__31: array__GB13, 
dsp_macro__xdcDup__30: array__GB12, 
dsp_macro_wrapper__xdcDup__89: array__GB9, 
logic__1290: array__GB8, 
dsp_macro__xdcDup__104: array__GB0, 
dsp_macro_wrapper__xdcDup__184: array__GB11, 
int8_quad_mac__xdcDup__55: array__GB4, 
case__326: array__GB3, 
dsp_macro_wrapper__xdcDup__31: array__GB6, 
int8_quad_mac__xdcDup__172: array__GB10, 
int8_pe__xdcDup__62: array__GB8, 
int8_pe__xdcDup__146: array__GB8, 
case__297: array__GB5, 
case__305: array__GB12, 
dsp_macro__xdcDup__175: array__GB0, 
case__17: array__GB3, 
int8_pe__xdcDup__133: array__GB12, 
int8_pe__xdcDup__53: array__GB0, 
case__828: array__GB4, 
case__394: array__GB2, 
dsp_macro__xdcDup__103: array__GB0, 
case__747: array__GB0, 
case__262: array__GB5, 
logic__1381: array__GB8, 
case__386: array__GB1, 
dsp_macro_wrapper__xdcDup__189: array__GB11, 
int8_quad_mac__xdcDup__21: array__GB11, 
int8_quad_mac__xdcDup__114: array__GB12, 
mul__xdcDup__82: array__GB5, 
int8_quad_mac__xdcDup__99: array__GB5, 
logic__954: array__GB0, 
logic__1073: array__GB6, 
int8_quad_mac__xdcDup__10: array__GB2, 
case__919: array__GB8, 
array__GB2: array__GB2, 
int8_pe__xdcDup__191: array__GB0, 
int8_quad_mac__xdcDup__194: array__GB4, 
case__198: array__GB4, 
case__552: array__GB6, 
dsp_macro__xdcDup__59: array__GB12, 
case__970: array__GB4, 
case__357: array__GB9, 
logic__555: array__GB2, 
logic__163: array__GB2, 
dsp_macro_wrapper__xdcDup__49: array__GB11, 
dsp_macro__xdcDup__109: array__GB6, 
logic__1024: array__GB11, 
case__984: array__GB8, 
int8_quad_mac__xdcDup__178: array__GB0, 
case__679: array__GB0, 
dsp_macro_wrapper__xdcDup__63: array__GB11, 
logic__674: array__GB4, 
case__764: array__GB6, 
case__139: array__GB6, 
case__448: array__GB11, 
case__792: array__GB11, 
int8_quad_mac__xdcDup__184: array__GB11, 
int8_quad_mac__xdcDup__119: array__GB12, 
case__592: array__GB11, 
dsp_macro__xdcDup__97: array__GB8, 
mul__xdcDup__138: array__GB4, 
mul__xdcDup__23: array__GB0, 
int8_quad_mac__xdcDup__71: array__GB5, 
dsp_macro_wrapper__xdcDup__140: array__GB7, 
case__729: array__GB11, 
case__28: array__GB13, 
case__380: array__GB12, 
case__332: array__GB5, 
case__560: array__GB6, 
int8_pe__xdcDup__175: array__GB11, 
case__502: array__GB8, 
case__479: array__GB4, 
case__698: array__GB6, 
case__387: array__GB1, 
mul__xdcDup__148: array__GB11, 
case__70: array__GB6, 
case__238: array__GB13, 
case__861: array__GB11, 
case__430: array__GB9, 
case__852: array__GB8, 
case__881: array__GB0, 
case__1007: top__GC0, 
case__600: array__GB0, 
case__660: array__GB11, 
case__463: array__GB0, 
int8_pe__xdcDup__129: array__GB6, 
case__29: array__GB13, 
case: top__GC0, 
dsp_macro_wrapper__xdcDup__13: array__GB4, 
case__100: array__GB13, 
case__480: array__GB4, 
mul__xdcDup__34: array__GB8, 
dsp_macro_wrapper__xdcDup__56: array__GB6, 
int8_quad_mac__xdcDup__158: array__GB10, 
mul__xdcDup__69: array__GB4, 
case__466: array__GB3, 
dsp_macro__xdcDup__149: array__GB4, 
case__241: array__GB13, 
case__915: array__GB8, 
case__316: array__GB1, 
case__585: array__GB11, 
case__607: array__GB0, 
case__5: top__GC0, 
int8_pe__xdcDup__17: array__GB6, 
dsp_macro__xdcDup__16: array__GB12, 
case__756: array__GB4, 
int8_quad_mac__xdcDup__7: array__GB13, 
case__890: array__GB0, 
dsp_macro__xdcDup__114: array__GB11, 
dsp_macro_wrapper__xdcDup__15: array__GB2, 
dsp_macro_wrapper: array__GB6, 
dsp_macro_wrapper__xdcDup__98: array__GB7, 
int8_quad_mac: array__GB6, 
int8_pe__xdcDup__156: array__GB11, 
dsp_macro__xdcDup__76: array__GB2, 
logic__1304: array__GB9, 
case__320: array__GB1, 
case__711: array__GB8, 
int8_quad_mac__xdcDup__28: array__GB6, 
logic__807: array__GB8, 
mul__xdcDup__77: array__GB13, 
case__362: array__GB10, 
case__119: array__GB3, 
logic__1017: array__GB11, 
case__636: array__GB8, 
case__546: array__GB4, 
dsp_macro__xdcDup__164: array__GB6, 
dsp_macro__xdcDup__66: array__GB7, 
case__1015: top__GC0, 
case__432: array__GB8, 
int8_quad_mac__xdcDup__2: array__GB12, 
case__929: array__GB9, 
case__980: array__GB6, 
case__266: array__GB4, 
case__706: array__GB8, 
case__161: array__GB12, 
int8_pe__xdcDup__189: array__GB11, 
case__913: array__GB8, 
case__574: array__GB8, 
case__740: array__GB0, 
int8_quad_mac__xdcDup__116: array__GB8, 
dsp_macro_wrapper__xdcDup__74: array__GB8, 
dsp_macro_wrapper__xdcDup__186: array__GB10, 
case__896: array__GB4, 
int8_pe__xdcDup__100: array__GB12, 
case__724: array__GB11, 
mul__xdcDup__78: array__GB13, 
case__285: array__GB8, 
case__798: array__GB11, 
case__642: array__GB8, 
mul__xdcDup__173: array__GB8, 
int8_quad_mac__xdcDup__143: array__GB6, 
dsp_macro__xdcDup__116: array__GB11, 
case__113: array__GB2, 
reg__2: array__GB13, array__GB11, array__GB4, array__GB0, array__GB7, array__GB9, top__GC0, array__GB12, array__GB3, array__GB10, array__GB1, array__GB2, array__GB5, array__GB6, array__GB8, 
case__705: array__GB10, 
int8_pe__xdcDup__95: array__GB3, 
case__255: array__GB2, 
dsp_macro_wrapper__xdcDup__58: array__GB13, 
logic__317: array__GB10, 
case__184: array__GB2, 
dsp_macro_wrapper__xdcDup__79: array__GB1, 
logic__814: array__GB0, 
case__872: array__GB11, 
dsp_macro__xdcDup__57: array__GB5, 
dsp_macro__xdcDup__133: array__GB0, 
case__840: array__GB6, 
int8_quad_mac__xdcDup__45: array__GB6, 
case__1022: top__GC0, 
case__810: array__GB0, 
mul__xdcDup__41: array__GB4, 
case__630: array__GB6, 
case__281: array__GB8, 
int8_pe__xdcDup__74: array__GB8, 
dsp_macro__xdcDup__137: array__GB6, 
int8_quad_mac__xdcDup__76: array__GB10, 
mul__xdcDup__130: array__GB9, 
mul__xdcDup__17: array__GB6, 
case__175: array__GB13, 
dsp_macro_wrapper__xdcDup__118: array__GB10, 
case__782: array__GB8, 
logic__1171: array__GB6, 
int8_quad_mac__xdcDup__165: array__GB3, 
int8_quad_mac__xdcDup__156: array__GB11, 
mul__xdcDup__183: array__GB2, 
case__933: array__GB13, 
case__815: array__GB0, 
case__579: array__GB0, 
dsp_macro__xdcDup__151: array__GB6, 
case__210: array__GB6, 
dsp_macro_wrapper__xdcDup__105: array__GB13, 
dsp_macro__xdcDup__33: array__GB1, 
logic__205: array__GB8, 
case__247: array__GB1, 
dsp_macro_wrapper__xdcDup__102: array__GB8, 
dsp_macro_wrapper__xdcDup__142: array__GB11, 
case__732: array__GB11, 
case__834: array__GB6, 
case__88: array__GB5, 
case__9: top__GC0, 
dsp_macro_wrapper__xdcDup__75: array__GB9, 
int8_quad_mac__xdcDup__142: array__GB11, 
int8_pe__xdcDup__158: array__GB10, 
mul__xdcDup__47: array__GB8, 
mul__xdcDup__1: array__GB3, 
case__310: array__GB12, 
int8_quad_mac__xdcDup__118: array__GB10, 
reg__8: array__GB13, array__GB11, array__GB4, array__GB0, array__GB7, array__GB9, array__GB12, array__GB3, array__GB10, array__GB1, array__GB2, array__GB5, array__GB6, array__GB8, 
case__276: array__GB6, 
case__222: array__GB10, 
int8_pe__xdcDup__19: array__GB8, 
case__205: array__GB7, 
dsp_macro__xdcDup__79: array__GB4, 
int8_quad_mac__xdcDup__81: array__GB3, 
case__50: array__GB3, 
case__918: array__GB8, 
case__196: array__GB4, 
int8_pe__xdcDup__112: array__GB7, 
case__62: array__GB7, 
int8_quad_mac__xdcDup__68: array__GB4, 
case__492: array__GB10, 
mul__xdcDup__33: array__GB8, 
dsp_macro__xdcDup__48: array__GB2, 
case__726: array__GB11, 
case__983: array__GB8, 
logic__1388: array__GB8, 
int8_pe__xdcDup__46: array__GB8, 
dsp_macro_wrapper__xdcDup__166: array__GB4, 
logic__1353: array__GB4, 
mul__xdcDup__171: array__GB6, 
int8_pe__xdcDup__137: array__GB3, 
case__678: array__GB0, 
mul__xdcDup__177: array__GB0, 
case__775: array__GB10, 
case__763: array__GB6, 
int8_pe__xdcDup__123: array__GB3, 
int8_quad_mac__xdcDup__58: array__GB13, 
case__925: array__GB8, 
case__128: array__GB4, 
int8_quad_mac__xdcDup__132: array__GB8, 
mul__xdcDup__193: array__GB0, 
logic__1367: array__GB6, 
case__417: array__GB6, 
case__116: array__GB3, 
case__822: array__GB4, 
case__126: array__GB4, 
dsp_macro__xdcDup__91: array__GB3, 
case__847: array__GB8, 
dsp_macro__xdcDup__161: array__GB0, 
case__997: top__GC0, 
dsp_macro_wrapper__xdcDup__86: array__GB12, 
case__470: array__GB3, 
case__239: array__GB13, 
case__728: array__GB11, 
case__989: array__GB8, 
case__14: top__GC0, 
mul__xdcDup__144: array__GB10, 
mul__xdcDup__131: array__GB9, 
case__964: array__GB4, 
case__1012: top__GC0, 
case__180: array__GB1, 
case__508: array__GB2, 
case__790: array__GB3, 
case__478: array__GB4, 
int8_pe__xdcDup__47: array__GB8, 
logic__527: array__GB12, 
case__25: array__GB12, 
case__974: array__GB6, 
dsp_macro_wrapper__xdcDup__18: array__GB10, 
int8_pe__xdcDup__45: array__GB6, 
int8_quad_mac__xdcDup__48: array__GB8, 
int8_pe__xdcDup__51: array__GB0, 
dsp_macro_wrapper__xdcDup__37: array__GB0, 
dsp_macro__xdcDup__43: array__GB5, 
case__117: array__GB3, 
case__666: array__GB0, 
mul__xdcDup__68: array__GB4, 
dsp_macro_wrapper__xdcDup__93: array__GB1, 
case__407: array__GB4, 
case__8: top__GC0, 
case__581: array__GB11, 
logic__681: array__GB6, 
case__224: array__GB10, 
logic__499: array__GB8, 
case__137: array__GB6, 
logic__1185: array__GB8, 
dsp_macro_wrapper__xdcDup__7: array__GB13, 
case__901: array__GB6, 
case__886: array__GB0, 
case__168: array__GB13, 
logic__1: top__GC0, 
int8_pe__xdcDup__15: array__GB2, 
case__891: array__GB4, 
case__374: array__GB12, 
dsp_macro__xdcDup__42: array__GB10, 
dsp_macro: array__GB8, 
dsp_macro_wrapper__xdcDup__131: array__GB9, 
dsp_macro_wrapper__xdcDup__136: array__GB2, 
int8_pe__xdcDup__150: array__GB0, 
logic__1094: array__GB8, 
int8_quad_mac__xdcDup__31: array__GB6, 
int8_pe__xdcDup__9: array__GB1, 
case__876: array__GB0, 
int8_quad_mac__xdcDup__115: array__GB6, 
int8_pe__xdcDup__154: array__GB6, 
case__620: array__GB4, 
case__484: array__GB6, 
logic: top__GC0, 
case__354: array__GB8, 
mul__xdcDup__36: array__GB11, 
reg__7: array__GB13, array__GB11, array__GB4, array__GB0, array__GB7, array__GB9, array__GB12, array__GB3, array__GB10, array__GB1, array__GB2, array__GB5, array__GB6, array__GB8, 
int8_quad_mac__xdcDup__181: array__GB4, 
dsp_macro_wrapper__xdcDup__120: array__GB13, 
array__GB10: array__GB10, 
case__844: array__GB8, 
logic__737: array__GB11, 
dsp_macro_wrapper__xdcDup__42: array__GB6, 
dsp_macro__xdcDup__188: array__GB0, 
mul__xdcDup__121: array__GB1, 
int8_pe__xdcDup__125: array__GB4, 
mul__xdcDup__13: array__GB4, 
case__779: array__GB8, 
int8_quad_mac__xdcDup__144: array__GB10, 
case__253: array__GB2, 
case__945: array__GB11, 
int8_pe__xdcDup__118: array__GB10, 
case__182: array__GB2, 
int8_pe__xdcDup__135: array__GB1, 
dff__parameterized0: top__GC0, 
case__524: array__GB11, 
int8_pe__xdcDup__20: array__GB8, 
mul__xdcDup__56: array__GB6, 
dsp_macro_wrapper__xdcDup__158: array__GB10, 
case__532: array__GB0, 
mul__xdcDup__55: array__GB4, 
logic__1318: array__GB11, 
case__367: array__GB4, 
case__1043: top__GC0, 
mul__xdcDup__66: array__GB0, 
dsp_macro__xdcDup__87: array__GB11, 
case__181: array__GB2, 
case__928: array__GB9, 
case__452: array__GB11, 
logic__744: array__GB0, 
case__421: array__GB9, 
case__573: array__GB8, 
dsp_macro__xdcDup__56: array__GB10, 
case__400: array__GB3, 
case__133: array__GB7, 
datapath__3: top__GC0, 
case__246: array__GB1, 
case__345: array__GB7, 
int8_pe__xdcDup__72: array__GB12, 
case__939: array__GB11, 
case__723: array__GB11, 
int8_pe__xdcDup__89: array__GB9, 
dsp_macro__xdcDup__71: array__GB4, 
case__545: array__GB4, 
reg: top__GC0, 
int8_quad_mac__xdcDup__78: array__GB13, 
int8_pe__xdcDup__184: array__GB11, 
case__321: array__GB2, 
case__1051: top__GC0, 
dsp_macro__xdcDup__180: array__GB8, 
dsp_macro_wrapper__xdcDup__194: array__GB4, 
dff__parameterized1: array__GB13, array__GB11, array__GB4, array__GB0, array__GB7, array__GB9, top__GC0, array__GB12, array__GB3, array__GB10, array__GB1, array__GB2, array__GB5, array__GB6, array__GB8, 
case__288: array__GB9, 
int8_quad_mac__xdcDup__77: array__GB13, 
int8_pe__xdcDup__103: array__GB9, 
case__529: array__GB0, 
case__366: array__GB4, 
mul__xdcDup__107: array__GB1, 
logic__625: array__GB11, 
logic__219: array__GB10, 
case__995: array__GB8, 
logic__849: array__GB0, 
dff: top__GC0, 
case__371: array__GB12, 
dsp_macro__xdcDup__173: array__GB0, 
mul__xdcDup__44: array__GB11, 
dsp_macro_wrapper__xdcDup__99: array__GB5, 
dsp_macro__xdcDup__152: array__GB10, 
case__295: array__GB10, 
dsp_macro_wrapper__xdcDup__141: array__GB6, 
case__296: array__GB5, 
case__303: array__GB12, 
logic__93: array__GB7, 
mul__xdcDup__49: array__GB11, 
case__141: array__GB8, 
case__444: array__GB11, 
logic__156: array__GB1, 
dsp_macro_wrapper__xdcDup__161: array__GB11, 
dsp_macro_wrapper__xdcDup__29: array__GB3, 
dsp_macro__xdcDup__121: array__GB4, 
mul__xdcDup__112: array__GB7, 
case__604: array__GB0, 
case__460: array__GB0, 
case__836: array__GB6, 
case__578: array__GB0, 
mul__xdcDup__147: array__GB11, 
case__1024: top__GC0, 
case__96: array__GB13, 
int8_pe__xdcDup__148: array__GB11, 
dsp_macro__xdcDup__69: array__GB9, 
int8_quad_mac__xdcDup__74: array__GB8, 
dsp_macro_wrapper__xdcDup__20: array__GB8, 
case__1001: top__GC0, 
dsp_macro__xdcDup__123: array__GB6, 
case__475: array__GB4, 
int8_pe__xdcDup__68: array__GB4, 
case__6: top__GC0, 
case__833: array__GB6, 
int8_quad_mac__xdcDup__23: array__GB0, 
int8_pe__xdcDup__193: array__GB0, 
dsp_macro_wrapper__xdcDup__171: array__GB6, 
logic__1052: array__GB0, 
case__867: array__GB11, 
logic__121: array__GB10, 
case__752: array__GB4, 
case__280: array__GB6, 
case__142: array__GB8, 
int8_pe__xdcDup__58: array__GB13, 
mul__xdcDup__133: array__GB12, 
dsp_macro__xdcDup__44: array__GB12, 
case__199: array__GB4, 
int8_pe__xdcDup__2: array__GB12, 
logic__779: array__GB6, 
dsp_macro__xdcDup__174: array__GB0, 
case__136: array__GB6, 
dsp_macro__xdcDup__61: array__GB1, 
mul__xdcDup__188: array__GB8, 
case__707: array__GB8, 
dsp_macro__xdcDup__144: array__GB11, 
logic__506: array__GB9, 
case__392: array__GB2, 
case__749: array__GB0, 
case__64: array__GB7, 
mul__xdcDup__125: array__GB4, 
case__425: array__GB9, 
case__456: array__GB0, 
case__251: array__GB2, 
dsp_macro_wrapper__xdcDup__85: array__GB4, 
case__51: array__GB5, 
case__21: array__GB12, 
int8_quad_mac__xdcDup__170: array__GB11, 
case__562: array__GB10, 
case__554: array__GB6, 
case__800: array__GB11, 
logic__1115: array__GB11, 
dsp_macro_wrapper__xdcDup__115: array__GB6, 
case__33: array__GB13, 
logic__835: array__GB11, 
case__330: array__GB3, 
case__215: array__GB8, 
mul__xdcDup__115: array__GB6, 
case__675: array__GB0, 
case__359: array__GB9, 
case__988: array__GB8, 
mul: array__GB6, 
case__921: array__GB8, 
case__963: array__GB4, 
logic__471: array__GB5, 
logic__709: array__GB8, 
int8_quad_mac__xdcDup__193: array__GB0, 
case__910: array__GB6, 
dsp_macro__xdcDup__105: array__GB3, 
case__973: array__GB6, 
dsp_macro__xdcDup__169: array__GB3, 
case__487: array__GB6, 
dsp_macro__xdcDup__185: array__GB11, 
case__794: array__GB11, 
case__112: array__GB2, 
case__594: array__GB11, 
dsp_macro_wrapper__xdcDup__190: array__GB11, 
logic__198: array__GB6, 
case__656: array__GB11, 
dsp_macro_wrapper__xdcDup__35: array__GB11, 
dsp_macro__xdcDup__41: array__GB9, 
logic__1199: array__GB8, 
case__107: array__GB1, 
case__236: array__GB13, 
case__587: array__GB11, 
dsp_macro_wrapper__xdcDup__83: array__GB4, 
mul__xdcDup__143: array__GB6, 
mul__xdcDup__72: array__GB12, 
case__770: array__GB6, 
dsp_macro_wrapper__xdcDup__84: array__GB7, 
case__334: array__GB5, 
case__93: array__GB12, 
dsp_macro__xdcDup__156: array__GB11, 
dsp_macro_wrapper__xdcDup__28: array__GB6, 
case__504: array__GB8, 
dsp_macro__xdcDup__80: array__GB7, 
int8_quad_mac__xdcDup__26: array__GB4, 
dsp_macro_wrapper__xdcDup__116: array__GB8, 
case__200: array__GB4, 
case__373: array__GB12, 
dsp_macro_wrapper__xdcDup__30: array__GB11, 
int8_quad_mac__xdcDup__59: array__GB6, 
int8_quad_mac__xdcDup__157: array__GB6, 
dsp_macro__xdcDup__88: array__GB11, 
case__140: array__GB6, 
case__854: array__GB8, 
dsp_macro__xdcDup__146: array__GB0, 
dsp_macro__xdcDup__131: array__GB0, 
int8_pe__xdcDup__105: array__GB13, 
mul__xdcDup__142: array__GB11, 
case__662: array__GB11, 
case__405: array__GB4, 
case__483: array__GB6, 
int8_pe__xdcDup__139: array__GB4, 
case__353: array__GB8, 
case__536: array__GB3, 
dsp_macro__xdcDup__107: array__GB4, 
case__843: array__GB8, 
case__566: array__GB8, 
logic__856: array__GB0, 
case__476: array__GB4, 
int8_quad_mac__xdcDup__136: array__GB2, 
case__650: array__GB2, 
int8_pe__xdcDup__44: array__GB11, 
mul__xdcDup__157: array__GB6, 
mul__xdcDup__168: array__GB6, 
case__162: array__GB12, 
case__778: array__GB8, 
mul__xdcDup__11: array__GB3, 
case__966: array__GB4, 
mul__xdcDup__163: array__GB0, 
dsp_macro__xdcDup__134: array__GB4, 
dsp_macro__xdcDup__171: array__GB11, 
case__153: array__GB10, 
case__556: array__GB6, 
logic__513: array__GB10, 
case__609: array__GB0, 
logic__352: array__GB1, 
case__523: array__GB11, 
dsp_macro_wrapper__xdcDup__38: array__GB0, 
int8_quad_mac__xdcDup__12: array__GB5, 
int8_pe__xdcDup__76: array__GB10, 
muxpart: top__GC0, 
case__957: array__GB0, 
case__1009: top__GC0, 
int8_quad_mac__xdcDup__88: array__GB8, 
case__63: array__GB7, 
case__209: array__GB6, 
logic__611: array__GB8, 
logic__338: array__GB13, 
int8_pe__xdcDup__35: array__GB11, 
dff__parameterized5: array__GB13, array__GB11, array__GB4, array__GB0, array__GB7, array__GB9, array__GB12, array__GB3, array__GB10, array__GB1, array__GB2, array__GB5, array__GB6, array__GB8, 
logic__282: array__GB4, 
mul__xdcDup__52: array__GB0, 
dsp_macro__xdcDup__119: array__GB0, 
int8_pe__xdcDup__166: array__GB4, 
dsp_macro_wrapper__xdcDup__72: array__GB12, 
case__1040: top__GC0, 
case__364: array__GB10, 
dsp_macro_wrapper__xdcDup__167: array__GB4, 
int8_quad_mac__xdcDup__47: array__GB8, 
case__325: array__GB2, 
dsp_macro_wrapper__xdcDup__179: array__GB0, 
dsp_macro_wrapper__xdcDup__155: array__GB2, 
case__938: array__GB11, 
mul__xdcDup__135: array__GB1, 
case__806: array__GB0, 
case__34: array__GB13, 
case__360: array__GB9, 
mul__xdcDup__99: array__GB5, 
int8_pe__xdcDup__152: array__GB4, 
dsp_macro__xdcDup__191: array__GB4, 
case__102: array__GB13, 
case__434: array__GB8, 
dsp_macro_wrapper__xdcDup__97: array__GB4, 
logic__905: array__GB8, 
dsp_macro__xdcDup__100: array__GB11, 
case__289: array__GB9, 
logic__289: array__GB7, 
mul__xdcDup__29: array__GB3, 
case__528: array__GB0, 
case__10: top__GC0, 
dsp_macro_wrapper__xdcDup__135: array__GB1, 
case__306: array__GB12, 
mul__xdcDup__162: array__GB11, 
int8_pe__xdcDup__29: array__GB3, 
case__365: array__GB10, 
int8_pe__xdcDup__141: array__GB6, 
dsp_macro_wrapper__xdcDup__145: array__GB8, 
logic__1227: array__GB11, 
int8_quad_mac__xdcDup__79: array__GB1, 
case__686: array__GB4, 
int8_quad_mac__xdcDup__30: array__GB11, 
mul__xdcDup__110: array__GB5, 
case__950: array__GB0, 
case__440: array__GB6, 
case__252: array__GB2, 
mul__xdcDup__19: array__GB8, 
case__304: array__GB12, 
dsp_macro__xdcDup__140: array__GB8, 
case__644: array__GB8, 
case__596: array__GB0, 
dsp_macro__xdcDup__130: array__GB11, 
logic__408: array__GB9, 
case__877: array__GB0, 
case__1006: top__GC0, 
logic__1101: array__GB8, 
case__570: array__GB8, 
int8_pe__xdcDup__192: array__GB0, 
dsp_macro__xdcDup__34: array__GB2, 
case__443: array__GB11, 
dsp_macro__xdcDup__181: array__GB8, 
case__213: array__GB8, 
dsp_macro_wrapper__xdcDup__139: array__GB4, 
int8_pe__xdcDup__93: array__GB1, 
int8_pe__xdcDup__84: array__GB7, 
case__446: array__GB11, 
case__268: array__GB4, 
case__603: array__GB0, 
case__237: array__GB13, 
case__874: array__GB11, 
case__547: array__GB4, 
dsp_macro__xdcDup__22: array__GB5, 
logic__373: array__GB5, 
logic__429: array__GB12, 
dsp_macro_wrapper__xdcDup__160: array__GB8, 
mul__xdcDup__101: array__GB6, 
logic__1031: array__GB11, 
mul__xdcDup__118: array__GB10, 
int8_quad_mac__xdcDup__188: array__GB8, 
case__784: array__GB8, 
case__805: array__GB11, 
extram__1: top__GC0, 
dsp_macro__xdcDup__143: array__GB11, 
int8_pe__xdcDup__97: array__GB4, 
case__427: array__GB9, 
mul__xdcDup__8: array__GB13, 
dsp_macro__xdcDup__179: array__GB6, 
case__745: array__GB0, 
dsp_macro_wrapper__xdcDup__191: array__GB0, 
int8_quad_mac__xdcDup__13: array__GB4, 
case__941: array__GB11, 
dsp_macro__xdcDup__177: array__GB4, 
dsp_macro_wrapper__xdcDup__61: array__GB8, 
int8_pe__xdcDup__181: array__GB4, 
int8_quad_mac__xdcDup__69: array__GB4, 
case__615: array__GB4, 
mul__xdcDup__195: array__GB4, 
case__734: array__GB11, 
dsp_macro__xdcDup__28: array__GB10, 
case__991: array__GB8, 
mul__xdcDup__154: array__GB6, 
case__737: array__GB0, 
logic__695: array__GB10, 
case__748: array__GB0, 
int8_quad_mac__xdcDup__100: array__GB12, 
dsp_macro__xdcDup__186: array__GB11, 
mul__xdcDup__139: array__GB4, 
int8_quad_mac__xdcDup__64: array__GB11, 
int8_pe__xdcDup__109: array__GB3, 
dsp_macro_wrapper__xdcDup__138: array__GB4, 
case__887: array__GB0, 
mul__xdcDup__42: array__GB6, 
case__401: array__GB4, 
dsp_macro_wrapper__xdcDup__8: array__GB13, 
case__553: array__GB6, 
logic__590: array__GB6, 
case__72: array__GB8, 
logic__1157: array__GB4, 
int8_quad_mac__xdcDup__148: array__GB11, 
case__655: array__GB11, 
dsp_macro__xdcDup__74: array__GB11, 
logic__177: array__GB5, 
case__631: array__GB10, 
case__1017: top__GC0, 
int8_pe__xdcDup__134: array__GB11, 
case__318: array__GB1, 
dsp_macro_wrapper__xdcDup__110: array__GB5, 
case__311: array__GB13, 
case__358: array__GB9, 
dsp_macro__xdcDup__183: array__GB9, 
logic__1192: array__GB8, 
case__670: array__GB0, 
case__494: array__GB10, 
logic__226: array__GB4, 
case__254: array__GB2, 
array__GB7: array__GB7, 
logic__86: array__GB4, 
case__212: array__GB8, 
case__419: array__GB6, 
case__793: array__GB11, 
case__824: array__GB4, 
dsp_macro_wrapper__xdcDup__39: array__GB0, 
mul__xdcDup__79: array__GB1, 
case__826: array__GB4, 
case__593: array__GB11, 
case__207: array__GB6, 
dsp_macro__xdcDup__155: array__GB3, 
logic__387: array__GB7, 
logic__576: array__GB4, 
case__849: array__GB8, 
mul__xdcDup__64: array__GB11, 
dsp_macro__xdcDup__113: array__GB0, 
dsp_macro_wrapper__xdcDup__4: array__GB8, 
case__333: array__GB5, 
array__GB1: array__GB1, 
case__503: array__GB8, 
int8_quad_mac__xdcDup__113: array__GB5, 
dsp_macro__xdcDup__65: array__GB4, 
case__862: array__GB11, 
case__76: array__GB9, 
logic__5: top__GC0, 
case__291: array__GB10, 
dsp_macro__xdcDup__50: array__GB5, 
int8_pe__xdcDup__18: array__GB10, 
case__68: array__GB6, 
case__218: array__GB9, 
case__853: array__GB8, 
int8_pe__xdcDup__174: array__GB8, 
case__409: array__GB4, 
case__35: array__GB13, 
case__812: array__GB0, 
case__766: array__GB6, 
case__377: array__GB12, 
dsp_macro_wrapper__xdcDup__124: array__GB5, 
datapath__1: top__GC0, 
dsp_macro__xdcDup__45: array__GB13, 
case__192: array__GB5, 
case__691: array__GB6, 
case__284: array__GB8, 
int8_quad_mac__xdcDup__91: array__GB13, 
int8_pe__xdcDup__73: array__GB6, 
case__626: array__GB6, 
dsp_macro__xdcDup__5: array__GB1, 
int8_pe__xdcDup__50: array__GB11, 
logic__380: array__GB4, 
case__690: array__GB4, 
int8_pe__xdcDup__28: array__GB6, 
int8_pe__xdcDup__86: array__GB12, 
dsp_macro_wrapper__xdcDup__104: array__GB10, 
logic__233: array__GB12, 
logic__254: array__GB1, 
case__111: array__GB2, 
int8_pe__xdcDup__67: array__GB0, 
int8_quad_mac__xdcDup__18: array__GB10, 
dsp_macro_wrapper__xdcDup__19: array__GB8, 
int8_pe__xdcDup__52: array__GB0, 
int8_pe__xdcDup__173: array__GB8, 
case__608: array__GB0, 
int8_pe__xdcDup__42: array__GB6, 
dsp_macro__xdcDup__63: array__GB3, 
logic__751: array__GB0, 
logic__520: array__GB4, 
mul__xdcDup__170: array__GB11, 
mul__xdcDup__167: array__GB4, 
int8_pe__xdcDup__142: array__GB11, 
dsp_macro__xdcDup__83: array__GB9, 
int8_quad_mac__xdcDup__9: array__GB1, 
case__1008: top__GC0, 
case__671: array__GB0, 
case__911: array__GB8, 
int8_quad_mac__xdcDup__154: array__GB6, 
logic__639: array__GB11, 
case__188: array__GB3, 
int8_pe__xdcDup__36: array__GB11, 
case__307: array__GB12, 
case__717: array__GB2, 
case__557: array__GB6, 
case__363: array__GB10, 
int8_quad_mac__xdcDup__90: array__GB10, 
case__89: array__GB5, 
case__906: array__GB6, 
int8_quad_mac__xdcDup__22: array__GB11, 
case__510: array__GB2, 
case__534: array__GB0, 
logic__401: array__GB8, 
mul__xdcDup__53: array__GB0, 
mul__xdcDup__28: array__GB6, 
case__369: array__GB4, 
case__59: array__GB4, 
mul__xdcDup__192: array__GB0, 
int8_pe__xdcDup__187: array__GB8, 
case__611: array__GB4, 
case__433: array__GB8, 
int8_quad_mac__xdcDup__54: array__GB4, 
int8_pe__xdcDup__176: array__GB11, 
dsp_macro_wrapper__xdcDup__51: array__GB0, 
int8_pe__xdcDup__88: array__GB8, 
case__454: array__GB11, 
mul__xdcDup__63: array__GB11, 
case__47: array__GB3, 
case__45: array__GB2, 
case__500: array__GB8, 
case__189: array__GB3, 
mul__xdcDup__141: array__GB6, 
mul__xdcDup__39: array__GB0, 
int8_pe__xdcDup__98: array__GB7, 
int8_pe__xdcDup__70: array__GB6, 
case__902: array__GB6, 
dsp_macro_wrapper__xdcDup__101: array__GB6, 
case__541: array__GB4, 
case__90: array__GB5, 
int8_pe__xdcDup__190: array__GB11, 
case__336: array__GB4, 
case__786: array__GB3, 
case__643: array__GB8, 
case__857: array__GB3, 
dsp_macro__xdcDup__35: array__GB3, 
case__951: array__GB0, 
logic__72: array__GB3, 
mul__xdcDup__119: array__GB12, 
mul__xdcDup__71: array__GB5, 
dsp_macro_wrapper__xdcDup__183: array__GB2, 
dsp_macro_wrapper__xdcDup__6: array__GB10, 
case__1039: top__GC0, 
case__817: array__GB0, 
case__646: array__GB2, 
dsp_macro__xdcDup__139: array__GB8, 
int8_quad_mac__xdcDup__37: array__GB0, 
int8_quad_mac__xdcDup__63: array__GB11, 
case__328: array__GB3, 
case__873: array__GB11, 
logic__275: array__GB5, 
int8_pe__xdcDup__163: array__GB0, 
int8_pe__xdcDup__7: array__GB13, 
case__143: array__GB8, 
case__122: array__GB5, 
logic__13: top__GC0, 
case__233: array__GB12, 
int8_pe__xdcDup__162: array__GB11, 
int8_pe__xdcDup__127: array__GB4, 
dsp_macro_wrapper__xdcDup__25: array__GB0, 
case__1037: top__GC0, 
case__783: array__GB8, 
dsp_macro__xdcDup__17: array__GB13, 
dsp_macro__xdcDup__125: array__GB8, 
case__48: array__GB3, 
logic__65: array__GB2, 
logic__1220: array__GB11, 
case__208: array__GB6, 
mul__xdcDup__7: array__GB13, 
int8_pe__xdcDup__8: array__GB13, 
case__520: array__GB11, 
int8_quad_mac__xdcDup__174: array__GB8, 
logic__1059: array__GB4, 
case__665: array__GB11, 
mul__xdcDup__182: array__GB6, 
case__390: array__GB1, 
case__897: array__GB4, 
int8_pe__xdcDup__107: array__GB1, 
int8_pe__xdcDup__91: array__GB13, 
int8_pe__xdcDup__34: array__GB8, 
case__627: array__GB6, 
mul__xdcDup__35: array__GB11, 
case__471: array__GB4, 
case__94: array__GB12, 
case__701: array__GB10, 
dsp_macro_wrapper__xdcDup__107: array__GB1, 
case__632: array__GB10, 
dsp_macro__xdcDup__118: array__GB0, 
case__882: array__GB0, 
case__733: array__GB11, 
logic__996: array__GB8, 
case__516: array__GB11, 
dsp_macro_wrapper__xdcDup__144: array__GB10, 
dsp_macro_wrapper__xdcDup__41: array__GB4, 
case__869: array__GB11, 
case__465: array__GB0, 
case__754: array__GB4, 
case__935: array__GB13, 
dsp_macro__xdcDup__86: array__GB11, 
case__146: array__GB9, 
dsp_macro__xdcDup__36: array__GB5, 
case__84: array__GB10, 
case__65: array__GB7, 
case__445: array__GB11, 
case__356: array__GB9, 
int8_quad_mac__xdcDup__191: array__GB0, 
case__700: array__GB6, 
int8_pe__xdcDup__75: array__GB9, 
case__920: array__GB8, 
int8_quad_mac__xdcDup__34: array__GB8, 
array__GB4: array__GB4, 
case__637: array__GB8, 
dsp_macro_wrapper__xdcDup__55: array__GB4, 
mul__xdcDup__51: array__GB0, 
logic__793: array__GB10, 
array__GB3: array__GB3, 
dsp_macro__xdcDup__98: array__GB8, 
array__GB13: array__GB13, 
