mul__xdcDup__57: array__GB2, 
case__254: array__GB3, 
int8_quad_mac__xdcDup__10: array__GB0, 
case__238: array__GB2, 
case__327: array__GB2, 
dsp_macro__xdcDup__44: array__GB1, 
case__352: top__GC0, 
datapath__5: top__GC0, 
dsp_macro__xdcDup__8: array__GB3, 
dsp_macro__xdcDup__59: array__GB0, 
case__117: array__GB2, 
case__266: array__GB0, 
dsp_macro_wrapper__xdcDup__19: array__GB0, 
dsp_macro__xdcDup__36: array__GB1, 
mul__xdcDup__50: array__GB0, 
case__155: array__GB1, 
case__18: array__GB3, 
int8_quad_mac__xdcDup__6: array__GB2, 
case__154: array__GB1, 
dsp_macro__xdcDup__22: array__GB2, 
logic__457: array__GB2, 
case__246: array__GB3, 
int8_quad_mac__xdcDup__18: array__GB0, 
case__325: array__GB2, 
case__180: array__GB0, 
dsp_macro_wrapper__xdcDup__34: array__GB0, 
int8_pe__xdcDup__38: array__GB2, 
case__94: array__GB3, 
case__195: array__GB1, 
case__59: array__GB0, 
case__333: array__GB3, 
dsp_macro_wrapper__xdcDup__25: array__GB0, 
logic__5: top__GC0, 
dsp_macro: array__GB3, 
dsp_macro_wrapper__xdcDup__42: array__GB0, 
case__164: array__GB2, 
dsp_macro_wrapper__xdcDup__2: array__GB0, 
dsp_macro_wrapper__xdcDup__24: array__GB3, 
dsp_macro__xdcDup__14: array__GB2, 
logic: top__GC0, 
extram: top__GC0, 
case__17: array__GB3, 
dsp_macro_wrapper__xdcDup__15: array__GB3, 
mul__xdcDup__41: array__GB0, 
int8_pe__xdcDup__2: array__GB0, 
dsp_macro__xdcDup__16: array__GB3, 
case__342: top__GC0, 
case__29: array__GB0, 
int8_quad_mac__xdcDup__43: array__GB0, 
logic__17: top__GC0, 
logic__198: array__GB0, 
case__37: array__GB2, 
case__174: array__GB3, 
datapath__6: array__GB3, array__GB2, array__GB1, array__GB0, 
fsm: top__GC0, 
dsp_macro__xdcDup__41: array__GB0, 
case__143: array__GB0, 
dsp_macro_wrapper__xdcDup__1: array__GB3, 
case__38: array__GB2, 
case__14: top__GC0, 
case__91: array__GB3, 
dsp_macro_wrapper__xdcDup__51: array__GB0, 
case__111: array__GB1, 
dsp_macro_wrapper__xdcDup__41: array__GB0, 
dsp_macro_wrapper__xdcDup__43: array__GB0, 
case__64: array__GB0, 
case__221: array__GB0, 
case__338: top__GC0, 
dsp_macro__xdcDup__61: array__GB2, 
case__339: top__GC0, 
case__312: array__GB0, 
logic__156: array__GB0, 
case__217: array__GB0, 
dsp_macro__xdcDup__34: array__GB0, 
reg: top__GC0, 
case__142: array__GB0, 
case__239: array__GB2, 
dsp_macro_wrapper__xdcDup__14: array__GB2, 
case__357: top__GC0, 
case__293: array__GB3, 
case__193: array__GB1, 
int8_quad_mac__xdcDup__59: array__GB0, 
case__58: array__GB0, 
int8_pe__xdcDup__58: array__GB0, 
case__274: array__GB1, 
dff__parameterized1: top__GC0, array__GB3, array__GB2, array__GB1, array__GB0, 
logic__170: array__GB2, 
mul__xdcDup__2: array__GB0, 
logic__338: array__GB2, 
int8_quad_mac__xdcDup__41: array__GB0, 
array__GB2: array__GB2, 
case__71: array__GB1, 
case__242: array__GB2, 
case__363: top__GC0, 
case__366: top__GC0, 
case__157: array__GB2, 
case__62: array__GB0, 
case__340: top__GC0, 
dsp_macro__xdcDup__55: array__GB2, 
mul: array__GB3, 
case__119: array__GB2, 
logic__107: array__GB1, 
dsp_macro_wrapper__xdcDup__4: array__GB1, 
dsp_macro_wrapper__xdcDup__57: array__GB2, 
logic__261: array__GB0, 
case__160: array__GB2, 
dsp_macro_wrapper__xdcDup__31: array__GB3, 
dsp_macro_wrapper__xdcDup__6: array__GB2, 
logic__240: array__GB3, 
case__109: array__GB0, 
dsp_macro_wrapper__xdcDup__17: array__GB0, 
case__229: array__GB0, 
logic__13: top__GC0, 
case__256: array__GB0, 
case__202: array__GB2, 
case__189: array__GB0, 
case__198: array__GB2, 
mul__xdcDup__9: array__GB0, 
case__147: array__GB0, 
mul__xdcDup__42: array__GB0, 
case__300: array__GB2, 
case__303: array__GB0, 
int8_pe__xdcDup__17: array__GB0, 
case__56: array__GB0, 
logic__93: array__GB0, 
dsp_macro__xdcDup__51: array__GB0, 
case__228: array__GB0, 
case__92: array__GB3, 
dsp_macro_wrapper__xdcDup__44: array__GB1, 
logic__324: array__GB0, 
case__190: array__GB0, 
case__262: array__GB0, 
logic__233: array__GB2, 
dsp_macro__xdcDup__17: array__GB0, 
int8_quad_mac__xdcDup__44: array__GB1, 
case__139: array__GB0, 
int8_pe__xdcDup__54: array__GB2, 
case__102: array__GB0, 
case__203: array__GB2, 
case__334: array__GB3, 
case__295: array__GB3, 
dsp_macro__xdcDup__2: array__GB0, 
dsp_macro__xdcDup__6: array__GB2, 
case__307: array__GB0, 
mul__xdcDup__39: array__GB3, 
mul__xdcDup__35: array__GB0, 
case__318: array__GB2, 
dsp_macro_wrapper__xdcDup__13: array__GB2, 
logic__352: array__GB3, 
int8_quad_mac__xdcDup__52: array__GB1, 
case__278: array__GB2, 
mul__xdcDup__47: array__GB3, 
int8_quad_mac__xdcDup__4: array__GB1, 
case__289: array__GB2, 
int8_pe__xdcDup__32: array__GB3, 
logic__275: array__GB1, 
int8_pe__xdcDup__30: array__GB2, 
mul__xdcDup__29: array__GB2, 
dsp_macro__xdcDup__28: array__GB1, 
case__137: array__GB0, 
dsp_macro_wrapper__xdcDup__40: array__GB3, 
case__138: array__GB0, 
int8_quad_mac__xdcDup__22: array__GB2, 
int8_pe__xdcDup__33: array__GB0, 
case__291: array__GB3, 
mul__xdcDup__3: array__GB0, 
dsp_macro__xdcDup__19: array__GB0, 
case__294: array__GB3, 
case__158: array__GB2, 
dsp_macro__xdcDup__24: array__GB3, 
dsp_macro_wrapper__xdcDup__49: array__GB0, 
case__116: array__GB2, 
case__55: array__GB3, 
case__194: array__GB1, 
case__220: array__GB0, 
case__120: array__GB2, 
int8_quad_mac__xdcDup__34: array__GB0, 
case__1: top__GC0, 
logic__121: array__GB2, 
case__270: array__GB0, 
case__240: array__GB2, 
case__16: array__GB3, 
int8_pe__xdcDup__12: array__GB1, 
int8_pe__xdcDup__20: array__GB1, 
case__6: top__GC0, 
case__223: array__GB0, 
logic__226: array__GB2, 
case__87: array__GB3, 
case__126: array__GB3, 
dsp_macro_wrapper__xdcDup__62: array__GB2, 
case__156: array__GB2, 
case__124: array__GB2, 
case__169: array__GB3, 
dff__parameterized3: array__GB3, array__GB2, array__GB1, array__GB0, 
datapath__1: top__GC0, 
int8_quad_mac: array__GB3, 
case__304: array__GB0, 
case__243: array__GB2, 
int8_quad_mac__xdcDup__12: array__GB1, 
int8_quad_mac__xdcDup__49: array__GB0, 
case__176: array__GB0, 
case__353: top__GC0, 
int8_pe__xdcDup__46: array__GB2, 
dsp_macro_wrapper__xdcDup__27: array__GB0, 
int8_quad_mac__xdcDup__61: array__GB2, 
dsp_macro_wrapper__xdcDup__32: array__GB3, 
dsp_macro_wrapper__xdcDup__18: array__GB0, 
case__144: array__GB0, 
dsp_macro__xdcDup__39: array__GB3, 
int8_pe__xdcDup__52: array__GB1, 
dsp_macro__xdcDup__42: array__GB0, 
case__118: array__GB2, 
dsp_macro__xdcDup__54: array__GB2, 
case__95: array__GB3, 
case__276: array__GB2, 
int8_quad_mac__xdcDup__23: array__GB3, 
int8_quad_mac__xdcDup__20: array__GB1, 
dsp_macro_wrapper__xdcDup__30: array__GB2, 
int8_quad_mac__xdcDup__38: array__GB2, 
dsp_macro__xdcDup__50: array__GB0, 
case__93: array__GB3, 
int8_quad_mac__xdcDup__32: array__GB3, 
case__265: array__GB0, 
logic__177: array__GB2, 
dsp_macro_wrapper__xdcDup__56: array__GB3, 
int8_quad_mac__xdcDup__28: array__GB1, 
case__326: array__GB2, 
dsp_macro_wrapper__xdcDup__33: array__GB0, 
case__283: array__GB2, 
dsp_macro__xdcDup__58: array__GB0, 
case__350: top__GC0, 
case__285: array__GB2, 
dsp_macro_wrapper__xdcDup__21: array__GB2, 
dsp_macro__xdcDup__11: array__GB0, 
case__249: array__GB3, 
case__275: array__GB1, 
mul__xdcDup__54: array__GB2, 
case__127: array__GB3, 
mul__xdcDup__24: array__GB3, 
case__100: array__GB0, 
logic__401: array__GB2, 
int8_quad_mac__xdcDup__54: array__GB2, 
case__286: array__GB2, 
case__227: array__GB0, 
reg__6: array__GB3, array__GB2, array__GB1, array__GB0, 
case__97: array__GB0, 
case__33: array__GB1, 
int8_quad_mac__xdcDup__19: array__GB0, 
int8_quad_mac__xdcDup__29: array__GB2, 
dff: top__GC0, 
mul__xdcDup__45: array__GB2, 
case__241: array__GB2, 
dsp_macro__xdcDup__29: array__GB2, 
muxpart: top__GC0, 
dsp_macro_wrapper__xdcDup__45: array__GB2, 
logic__219: array__GB1, 
case__309: array__GB0, 
case__214: array__GB3, 
case__9: top__GC0, 
dsp_macro__xdcDup__45: array__GB2, 
reg__4: array__GB3, array__GB2, array__GB1, array__GB0, 
case__330: array__GB2, 
int8_pe__xdcDup__34: array__GB0, 
case__50: array__GB3, 
mul__xdcDup__4: array__GB1, 
dsp_macro_wrapper__xdcDup__36: array__GB1, 
case__359: top__GC0, 
mul__xdcDup__21: array__GB2, 
case__48: array__GB3, 
dsp_macro__xdcDup__32: array__GB3, 
case__209: array__GB3, 
int8_pe__xdcDup__14: array__GB2, 
logic__387: array__GB1, 
case__24: array__GB0, 
dsp_macro_wrapper__xdcDup__3: array__GB0, 
case__30: array__GB0, 
int8_pe__xdcDup__18: array__GB0, 
case__320: array__GB2, 
dsp_macro__xdcDup__40: array__GB3, 
reg__3: top__GC0, 
case__74: array__GB1, 
case__196: array__GB2, 
mul__xdcDup__60: array__GB0, 
case__181: array__GB0, 
logic__205: array__GB0, 
dsp_macro_wrapper__xdcDup__26: array__GB0, 
mul__xdcDup__14: array__GB2, 
mul__xdcDup__52: array__GB1, 
case__323: array__GB2, 
case__107: array__GB0, 
case__47: array__GB3, 
int8_quad_mac__xdcDup__48: array__GB3, 
int8_pe__xdcDup__40: array__GB3, 
mul__xdcDup__53: array__GB2, 
int8_pe__xdcDup__50: array__GB0, 
dsp_macro_wrapper__xdcDup__10: array__GB0, 
case__313: array__GB0, 
case__90: array__GB3, 
case__52: array__GB3, 
logic__443: array__GB0, 
case__28: array__GB0, 
case__331: array__GB3, 
mul__xdcDup__56: array__GB3, 
mul__xdcDup__11: array__GB0, 
dsp_macro_wrapper__xdcDup__28: array__GB1, 
int8_quad_mac__xdcDup__36: array__GB1, 
mul__xdcDup__17: array__GB0, 
case__141: array__GB0, 
case__284: array__GB2, 
int8_quad_mac__xdcDup__1: array__GB3, 
case__132: array__GB3, 
case__222: array__GB0, 
int8_quad_mac__xdcDup__46: array__GB2, 
case__231: array__GB1, 
mul__xdcDup__28: array__GB1, 
case__161: array__GB2, 
int8_pe__xdcDup__39: array__GB3, 
int8_quad_mac__xdcDup__60: array__GB0, 
case__89: array__GB3, 
reg__5: array__GB3, array__GB2, array__GB1, array__GB0, 
case__136: array__GB0, 
case__364: top__GC0, 
logic__464: array__GB2, 
case__128: array__GB3, 
case__41: array__GB2, 
case__179: array__GB0, 
case__248: array__GB3, 
case__115: array__GB1, 
case__341: top__GC0, 
case__35: array__GB1, 
dsp_macro__xdcDup__26: array__GB0, 
case__182: array__GB0, 
mul__xdcDup__51: array__GB0, 
int8_pe__xdcDup__5: array__GB2, 
mul__xdcDup__13: array__GB2, 
mul__xdcDup__19: array__GB0, 
case__184: array__GB0, 
case__299: array__GB2, 
case__162: array__GB2, 
logic__373: array__GB0, 
case__349: top__GC0, 
dsp_macro_wrapper__xdcDup__20: array__GB1, 
case__148: array__GB0, 
int8_pe__xdcDup__37: array__GB2, 
case__133: array__GB3, 
mul__xdcDup__32: array__GB3, 
case__152: array__GB1, 
int8_quad_mac__xdcDup__17: array__GB0, 
int8_quad_mac__xdcDup__35: array__GB0, 
case__15: array__GB3, 
mul__xdcDup__1: array__GB3, 
reg__2: top__GC0, array__GB3, array__GB2, array__GB1, array__GB0, 
case__110: array__GB0, 
case__40: array__GB2, 
case__264: array__GB0, 
logic__86: array__GB0, 
mul__xdcDup__16: array__GB3, 
case__25: array__GB0, 
logic__268: array__GB0, 
case__70: array__GB0, 
int8_pe__xdcDup__16: array__GB3, 
logic__247: array__GB3, 
dsp_macro__xdcDup__5: array__GB2, 
case__79: array__GB2, 
mul__xdcDup__61: array__GB2, 
case__216: array__GB0, 
case__346: top__GC0, 
dsp_macro_wrapper__xdcDup__59: array__GB0, 
mul__xdcDup__18: array__GB0, 
case__101: array__GB0, 
int8_pe__xdcDup__59: array__GB0, 
case__322: array__GB2, 
case__84: array__GB2, 
mul__xdcDup__46: array__GB2, 
case__267: array__GB0, 
case__77: array__GB2, 
case__212: array__GB3, 
case__308: array__GB0, 
dsp_macro_wrapper__xdcDup__63: array__GB2, 
dsp_macro__xdcDup__49: array__GB0, 
case__280: array__GB2, 
int8_quad_mac__xdcDup__5: array__GB2, 
mul__xdcDup__63: array__GB2, 
case__183: array__GB0, 
mul__xdcDup__55: array__GB2, 
logic__135: array__GB3, 
logic__282: array__GB2, 
dsp_macro__xdcDup__12: array__GB1, 
int8_pe__xdcDup__27: array__GB0, 
mul__xdcDup__43: array__GB0, 
case__281: array__GB2, 
logic__408: array__GB2, 
int8_quad_mac__xdcDup__15: array__GB3, 
case__54: array__GB3, 
mul__xdcDup__22: array__GB2, 
dsp_macro_wrapper__xdcDup__5: array__GB2, 
case__253: array__GB3, 
mul__xdcDup__34: array__GB0, 
int8_quad_mac__xdcDup__31: array__GB3, 
dsp_macro_wrapper__xdcDup__58: array__GB0, 
int8_pe__xdcDup__43: array__GB0, 
case__234: array__GB1, 
logic__27: array__GB3, 
mul__xdcDup__15: array__GB3, 
int8_pe__xdcDup__3: array__GB0, 
int8_quad_mac__xdcDup__57: array__GB2, 
int8_quad_mac__xdcDup__16: array__GB3, 
case__45: array__GB2, 
dsp_macro__xdcDup__3: array__GB0, 
dsp_macro__xdcDup__47: array__GB3, 
mul__xdcDup__26: array__GB0, 
case__336: top__GC0, 
logic__128: array__GB3, 
dsp_macro__xdcDup__25: array__GB0, 
int8_pe__xdcDup__26: array__GB0, 
case__219: array__GB0, 
int8_quad_mac__xdcDup__11: array__GB0, 
int8_pe__xdcDup__4: array__GB1, 
int8_pe__xdcDup__53: array__GB2, 
case__290: array__GB2, 
case__2: top__GC0, 
case__34: array__GB1, 
dsp_macro_wrapper__xdcDup__35: array__GB0, 
case__255: array__GB3, 
case__287: array__GB2, 
mul__xdcDup__5: array__GB2, 
case__113: array__GB1, 
case__171: array__GB3, 
case__356: top__GC0, 
dsp_macro_wrapper__xdcDup__52: array__GB1, 
logic__331: array__GB1, 
dsp_macro_wrapper__xdcDup__8: array__GB3, 
logic__44: array__GB0, 
dsp_macro__xdcDup__30: array__GB2, 
int8_quad_mac__xdcDup__24: array__GB3, 
int8_pe__xdcDup__15: array__GB3, 
extram__1: top__GC0, 
int8_quad_mac__xdcDup__13: array__GB2, 
logic__65: array__GB2, 
case__260: array__GB0, 
int8_quad_mac__xdcDup__53: array__GB2, 
case__204: array__GB2, 
int8_pe__xdcDup__19: array__GB0, 
dsp_macro__xdcDup__63: array__GB2, 
case__362: top__GC0, 
case__12: top__GC0, 
mul__xdcDup__59: array__GB0, 
int8_pe__xdcDup__41: array__GB0, 
case__192: array__GB1, 
dsp_macro__xdcDup__27: array__GB0, 
case__251: array__GB3, 
int8_pe__xdcDup__55: array__GB2, 
mul__xdcDup__36: array__GB1, 
case__32: array__GB1, 
dsp_macro_wrapper__xdcDup__37: array__GB2, 
datapath__2: top__GC0, 
int8_quad_mac__xdcDup__14: array__GB2, 
int8_quad_mac__xdcDup__25: array__GB0, 
case__163: array__GB2, 
case__159: array__GB2, 
dsp_macro__xdcDup__48: array__GB3, 
case__85: array__GB2, 
case__206: array__GB3, 
case__315: array__GB0, 
logic__303: array__GB3, 
case__277: array__GB2, 
case__185: array__GB0, 
dsp_macro__xdcDup__20: array__GB1, 
dsp_macro__xdcDup__21: array__GB2, 
int8_pe__xdcDup__45: array__GB2, 
case__98: array__GB0, 
case__361: top__GC0, 
dsp_macro__xdcDup__15: array__GB3, 
case__130: array__GB3, 
case__51: array__GB3, 
case__122: array__GB2, 
logic__72: array__GB3, 
case__191: array__GB1, 
int8_pe__xdcDup__13: array__GB2, 
case__80: array__GB2, 
logic__1: top__GC0, 
case__27: array__GB0, 
case__44: array__GB2, 
case__237: array__GB2, 
dsp_macro_wrapper: array__GB3, 
dsp_macro__xdcDup__31: array__GB3, 
case__177: array__GB0, 
logic__289: array__GB2, 
mem: top__GC0, 
dsp_macro_wrapper__xdcDup__50: array__GB0, 
dsp_macro_wrapper__xdcDup__29: array__GB2, 
int8_pe__xdcDup__7: array__GB3, 
dsp_macro_wrapper__xdcDup__12: array__GB1, 
int8_pe__xdcDup__25: array__GB0, 
case__358: top__GC0, 
case__200: array__GB2, 
case__324: array__GB2, 
int8_pe: array__GB3, 
case__268: array__GB0, 
logic__296: array__GB3, 
dsp_macro_wrapper__xdcDup__7: array__GB3, 
logic__100: array__GB0, 
dsp_macro_wrapper__xdcDup__9: array__GB0, 
case__172: array__GB3, 
case__153: array__GB1, 
mul__xdcDup__27: array__GB0, 
int8_quad_mac__xdcDup__47: array__GB3, 
case__36: array__GB2, 
mul__xdcDup__37: array__GB2, 
dsp_macro__xdcDup__35: array__GB0, 
case__131: array__GB3, 
mul__xdcDup__25: array__GB0, 
logic__422: array__GB2, 
int8_quad_mac__xdcDup__63: array__GB2, 
case__317: array__GB2, 
int8_pe__xdcDup__9: array__GB0, 
case__272: array__GB1, 
case__298: array__GB2, 
int8_pe__xdcDup__60: array__GB0, 
mul__xdcDup__58: array__GB0, 
case__319: array__GB2, 
datapath__3: top__GC0, 
case__78: array__GB2, 
case__104: array__GB0, 
dff_enbl: array__GB3, array__GB2, array__GB1, array__GB0, 
mul__xdcDup__8: array__GB3, 
case__68: array__GB0, 
case__149: array__GB0, 
case__201: array__GB2, 
datapath__4: top__GC0, 
add: array__GB3, array__GB2, array__GB1, array__GB0, 
case__259: array__GB0, 
case__187: array__GB0, 
case__146: array__GB0, 
case__145: array__GB0, 
logic__429: array__GB0, 
logic__380: array__GB0, 
logic__79: array__GB3, 
int8_pe__xdcDup__61: array__GB2, 
logic__37: array__GB0, 
int8_pe__xdcDup__22: array__GB2, 
array__GB1: array__GB1, 
case__263: array__GB0, 
dff__parameterized2: top__GC0, 
mul__xdcDup__6: array__GB2, 
logic__51: array__GB1, 
int8_quad_mac__xdcDup__56: array__GB3, 
case__108: array__GB0, 
int8_quad_mac__xdcDup__37: array__GB2, 
int8_pe__xdcDup__63: array__GB2, 
int8_quad_mac__xdcDup__26: array__GB0, 
dsp_macro_wrapper__xdcDup__61: array__GB2, 
case__7: top__GC0, 
case__96: array__GB0, 
logic__310: array__GB0, 
case__175: array__GB3, 
reg__8: array__GB3, array__GB2, array__GB1, array__GB0, 
case__23: array__GB0, 
dsp_macro__xdcDup__33: array__GB0, 
case__61: array__GB0, 
logic__317: array__GB0, 
case__211: array__GB3, 
dsp_macro_wrapper__xdcDup__54: array__GB2, 
case__271: array__GB1, 
case__314: array__GB0, 
dsp_macro_wrapper__xdcDup__46: array__GB2, 
case__86: array__GB3, 
logic__394: array__GB2, 
mul__xdcDup__10: array__GB0, 
int8_quad_mac__xdcDup__42: array__GB0, 
case__112: array__GB1, 
reg__1: top__GC0, 
logic__254: array__GB0, 
dsp_macro__xdcDup__37: array__GB2, 
case__343: top__GC0, 
mul__xdcDup__7: array__GB3, 
case__224: array__GB0, 
int8_pe__xdcDup__35: array__GB0, 
logic__359: array__GB3, 
int8_pe__xdcDup__24: array__GB3, 
case__306: array__GB0, 
logic__184: array__GB3, 
case__72: array__GB1, 
int8_quad_mac__xdcDup__62: array__GB2, 
case__292: array__GB3, 
dsp_macro__xdcDup__13: array__GB2, 
case__311: array__GB0, 
case__123: array__GB2, 
case__345: top__GC0, 
case: top__GC0, 
int8_pe__xdcDup__23: array__GB3, 
dsp_macro_wrapper__xdcDup__11: array__GB0, 
array__GB3: array__GB3, 
dsp_macro__xdcDup__60: array__GB0, 
case__354: top__GC0, 
dff__parameterized0: top__GC0, 
case__57: array__GB0, 
case__215: array__GB3, 
mul__xdcDup__31: array__GB3, 
int8_quad_mac__xdcDup__50: array__GB0, 
case__66: array__GB0, 
case__261: array__GB0, 
case__60: array__GB0, 
case__20: array__GB3, 
case__310: array__GB0, 
case__329: array__GB2, 
int8_pe__xdcDup__10: array__GB0, 
int8_pe__xdcDup__49: array__GB0, 
int8_quad_mac__xdcDup__2: array__GB0, 
case__151: array__GB1, 
case__335: array__GB3, 
int8_pe__xdcDup__62: array__GB2, 
dff__parameterized5: array__GB3, array__GB2, array__GB1, array__GB0, 
case__11: top__GC0, 
case__75: array__GB1, 
dsp_macro__xdcDup__56: array__GB3, 
case__65: array__GB0, 
dsp_macro__xdcDup__1: array__GB3, 
case__43: array__GB2, 
case__365: top__GC0, 
case__26: array__GB0, 
case__297: array__GB2, 
case__13: top__GC0, 
dsp_macro_wrapper__xdcDup__38: array__GB2, 
case__21: array__GB0, 
top__GC0: top__GC0, 
case__282: array__GB2, 
case__4: top__GC0, 
case__252: array__GB3, 
int8_pe__xdcDup__47: array__GB3, 
case__279: array__GB2, 
case__10: top__GC0, 
case__42: array__GB2, 
case__134: array__GB3, 
dsp_macro_wrapper__xdcDup__53: array__GB2, 
int8_quad_mac__xdcDup__21: array__GB2, 
case__8: top__GC0, 
logic__366: array__GB0, 
int8_pe__xdcDup__11: array__GB0, 
dsp_macro__xdcDup__7: array__GB3, 
int8_pe__xdcDup__28: array__GB1, 
case__63: array__GB0, 
case__233: array__GB1, 
logic__58: array__GB2, 
case__351: top__GC0, 
case__269: array__GB0, 
dsp_macro__xdcDup__18: array__GB0, 
dsp_macro__xdcDup__10: array__GB0, 
case__166: array__GB3, 
case__245: array__GB2, 
dff_enbl__parameterized0: array__GB3, array__GB2, array__GB1, array__GB0, 
dsp_macro__xdcDup__62: array__GB2, 
case__49: array__GB3, 
case__332: array__GB3, 
mul__xdcDup__44: array__GB1, 
dsp_macro_wrapper__xdcDup__47: array__GB3, 
case__235: array__GB1, 
case__208: array__GB3, 
int8_pe__xdcDup__36: array__GB1, 
mem__parameterized0: top__GC0, 
case__316: array__GB2, 
mul__xdcDup__12: array__GB1, 
logic__212: array__GB0, 
logic__436: array__GB0, 
int8_quad_mac__xdcDup__40: array__GB3, 
array__GB0: array__GB0, 
logic__450: array__GB2, 
logic__149: array__GB0, 
reg__7: array__GB3, array__GB2, array__GB1, array__GB0, 
case__247: array__GB3, 
int8_pe__xdcDup__31: array__GB3, 
case__73: array__GB1, 
case__150: array__GB0, 
int8_quad_mac__xdcDup__8: array__GB3, 
case__199: array__GB2, 
case__140: array__GB0, 
int8_pe__xdcDup__6: array__GB2, 
mul__xdcDup__62: array__GB2, 
int8_pe__xdcDup__1: array__GB3, 
case__302: array__GB0, 
case__225: array__GB0, 
case__82: array__GB2, 
int8_pe__xdcDup__48: array__GB3, 
case__167: array__GB3, 
int8_pe__xdcDup__29: array__GB2, 
case__69: array__GB0, 
mul__xdcDup__33: array__GB0, 
case__31: array__GB1, 
logic__163: array__GB1, 
case__53: array__GB3, 
dsp_macro_wrapper__xdcDup__23: array__GB3, 
mul__xdcDup__48: array__GB3, 
case__337: top__GC0, 
case__168: array__GB3, 
dsp_macro__xdcDup__23: array__GB3, 
dsp_macro__xdcDup__38: array__GB2, 
int8_pe__xdcDup__21: array__GB2, 
logic__345: array__GB2, 
dsp_macro_wrapper__xdcDup__39: array__GB3, 
case__5: top__GC0, 
case__218: array__GB0, 
case__360: top__GC0, 
mul__xdcDup__20: array__GB1, 
case__288: array__GB2, 
case__83: array__GB2, 
mul__xdcDup__30: array__GB2, 
int8_pe__xdcDup__42: array__GB0, 
case__250: array__GB3, 
mul__xdcDup__23: array__GB3, 
case__173: array__GB3, 
case__348: top__GC0, 
case__99: array__GB0, 
int8_quad_mac__xdcDup__45: array__GB2, 
int8_quad_mac__xdcDup__3: array__GB0, 
dsp_macro__xdcDup__4: array__GB1, 
case__301: array__GB0, 
case__114: array__GB1, 
dsp_macro__xdcDup__9: array__GB0, 
int8_quad_mac__xdcDup__58: array__GB0, 
dff__parameterized4: array__GB3, array__GB2, array__GB1, array__GB0, 
case__165: array__GB2, 
case__355: top__GC0, 
case__67: array__GB0, 
int8_quad_mac__xdcDup__51: array__GB0, 
int8_quad_mac__xdcDup__39: array__GB3, 
dsp_macro__xdcDup__57: array__GB2, 
case__81: array__GB2, 
case__46: array__GB3, 
case__347: top__GC0, 
case__273: array__GB1, 
case__106: array__GB0, 
case__210: array__GB3, 
mul__xdcDup__40: array__GB3, 
case__244: array__GB2, 
case__105: array__GB0, 
dsp_macro__xdcDup__46: array__GB2, 
case__213: array__GB3, 
case__296: array__GB2, 
case__207: array__GB3, 
logic__415: array__GB3, 
int8_quad_mac__xdcDup__27: array__GB0, 
int8_pe__xdcDup__8: array__GB3, 
case__186: array__GB0, 
case__135: array__GB3, 
int8_pe__xdcDup__51: array__GB0, 
case__230: array__GB0, 
dsp_macro_wrapper__xdcDup__48: array__GB3, 
dsp_macro_wrapper__xdcDup__22: array__GB2, 
mul__xdcDup__49: array__GB0, 
case__22: array__GB0, 
int8_pe__xdcDup__56: array__GB3, 
case__103: array__GB0, 
logic__191: array__GB3, 
case__125: array__GB2, 
case__129: array__GB3, 
case__257: array__GB0, 
case__236: array__GB2, 
int8_quad_mac__xdcDup__7: array__GB3, 
logic__471: array__GB3, 
case__19: array__GB3, array__GB2, array__GB1, array__GB0, 
logic__114: array__GB2, 
case__88: array__GB3, 
int8_quad_mac__xdcDup__30: array__GB2, 
datapath: top__GC0, 
case__121: array__GB2, 
case__226: array__GB0, 
case__305: array__GB0, 
logic__142: array__GB0, 
case__321: array__GB2, 
case__328: array__GB2, 
int8_quad_mac__xdcDup__9: array__GB0, 
case__232: array__GB1, 
case__367: top__GC0, 
case__39: array__GB2, 
dsp_macro_wrapper__xdcDup__60: array__GB0, 
dsp_macro__xdcDup__43: array__GB0, 
case__205: array__GB2, 
int8_quad_mac__xdcDup__33: array__GB0, 
case__188: array__GB0, 
case__76: array__GB2, 
int8_quad_mac__xdcDup__55: array__GB2, 
dsp_macro__xdcDup__52: array__GB1, 
case__344: top__GC0, 
case__170: array__GB3, 
dsp_macro__xdcDup__53: array__GB2, 
case__178: array__GB0, 
dsp_macro_wrapper__xdcDup__16: array__GB3, 
mul__xdcDup__38: array__GB2, 
dsp_macro_wrapper__xdcDup__55: array__GB2, 
int8_pe__xdcDup__57: array__GB2, 
case__197: array__GB2, 
int8_pe__xdcDup__44: array__GB1, 
case__258: array__GB0, 
